Component: ARM Compiler 5.06 update 7 (build 960) Tool: armlink [4d3601]

==============================================================================

Section Cross References

    startup_stm32f407xx.o(STACK) refers (Special) to heapauxi.o(.text) for __use_two_region_memory
    startup_stm32f407xx.o(HEAP) refers (Special) to heapauxi.o(.text) for __use_two_region_memory
    startup_stm32f407xx.o(RESET) refers (Special) to heapauxi.o(.text) for __use_two_region_memory
    startup_stm32f407xx.o(RESET) refers to startup_stm32f407xx.o(STACK) for __initial_sp
    startup_stm32f407xx.o(RESET) refers to startup_stm32f407xx.o(.text) for Reset_Handler
    startup_stm32f407xx.o(RESET) refers to stm32f4xx_it.o(i.NMI_Handler) for NMI_Handler
    startup_stm32f407xx.o(RESET) refers to stm32f4xx_it.o(i.HardFault_Handler) for HardFault_Handler
    startup_stm32f407xx.o(RESET) refers to stm32f4xx_it.o(i.MemManage_Handler) for MemManage_Handler
    startup_stm32f407xx.o(RESET) refers to stm32f4xx_it.o(i.BusFault_Handler) for BusFault_Handler
    startup_stm32f407xx.o(RESET) refers to stm32f4xx_it.o(i.UsageFault_Handler) for UsageFault_Handler
    startup_stm32f407xx.o(RESET) refers to stm32f4xx_it.o(i.SVC_Handler) for SVC_Handler
    startup_stm32f407xx.o(RESET) refers to stm32f4xx_it.o(i.DebugMon_Handler) for DebugMon_Handler
    startup_stm32f407xx.o(RESET) refers to stm32f4xx_it.o(i.PendSV_Handler) for PendSV_Handler
    startup_stm32f407xx.o(RESET) refers to stm32f4xx_it.o(i.SysTick_Handler) for SysTick_Handler
    startup_stm32f407xx.o(.text) refers (Special) to heapauxi.o(.text) for __use_two_region_memory
    startup_stm32f407xx.o(.text) refers to system_stm32f4xx.o(i.SystemInit) for SystemInit
    startup_stm32f407xx.o(.text) refers to __main.o(!!!main) for __main
    startup_stm32f407xx.o(.text) refers to startup_stm32f407xx.o(HEAP) for Heap_Mem
    startup_stm32f407xx.o(.text) refers to startup_stm32f407xx.o(STACK) for Stack_Mem
    main.o(i.SystemClock_Config) refers to rt_memclr_w.o(.text) for __aeabi_memclr4
    main.o(i.SystemClock_Config) refers to stm32f4xx_hal_rcc.o(i.HAL_RCC_OscConfig) for HAL_RCC_OscConfig
    main.o(i.SystemClock_Config) refers to stm32f4xx_hal_rcc.o(i.HAL_RCC_ClockConfig) for HAL_RCC_ClockConfig
    main.o(i.main) refers to _printf_percent.o(.ARM.Collect$$_printf_percent$$00000000) for _printf_percent
    main.o(i.main) refers to _printf_d.o(.ARM.Collect$$_printf_percent$$00000009) for _printf_d
    main.o(i.main) refers to _printf_dec.o(.text) for _printf_int_dec
    main.o(i.main) refers to stm32f4xx_hal.o(i.HAL_Init) for HAL_Init
    main.o(i.main) refers to main.o(i.SystemClock_Config) for SystemClock_Config
    main.o(i.main) refers to gpio.o(i.MX_GPIO_Init) for MX_GPIO_Init
    main.o(i.main) refers to adc.o(i.MX_ADC1_Init) for MX_ADC1_Init
    main.o(i.main) refers to rtc.o(i.MX_RTC_Init) for MX_RTC_Init
    main.o(i.main) refers to stm32f4xx_hal_gpio.o(i.HAL_GPIO_ReadPin) for HAL_GPIO_ReadPin
    main.o(i.main) refers to stm32f4xx_hal.o(i.HAL_Delay) for HAL_Delay
    main.o(i.main) refers to noretval__2printf.o(.text) for __2printf
    main.o(i.main) refers to stm32f4xx_hal_gpio.o(i.HAL_GPIO_WritePin) for HAL_GPIO_WritePin
    main.o(i.main) refers to stm32f4xx_hal_gpio.o(i.HAL_GPIO_TogglePin) for HAL_GPIO_TogglePin
    gpio.o(i.MX_GPIO_Init) refers to rt_memclr_w.o(.text) for __aeabi_memclr4
    gpio.o(i.MX_GPIO_Init) refers to stm32f4xx_hal_gpio.o(i.HAL_GPIO_WritePin) for HAL_GPIO_WritePin
    gpio.o(i.MX_GPIO_Init) refers to stm32f4xx_hal_gpio.o(i.HAL_GPIO_Init) for HAL_GPIO_Init
    adc.o(i.MX_ADC1_Init) refers to stm32f4xx_hal_adc.o(i.HAL_ADC_Init) for HAL_ADC_Init
    adc.o(i.MX_ADC1_Init) refers to main.o(i.Error_Handler) for Error_Handler
    adc.o(i.MX_ADC1_Init) refers to stm32f4xx_hal_adc.o(i.HAL_ADC_ConfigChannel) for HAL_ADC_ConfigChannel
    adc.o(i.MX_ADC1_Init) refers to adc.o(.bss) for .bss
    rtc.o(i.HAL_RTC_MspInit) refers to stm32f4xx_hal_rcc_ex.o(i.HAL_RCCEx_PeriphCLKConfig) for HAL_RCCEx_PeriphCLKConfig
    rtc.o(i.HAL_RTC_MspInit) refers to main.o(i.Error_Handler) for Error_Handler
    rtc.o(i.MX_RTC_Init) refers to rt_memclr_w.o(.text) for __aeabi_memclr4
    rtc.o(i.MX_RTC_Init) refers to stm32f4xx_hal_rtc.o(i.HAL_RTC_Init) for HAL_RTC_Init
    rtc.o(i.MX_RTC_Init) refers to main.o(i.Error_Handler) for Error_Handler
    rtc.o(i.MX_RTC_Init) refers to stm32f4xx_hal_rtc.o(i.HAL_RTC_SetTime) for HAL_RTC_SetTime
    rtc.o(i.MX_RTC_Init) refers to stm32f4xx_hal_rtc.o(i.HAL_RTC_SetDate) for HAL_RTC_SetDate
    rtc.o(i.MX_RTC_Init) refers to stm32f4xx_hal_rtc_ex.o(i.HAL_RTCEx_SetTamper) for HAL_RTCEx_SetTamper
    rtc.o(i.MX_RTC_Init) refers to rtc.o(.bss) for .bss
    stm32f4xx_it.o(i.SysTick_Handler) refers to stm32f4xx_hal.o(i.HAL_IncTick) for HAL_IncTick
    stm32f4xx_hal_adc.o(i.ADC_DMAConvCplt) refers to stm32f4xx_hal_adc.o(i.HAL_ADC_ErrorCallback) for HAL_ADC_ErrorCallback
[...]
    ../clib/angel/sysapp.c                   0x00000000   Number         0  sys_wrch.o ABSOLUTE
    ../clib/armsys.c                         0x00000000   Number         0  _get_argv.o ABSOLUTE
    ../clib/armsys.c                         0x00000000   Number         0  _get_argv_nomalloc.o ABSOLUTE
    ../clib/armsys.c                         0x00000000   Number         0  argv_veneer.o ABSOLUTE
    ../clib/armsys.c                         0x00000000   Number         0  argv_veneer.o ABSOLUTE
    ../clib/armsys.c                         0x00000000   Number         0  no_argv.o ABSOLUTE
    ../clib/assert.c                         0x00000000   Number         0  assert_stdio.o ABSOLUTE
    ../clib/heap1.c                          0x00000000   Number         0  h1_final_mt.o ABSOLUTE
    ../clib/heap1.c                          0x00000000   Number         0  h1_final.o ABSOLUTE
    ../clib/heap1.c                          0x00000000   Number         0  h1_extend_mt.o ABSOLUTE
    ../clib/heap1.c                          0x00000000   Number         0  h1_free_mt.o ABSOLUTE
    ../clib/heap1.c                          0x00000000   Number         0  h1_init_mt.o ABSOLUTE
    ../clib/heap1.c                          0x00000000   Number         0  h1_free.o ABSOLUTE
    ../clib/heap1.c                          0x00000000   Number         0  h1_alloc_mt.o ABSOLUTE
    ../clib/heap1.c                          0x00000000   Number         0  h1_alloc.o ABSOLUTE
    ../clib/heap1.c                          0x00000000   Number         0  h1_extend.o ABSOLUTE
    ../clib/heap1.c                          0x00000000   Number         0  h1_init.o ABSOLUTE
    ../clib/heap2.c                          0x00000000   Number         0  fdtree.o ABSOLUTE
    ../clib/heap2.c                          0x00000000   Number         0  heap2.o ABSOLUTE
    ../clib/heap2.c                          0x00000000   Number         0  heap2mt.o ABSOLUTE
    ../clib/heapalloc.c                      0x00000000   Number         0  heapstubs.o ABSOLUTE
    ../clib/heapalloc.c                      0x00000000   Number         0  maybetermalloc2.o ABSOLUTE
    ../clib/heapalloc.c                      0x00000000   Number         0  term_alloc.o ABSOLUTE
    ../clib/heapalloc.c                      0x00000000   Number         0  maybetermalloc2.o ABSOLUTE
    ../clib/heapalloc.c                      0x00000000   Number         0  hrguard.o ABSOLUTE
    ../clib/heapalloc.c                      0x00000000   Number         0  maybetermalloc1.o ABSOLUTE
    ../clib/heapalloc.c                      0x00000000   Number         0  malloc.o ABSOLUTE
    ../clib/heapalloc.c                      0x00000000   Number         0  free.o ABSOLUTE
    ../clib/heapalloc.c                      0x00000000   Number         0  init_alloc.o ABSOLUTE
    ../clib/heapalloc.c                      0x00000000   Number         0  maybetermalloc1.o ABSOLUTE
    ../clib/heapalloc.c                      0x00000000   Number         0  hguard.o ABSOLUTE
    ../clib/heapaux.c                        0x00000000   Number         0  heapauxa.o ABSOLUTE
    ../clib/heapaux.c                        0x00000000   Number         0  heapauxi.o ABSOLUTE
    ../clib/libinit.s                        0x00000000   Number         0  libinit2.o ABSOLUTE
    ../clib/libinit.s                        0x00000000   Number         0  libshutdown2.o ABSOLUTE
    ../clib/libinit.s                        0x00000000   Number         0  libshutdown.o ABSOLUTE
    ../clib/libinit.s                        0x00000000   Number         0  libinit.o ABSOLUTE
    ../clib/longlong.s                       0x00000000   Number         0  lludivv7m.o ABSOLUTE
    ../clib/memcpset.s                       0x00000000   Number         0  rt_memclr_w.o ABSOLUTE
    ../clib/memcpset.s                       0x00000000   Number         0  rt_memcpy_v6.o ABSOLUTE
    ../clib/memcpset.s                       0x00000000   Number         0  rt_memcpy_w.o ABSOLUTE
    ../clib/memcpset.s                       0x00000000   Number         0  strcmpv7m.o ABSOLUTE
    ../clib/printf.c                         0x00000000   Number         0  _printf_char_file_locked.o ABSOLUTE
    ../clib/printf.c                         0x00000000   Number         0  _printf_char_common.o ABSOLUTE
    ../clib/printf.c                         0x00000000   Number         0  __printf_ss.o ABSOLUTE
    ../clib/printf.c                         0x00000000   Number         0  __2printf.o ABSOLUTE
    ../clib/printf.c                         0x00000000   Number         0  noretval__2printf.o ABSOLUTE
    ../clib/printf.c                         0x00000000   Number         0  __printf.o ABSOLUTE
    ../clib/printf.c                         0x00000000   Number         0  _printf_dec.o ABSOLUTE
    ../clib/printf.c                         0x00000000   Number         0  __printf_flags.o ABSOLUTE
    ../clib/printf.c                         0x00000000   Number         0  __printf_flags_ss.o ABSOLUTE
    ../clib/printf.c                         0x00000000   Number         0  __printf_wp.o ABSOLUTE
    ../clib/printf.c                         0x00000000   Number         0  __printf_flags_wp.o ABSOLUTE
    ../clib/printf.c                         0x00000000   Number         0  __printf_ss_wp.o ABSOLUTE
    ../clib/printf.c                         0x00000000   Number         0  __printf_flags_ss_wp.o ABSOLUTE
    ../clib/printf.c                         0x00000000   Number         0  _printf_intcommon.o ABSOLUTE
    ../clib/printf.c                         0x00000000   Number         0  _printf_char_file.o ABSOLUTE
    ../clib/printf.c                         0x00000000   Number         0  __printf_nopercent.o ABSOLUTE
    ../clib/printf_percent.s                 0x00000000   Number         0  _printf_d.o ABSOLUTE
    ../clib/printf_percent.s                 0x00000000   Number         0  _printf_percent_end.o ABSOLUTE
    ../clib/printf_percent.s                 0x00000000   Number         0  _printf_percent.o ABSOLUTE
    ../clib/signal.c                         0x00000000   Number         0  __raise.o ABSOLUTE
    ../clib/signal.c                         0x00000000   Number         0  defsig_cppl_inner.o ABSOLUTE
    ../clib/signal.c                         0x00000000   Number         0  defsig_rtmem_inner.o ABSOLUTE
    ../clib/signal.c                         0x00000000   Number         0  defsig_pvfn_inner.o ABSOLUTE
    ../clib/signal.c                         0x00000000   Number         0  defsig_stak_inner.o ABSOLUTE
    ../clib/signal.c                         0x00000000   Number         0  defsig_abrt_inner.o ABSOLUTE
    ../clib/signal.c                         0x00000000   Number         0  defsig_rtred_inner.o ABSOLUTE
    ../clib/signal.c                         0x00000000   Number         0  defsig_rtmem_formal.o ABSOLUTE
    ../clib/signal.c                         0x00000000   Number         0  defsig_rtmem_outer.o ABSOLUTE
    ../clib/signal.c                         0x00000000   Number         0  defsig_rtred_formal.o ABSOLUTE
    ../clib/signal.c                         0x00000000   Number         0  defsig_fpe_outer.o ABSOLUTE
    ../clib/signal.c                         0x00000000   Number         0  defsig_exit.o ABSOLUTE
    ../clib/signal.c                         0x00000000   Number         0  defsig_fpe_formal.o ABSOLUTE
    ../clib/signal.c                         0x00000000   Number         0  defsig_rtred_outer.o ABSOLUTE
    ../clib/signal.c                         0x00000000   Number         0  defsig_fpe_inner.o ABSOLUTE
    ../clib/signal.c                         0x00000000   Number         0  defsig_other.o ABSOLUTE
    ../clib/signal.c                         0x00000000   Number         0  defsig_segv_inner.o ABSOLUTE
    ../clib/signal.c                         0x00000000   Number         0  defsig_general.o ABSOLUTE
    ../clib/signal.s                         0x00000000   Number         0  defsig.o ABSOLUTE
    ../clib/stdio.c                          0x00000000   Number         0  fseek.o ABSOLUTE
    ../clib/stdio.c                          0x00000000   Number         0  initio_locked.o ABSOLUTE
    ../clib/stdio.c                          0x00000000   Number         0  ferror_locked.o ABSOLUTE
    ../clib/stdio.c                          0x00000000   Number         0  fputc_locked.o ABSOLUTE
    ../clib/stdio.c                          0x00000000   Number         0  initio.o ABSOLUTE
    ../clib/stdio.c                          0x00000000   Number         0  fputc.o ABSOLUTE
    ../clib/stdio.c                          0x00000000   Number         0  fflush_locked.o ABSOLUTE
    ../clib/stdio.c                          0x00000000   Number         0  fputs_locked.o ABSOLUTE
    ../clib/stdio.c                          0x00000000   Number         0  ftell.o ABSOLUTE
    ../clib/stdio.c                          0x00000000   Number         0  ferror.o ABSOLUTE
    ../clib/stdio.c                          0x00000000   Number         0  fputs.o ABSOLUTE
    ../clib/stdio.c                          0x00000000   Number         0  fopen_locked.o ABSOLUTE
    ../clib/stdio.c                          0x00000000   Number         0  fflush.o ABSOLUTE
    ../clib/stdio.c                          0x00000000   Number         0  stdio.o ABSOLUTE
    ../clib/stdio.c                          0x00000000   Number         0  fwritefast.o ABSOLUTE
    ../clib/stdio.c                          0x00000000   Number         0  setvbuf_locked.o ABSOLUTE
    ../clib/stdio.c                          0x00000000   Number         0  fclose.o ABSOLUTE
    ../clib/stdio.c                          0x00000000   Number         0  fopen.o ABSOLUTE
    ../clib/stdio.c                          0x00000000   Number         0  fwritefast_locked.o ABSOLUTE
    ../clib/stdio.c                          0x00000000   Number         0  setvbuf.o ABSOLUTE
    ../clib/stdio.c                          0x00000000   Number         0  flsbuf.o ABSOLUTE
    ../clib/stdio.c                          0x00000000   Number         0  streamlock.o ABSOLUTE
    ../clib/stdio.c                          0x00000000   Number         0  stdio_streams.o ABSOLUTE
    ../clib/stdlib.c                         0x00000000   Number         0  exit.o ABSOLUTE
    ../clib/wchar.c                          0x00000000   Number         0  flsbuf_fwide.o ABSOLUTE
    ../fplib/fpinit.s                        0x00000000   Number         0  fpinit.o ABSOLUTE
    ..\Core\Src\adc.c                        0x00000000   Number         0  adc.o ABSOLUTE
    ..\Core\Src\gpio.c                       0x00000000   Number         0  gpio.o ABSOLUTE
    ..\Core\Src\main.c                       0x00000000   Number         0  main.o ABSOLUTE
    ..\Core\Src\rtc.c                        0x00000000   Number         0  rtc.o ABSOLUTE
    ..\Core\Src\stm32f4xx_hal_msp.c          0x00000000   Number         0  stm32f4xx_hal_msp.o ABSOLUTE
    ..\Core\Src\stm32f4xx_it.c               0x00000000   Number         0  stm32f4xx_it.o ABSOLUTE
    ..\Core\Src\system_stm32f4xx.c           0x00000000   Number         0  system_stm32f4xx.o ABSOLUTE
    ..\Drivers\STM32F4xx_HAL_Driver\Src\stm32f4xx_hal.c 0x00000000   Number         0  stm32f4xx_hal.o ABSOLUTE
    ..\Drivers\STM32F4xx_HAL_Driver\Src\stm32f4xx_hal_adc.c 0x00000000   Number         0  stm32f4xx_hal_adc.o ABSOLUTE
    ..\Drivers\STM32F4xx_HAL_Driver\Src\stm32f4xx_hal_adc_ex.c 0x00000000   Number         0  stm32f4xx_hal_adc_ex.o ABSOLUTE
    ..\Drivers\STM32F4xx_HAL_Driver\Src\stm32f4xx_hal_cortex.c 0x00000000   Number         0  stm32f4xx_hal_cortex.o ABSOLUTE
    ..\Drivers\STM32F4xx_HAL_Driver\Src\stm32f4xx_hal_dma.c 0x00000000   Number         0  stm32f4xx_hal_dma.o ABSOLUTE
    ..\Drivers\STM32F4xx_HAL_Driver\Src\stm32f4xx_hal_dma_ex.c 0x00000000   Number         0  stm32f4xx_hal_dma_ex.o ABSOLUTE
    ..\Drivers\STM32F4xx_HAL_Driver\Src\stm32f4xx_hal_exti.c 0x00000000   Number         0  stm32f4xx_hal_exti.o ABSOLUTE
    ..\Drivers\STM32F4xx_HAL_Driver\Src\stm32f4xx_hal_flash.c 0x00000000   Number         0  stm32f4xx_hal_flash.o ABSOLUTE
    ..\Drivers\STM32F4xx_HAL_Driver\Src\stm32f4xx_hal_flash_ex.c 0x00000000   Number         0  stm32f4xx_hal_flash_ex.o ABSOLUTE
    ..\Drivers\STM32F4xx_HAL_Driver\Src\stm32f4xx_hal_flash_ramfunc.c 0x00000000   Number         0  stm32f4xx_hal_flash_ramfunc.o ABSOLUTE
    ..\Drivers\STM32F4xx_HAL_Driver\Src\stm32f4xx_hal_gpio.c 0x00000000   Number         0  stm32f4xx_hal_gpio.o ABSOLUTE
    ..\Drivers\STM32F4xx_HAL_Driver\Src\stm32f4xx_hal_pwr.c 0x00000000   Number         0  stm32f4xx_hal_pwr.o ABSOLUTE
    ..\Drivers\STM32F4xx_HAL_Driver\Src\stm32f4xx_hal_pwr_ex.c 0x00000000   Number         0  stm32f4xx_hal_pwr_ex.o ABSOLUTE
    ..\Drivers\STM32F4xx_HAL_Driver\Src\stm32f4xx_hal_rcc.c 0x00000000   Number         0  stm32f4xx_hal_rcc.o ABSOLUTE
    ..\Drivers\STM32F4xx_HAL_Driver\Src\stm32f4xx_hal_rcc_ex.c 0x00000000   Number         0  stm32f4xx_hal_rcc_ex.o ABSOLUTE
    ..\Drivers\STM32F4xx_HAL_Driver\Src\stm32f4xx_hal_rtc.c 0x00000000   Number         0  stm32f4xx_hal_rtc.o ABSOLUTE
    ..\Drivers\STM32F4xx_HAL_Driver\Src\stm32f4xx_hal_rtc_ex.c 0x00000000   Number         0  stm32f4xx_hal_rtc_ex.o ABSOLUTE
    ..\Drivers\STM32F4xx_HAL_Driver\Src\stm32f4xx_hal_tim.c 0x00000000   Number         0  stm32f4xx_hal_tim.o ABSOLUTE
    ..\Drivers\STM32F4xx_HAL_Driver\Src\stm32f4xx_hal_tim_ex.c 0x00000000   Number         0  stm32f4xx_hal_tim_ex.o ABSOLUTE
    C:/Users/bang.nguyen-duy/AppData/Local/Arm/Packs/Keil/ARM_Compiler/1.7.2/Source/retarget_io.c 0x00000000   Number         0  retarget_io.o ABSOLUTE
    dc.s                                     0x00000000   Number         0  dc.o ABSOLUTE
    startup_stm32f407xx.s                    0x00000000   Number         0  startup_stm32f407xx.o ABSOLUTE
    RESET                                    0x08000000   Section      392  startup_stm32f407xx.o(RESET)
    !!!main                                  0x08000188   Section        8  __main.o(!!!main)
    !!!scatter                               0x08000190   Section       52  __scatter.o(!!!scatter)
    !!handler_copy                           0x080001c4   Section       26  __scatter_copy.o(!!handler_copy)
    !!handler_zi                             0x080001e0   Section       28  __scatter_zi.o(!!handler_zi)
    .ARM.Collect$$_printf_percent$$00000000  0x080001fc   Section        0  _printf_percent.o(.ARM.Collect$$_printf_percent$$00000000)
    .ARM.Collect$$_printf_percent$$00000009  0x080001fc   Section        6  _printf_d.o(.ARM.Collect$$_printf_percent$$00000009)
    .ARM.Collect$$_printf_percent$$00000017  0x08000202   Section        4  _printf_percent_end.o(.ARM.Collect$$_printf_percent$$00000017)
    .ARM.Collect$$libinit$$00000000          0x08000206   Section        2  libinit.o(.ARM.Collect$$libinit$$00000000)
    .ARM.Collect$$libinit$$00000001          0x08000208   Section        4  libinit2.o(.ARM.Collect$$libinit$$00000001)
    .ARM.Collect$$libinit$$00000004          0x0800020c   Section        0  libinit2.o(.ARM.Collect$$libinit$$00000004)
    .ARM.Collect$$libinit$$00000005          0x0800020c   Section        8  libinit2.o(.ARM.Collect$$libinit$$00000005)
    .ARM.Collect$$libinit$$0000000A          0x08000214   Section        0  libinit2.o(.ARM.Collect$$libinit$$0000000A)
    .ARM.Collect$$libinit$$0000000C          0x08000214   Section        0  libinit2.o(.ARM.Collect$$libinit$$0000000C)
    .ARM.Collect$$libinit$$0000000E          0x08000214   Section        0  libinit2.o(.ARM.Collect$$libinit$$0000000E)
    .ARM.Collect$$libinit$$00000011          0x08000214   Section        0  libinit2.o(.ARM.Collect$$libinit$$00000011)
    .ARM.Collect$$libinit$$00000013          0x08000214   Section        0  libinit2.o(.ARM.Collect$$libinit$$00000013)
    .ARM.Collect$$libinit$$00000015          0x08000214   Section        0  libinit2.o(.ARM.Collect$$libinit$$00000015)
    .ARM.Collect$$libinit$$00000017          0x08000214   Section        0  libinit2.o(.ARM.Collect$$libinit$$00000017)
    .ARM.Collect$$libinit$$00000019          0x08000214   Section        0  libinit2.o(.ARM.Collect$$libinit$$00000019)
    .ARM.Collect$$libinit$$0000001B          0x08000214   Section        0  libinit2.o(.ARM.Collect$$libinit$$0000001B)
    .ARM.Collect$$libinit$$0000001D          0x08000214   Section        0  libinit2.o(.ARM.Collect$$libinit$$0000001D)
    .ARM.Collect$$libinit$$0000001F          0x08000214   Section        0  libinit2.o(.ARM.Collect$$libinit$$0000001F)
    .ARM.Collect$$libinit$$00000021          0x08000214   Section        0  libinit2.o(.ARM.Collect$$libinit$$00000021)
    .ARM.Collect$$libinit$$00000023          0x08000214   Section        0  libinit2.o(.ARM.Collect$$libinit$$00000023)
    .ARM.Collect$$libinit$$00000024          0x08000214   Section        4  libinit2.o(.ARM.Collect$$libinit$$00000024)
    .ARM.Collect$$libinit$$00000025          0x08000218   Section        0  libinit2.o(.ARM.Collect$$libinit$$00000025)
    .ARM.Collect$$libinit$$0000002C          0x08000218   Section        0  libinit2.o(.ARM.Collect$$libinit$$0000002C)
    .ARM.Collect$$libinit$$0000002E          0x08000218   Section        0  libinit2.o(.ARM.Collect$$libinit$$0000002E)
    .ARM.Collect$$libinit$$00000030          0x08000218   Section        0  libinit2.o(.ARM.Collect$$libinit$$00000030)
    .ARM.Collect$$libinit$$00000032          0x08000218   Section        0  libinit2.o(.ARM.Collect$$libinit$$00000032)
    .ARM.Collect$$libinit$$00000033          0x08000218   Section        2  libinit2.o(.ARM.Collect$$libinit$$00000033)
    .ARM.Collect$$libshutdown$$00000000      0x0800021a   Section        2  libshutdown.o(.ARM.Collect$$libshutdown$$00000000)
    .ARM.Collect$$libshutdown$$00000002      0x0800021c   Section        0  libshutdown2.o(.ARM.Collect$$libshutdown$$00000002)
    .ARM.Collect$$libshutdown$$00000004      0x0800021c   Section        0  libshutdown2.o(.ARM.Collect$$libshutdown$$00000004)
    .ARM.Collect$$libshutdown$$00000005      0x0800021c   Section        4  libshutdown2.o(.ARM.Collect$$libshutdown$$00000005)
    .ARM.Collect$$libshutdown$$00000006      0x08000220   Section        0  libshutdown2.o(.ARM.Collect$$libshutdown$$00000006)
    .ARM.Collect$$libshutdown$$00000009      0x08000220   Section        0  libshutdown2.o(.ARM.Collect$$libshutdown$$00000009)
    .ARM.Collect$$libshutdown$$0000000C      0x08000220   Section        0  libshutdown2.o(.ARM.Collect$$libshutdown$$0000000C)
    .ARM.Collect$$libshutdown$$0000000E      0x08000220   Section        0  libshutdown2.o(.ARM.Collect$$libshutdown$$0000000E)
    .ARM.Collect$$libshutdown$$00000011      0x08000220   Section        0  libshutdown2.o(.ARM.Collect$$libshutdown$$00000011)
    .ARM.Collect$$libshutdown$$00000012      0x08000220   Section        2  libshutdown2.o(.ARM.Collect$$libshutdown$$00000012)
    .ARM.Collect$$rtentry$$00000000          0x08000222   Section        0  __rtentry.o(.ARM.Collect$$rtentry$$00000000)
    .ARM.Collect$$rtentry$$00000002          0x08000222   Section        0  __rtentry2.o(.ARM.Collect$$rtentry$$00000002)
    .ARM.Collect$$rtentry$$00000004          0x08000222   Section        6  __rtentry4.o(.ARM.Collect$$rtentry$$00000004)
    .ARM.Collect$$rtentry$$00000009          0x08000228   Section        0  __rtentry2.o(.ARM.Collect$$rtentry$$00000009)
    .ARM.Collect$$rtentry$$0000000A          0x08000228   Section        4  __rtentry2.o(.ARM.Collect$$rtentry$$0000000A)
    .ARM.Collect$$rtentry$$0000000C          0x0800022c   Section        0  __rtentry2.o(.ARM.Collect$$rtentry$$0000000C)
    .ARM.Collect$$rtentry$$0000000D          0x0800022c   Section        8  __rtentry2.o(.ARM.Collect$$rtentry$$0000000D)
    .ARM.Collect$$rtexit$$00000000           0x08000234   Section        2  rtexit.o(.ARM.Collect$$rtexit$$00000000)
    .ARM.Collect$$rtexit$$00000002           0x08000236   Section        0  rtexit2.o(.ARM.Collect$$rtexit$$00000002)
    .ARM.Collect$$rtexit$$00000003           0x08000236   Section        4  rtexit2.o(.ARM.Collect$$rtexit$$00000003)
    .ARM.Collect$$rtexit$$00000004           0x0800023a   Section        6  rtexit2.o(.ARM.Collect$$rtexit$$00000004)
    .emb_text                                0x08000240   Section        0  maybetermalloc1.o(.emb_text)
    .text                                    0x08000240   Section       64  startup_stm32f407xx.o(.text)
    $v0                                      0x08000240   Number         0  startup_stm32f407xx.o(.text)
    .text                                    0x08000280   Section      238  lludivv7m.o(.text)
    .text                                    0x08000370   Section        0  noretval__2printf.o(.text)
    .text                                    0x08000388   Section        0  __printf.o(.text)
    .text                                    0x080003f0   Section        0  _printf_dec.o(.text)
    .text                                    0x08000468   Section       78  rt_memclr_w.o(.text)
    .text                                    0x080004b8   Section      128  strcmpv7m.o(.text)
    .text                                    0x08000538   Section        0  heapauxi.o(.text)
    .text                                    0x0800053e   Section        0  _printf_intcommon.o(.text)
    .text                                    0x080005f0   Section        0  _printf_char_file.o(.text)
    .text                                    0x08000614   Section        0  _printf_char_common.o(.text)
    _printf_input_char                       0x08000615   Thumb Code    10  _printf_char_common.o(.text)
    .text                                    0x08000644   Section        0  ferror.o(.text)
    .text                                    0x0800064c   Section        0  initio.o(.text)
    .text                                    0x08000784   Section       74  sys_stackheap_outer.o(.text)
    .text                                    0x080007ce   Section        0  h1_free.o(.text)
    .text                                    0x0800081c   Section        0  flsbuf.o(.text)
    .text                                    0x080009f2   Section        0  setvbuf.o(.text)
    .text                                    0x08000a38   Section        0  fopen.o(.text)
    _freopen_locked                          0x08000a39   Thumb Code     0  fopen.o(.text)
    .text                                    0x08000b24   Section        0  fclose.o(.text)
    .text                                    0x08000b70   Section        0  exit.o(.text)
    .text                                    0x08000b82   Section        0  defsig_rtred_outer.o(.text)
    .text                                    0x08000b90   Section        8  libspace.o(.text)
    .text                                    0x08000b98   Section        8  rt_heap_descriptor_intlibspace.o(.text)
    .text                                    0x08000ba0   Section        0  hguard.o(.text)
    .text                                    0x08000ba4   Section        0  init_alloc.o(.text)
    .text                                    0x08000c2e   Section        0  h1_alloc.o(.text)
    .text                                    0x08000c8c   Section        0  fseek.o(.text)
    .text                                    0x08000d84   Section        0  stdio.o(.text)
    .text                                    0x08000e74   Section        0  defsig_exit.o(.text)
    .text                                    0x08000e80   Section        0  defsig_rtred_inner.o(.text)
    .text                                    0x08000eb4   Section        0  sys_exit.o(.text)
    .text                                    0x08000ec0   Section        0  h1_init.o(.text)
    .text                                    0x08000ece   Section        0  h1_extend.o(.text)
    .text                                    0x08000f02   Section        0  ftell.o(.text)
    .text                                    0x08000f44   Section        0  defsig_general.o(.text)
    .text                                    0x08000f76   Section        0  defsig_rtmem_outer.o(.text)
    .text                                    0x08000f84   Section        0  sys_wrch.o(.text)
    .text                                    0x08000f92   Section        2  use_no_semi.o(.text)
    .text                                    0x08000f94   Section        0  indicate_semi.o(.text)
    .text                                    0x08000f94   Section        8  rt_errno_addr_intlibspace.o(.text)
    .text                                    0x08000f9c   Section        0  defsig_rtmem_inner.o(.text)
    i.ADC_Init                               0x08000fec   Section        0  stm32f4xx_hal_adc.o(i.ADC_Init)
    ADC_Init                                 0x08000fed   Thumb Code   284  stm32f4xx_hal_adc.o(i.ADC_Init)
    i.BusFault_Handler                       0x08001114   Section        0  stm32f4xx_it.o(i.BusFault_Handler)
    i.DebugMon_Handler                       0x08001116   Section        0  stm32f4xx_it.o(i.DebugMon_Handler)
    i.Error_Handler                          0x08001118   Section        0  main.o(i.Error_Handler)
    i.HAL_ADC_ConfigChannel                  0x0800111c   Section        0  stm32f4xx_hal_adc.o(i.HAL_ADC_ConfigChannel)
    i.HAL_ADC_Init                           0x08001268   Section        0  stm32f4xx_hal_adc.o(i.HAL_ADC_Init)
    i.HAL_ADC_MspInit                        0x080012bc   Section        0  adc.o(i.HAL_ADC_MspInit)
    i.HAL_Delay                              0x080012e4   Section        0  stm32f4xx_hal.o(i.HAL_Delay)
    i.HAL_GPIO_Init                          0x08001308   Section        0  stm32f4xx_hal_gpio.o(i.HAL_GPIO_Init)
    i.HAL_GPIO_ReadPin                       0x080014f8   Section        0  stm32f4xx_hal_gpio.o(i.HAL_GPIO_ReadPin)
    i.HAL_GPIO_TogglePin                     0x08001502   Section        0  stm32f4xx_hal_gpio.o(i.HAL_GPIO_TogglePin)
    i.HAL_GPIO_WritePin                      0x08001512   Section        0  stm32f4xx_hal_gpio.o(i.HAL_GPIO_WritePin)
    i.HAL_GetTick                            0x0800151c   Section        0  stm32f4xx_hal.o(i.HAL_GetTick)
    i.HAL_IncTick                            0x08001528   Section        0  stm32f4xx_hal.o(i.HAL_IncTick)
    i.HAL_Init                               0x08001538   Section        0  stm32f4xx_hal.o(i.HAL_Init)
    i.HAL_InitTick                           0x0800156c   Section        0  stm32f4xx_hal.o(i.HAL_InitTick)
    i.HAL_MspInit                            0x080015ac   Section        0  stm32f4xx_hal_msp.o(i.HAL_MspInit)
    i.HAL_NVIC_SetPriority                   0x080015dc   Section        0  stm32f4xx_hal_cortex.o(i.HAL_NVIC_SetPriority)
    i.HAL_NVIC_SetPriorityGrouping           0x0800161c   Section        0  stm32f4xx_hal_cortex.o(i.HAL_NVIC_SetPriorityGrouping)
    i.HAL_RCCEx_PeriphCLKConfig              0x08001640   Section        0  stm32f4xx_hal_rcc_ex.o(i.HAL_RCCEx_PeriphCLKConfig)
    i.HAL_RCC_ClockConfig                    0x0800177c   Section        0  stm32f4xx_hal_rcc.o(i.HAL_RCC_ClockConfig)
    i.HAL_RCC_GetSysClockFreq                0x080018b0   Section        0  stm32f4xx_hal_rcc.o(i.HAL_RCC_GetSysClockFreq)
    i.HAL_RCC_OscConfig                      0x08001910   Section        0  stm32f4xx_hal_rcc.o(i.HAL_RCC_OscConfig)
    i.HAL_RTCEx_SetTamper                    0x08001c7c   Section        0  stm32f4xx_hal_rtc_ex.o(i.HAL_RTCEx_SetTamper)
    i.HAL_RTC_Init                           0x08001cd8   Section        0  stm32f4xx_hal_rtc.o(i.HAL_RTC_Init)
    i.HAL_RTC_MspInit                        0x08001d64   Section        0  rtc.o(i.HAL_RTC_MspInit)
    i.HAL_RTC_SetDate                        0x08001d9c   Section        0  stm32f4xx_hal_rtc.o(i.HAL_RTC_SetDate)
    i.HAL_RTC_SetTime                        0x08001e34   Section        0  stm32f4xx_hal_rtc.o(i.HAL_RTC_SetTime)
    i.HAL_RTC_WaitForSynchro                 0x08001ef4   Section        0  stm32f4xx_hal_rtc.o(i.HAL_RTC_WaitForSynchro)
    i.HAL_SYSTICK_Config                     0x08001f2a   Section        0  stm32f4xx_hal_cortex.o(i.HAL_SYSTICK_Config)
    i.HardFault_Handler                      0x08001f52   Section        0  stm32f4xx_it.o(i.HardFault_Handler)
    i.ITM_SendChar                           0x08001f54   Section        0  retarget_io.o(i.ITM_SendChar)
    i.MX_ADC1_Init                           0x08001f78   Section        0  adc.o(i.MX_ADC1_Init)
    i.MX_GPIO_Init                           0x08001fdc   Section        0  gpio.o(i.MX_GPIO_Init)
    i.MX_RTC_Init                            0x0800208c   Section        0  rtc.o(i.MX_RTC_Init)
    i.MemManage_Handler                      0x08002134   Section        0  stm32f4xx_it.o(i.MemManage_Handler)
    i.NMI_Handler                            0x08002136   Section        0  stm32f4xx_it.o(i.NMI_Handler)
    i.PendSV_Handler                         0x08002138   Section        0  stm32f4xx_it.o(i.PendSV_Handler)
    i.RTC_ByteToBcd2                         0x0800213a   Section        0  stm32f4xx_hal_rtc.o(i.RTC_ByteToBcd2)
    i.RTC_EnterInitMode                      0x08002154   Section        0  stm32f4xx_hal_rtc.o(i.RTC_EnterInitMode)
    i.RTC_ExitInitMode                       0x0800219c   Section        0  stm32f4xx_hal_rtc.o(i.RTC_ExitInitMode)
    i.SVC_Handler                            0x080021c6   Section        0  stm32f4xx_it.o(i.SVC_Handler)
    i.SysTick_Handler                        0x080021c8   Section        0  stm32f4xx_it.o(i.SysTick_Handler)
    i.SystemClock_Config                     0x080021cc   Section        0  main.o(i.SystemClock_Config)
    i.SystemInit                             0x08002264   Section        0  system_stm32f4xx.o(i.SystemInit)
    i.UsageFault_Handler                     0x08002274   Section        0  stm32f4xx_it.o(i.UsageFault_Handler)
    i.__NVIC_SetPriority                     0x08002276   Section        0  stm32f4xx_hal_cortex.o(i.__NVIC_SetPriority)
    __NVIC_SetPriority                       0x08002277   Thumb Code    32  stm32f4xx_hal_cortex.o(i.__NVIC_SetPriority)
    i._sys_close                             0x08002296   Section        0  retarget_io.o(i._sys_close)
    i._sys_flen                              0x080022ae   Section        0  retarget_io.o(i._sys_flen)
    i._sys_istty                             0x080022ba   Section        0  retarget_io.o(i._sys_istty)
    i._sys_open                              0x080022d4   Section        0  retarget_io.o(i._sys_open)
    i._sys_seek                              0x08002330   Section        0  retarget_io.o(i._sys_seek)
    i._sys_write                             0x08002336   Section        0  retarget_io.o(i._sys_write)
    i.fputc                                  0x08002372   Section        0  fputc.o(i.fputc)
    i.main                                   0x0800238c   Section        0  main.o(i.main)
    x$fpl$fpinit                             0x0800249c   Section       10  fpinit.o(x$fpl$fpinit)
    $v0                                      0x0800249c   Number         0  fpinit.o(x$fpl$fpinit)
    .constdata                               0x080024a6   Section       16  system_stm32f4xx.o(.constdata)
    .constdata                               0x080024b6   Section        7  retarget_io.o(.constdata)
    .constdata                               0x080024bd   Section        8  retarget_io.o(.constdata)
    .constdata                               0x080024c5   Section        8  retarget_io.o(.constdata)
    .data                                    0x20000000   Section       12  stm32f4xx_hal.o(.data)
    .data                                    0x2000000c   Section        4  system_stm32f4xx.o(.data)
    .data                                    0x20000010   Section        4  stdio_streams.o(.data)
    .data                                    0x20000014   Section        4  stdio_streams.o(.data)
    .data                                    0x20000018   Section        4  stdio_streams.o(.data)
    .bss                                     0x2000001c   Section       72  adc.o(.bss)
    .bss                                     0x20000064   Section       32  rtc.o(.bss)
    .bss                                     0x20000084   Section       84  stdio_streams.o(.bss)
    .bss                                     0x200000d8   Section       84  stdio_streams.o(.bss)
    .bss                                     0x2000012c   Section       84  stdio_streams.o(.bss)
    .bss                                     0x20000180   Section       96  libspace.o(.bss)
    HEAP                                     0x200001e0   Section      512  startup_stm32f407xx.o(HEAP)
    Heap_Mem                                 0x200001e0   Data         512  startup_stm32f407xx.o(HEAP)
    STACK                                    0x200003e0   Section     1024  startup_stm32f407xx.o(STACK)
    Stack_Mem                                0x200003e0   Data        1024  startup_stm32f407xx.o(STACK)
    __initial_sp                             0x200007e0   Data           0  startup_stm32f407xx.o(STACK)

    Global Symbols

    Symbol Name                              Value     Ov Type        Size  Object(Section)

    BuildAttributes$$THM_ISAv4$E$P$D$K$B$S$7EM$VFPi3$EXTD16$VFPS$VFMA$PE$A:L22UL41UL21$X:L11$S22US41US21$IEEE1$IW$USESV6$~STKCKD$USESV7$~SHL$OTIME$ROPI$EBA8$UX$STANDARDLIB$REQ8$PRES8$EABIv2 0x00000000   Number         0  anon$$obj.o ABSOLUTE
    __ARM_use_no_argv                        0x00000000   Number         0  main.o ABSOLUTE
    __ARM_exceptions_init                     - Undefined Weak Reference
    __alloca_initialize                       - Undefined Weak Reference
    __arm_fini_                               - Undefined Weak Reference
    __arm_preinit_                            - Undefined Weak Reference
    __cpp_initialize__aeabi_                  - Undefined Weak Reference
    __cxa_finalize                            - Undefined Weak Reference
    __rt_locale                               - Undefined Weak Reference
    __sigvec_lookup                           - Undefined Weak Reference
    __user_heap_extent                        - Undefined Weak Reference
    _atexit_init                              - Undefined Weak Reference
    _call_atexit_fns                          - Undefined Weak Reference
    _clock_init                               - Undefined Weak Reference
    _fp_trap_init                             - Undefined Weak Reference
    _fp_trap_shutdown                         - Undefined Weak Reference
    _get_lc_collate                           - Undefined Weak Reference
    _get_lc_ctype                             - Undefined Weak Reference
    _get_lc_monetary                          - Undefined Weak Reference
    _get_lc_numeric                           - Undefined Weak Reference
    _get_lc_time                              - Undefined Weak Reference
    _getenv_init                              - Undefined Weak Reference
    _handle_redirection                       - Undefined Weak Reference
    _mutex_acquire                            - Undefined Weak Reference
    _mutex_free                               - Undefined Weak Reference
    _mutex_release                            - Undefined Weak Reference
    _printf_post_padding                      - Undefined Weak Reference
    _printf_pre_padding                       - Undefined Weak Reference
    _printf_truncate_signed                   - Undefined Weak Reference
    _printf_truncate_unsigned                 - Undefined Weak Reference
    _rand_init                                - Undefined Weak Reference
    _signal_finish                            - Undefined Weak Reference
    _signal_init                              - Undefined Weak Reference
    __Vectors_Size                           0x00000188   Number         0  startup_stm32f407xx.o ABSOLUTE
    __Vectors                                0x08000000   Data           4  startup_stm32f407xx.o(RESET)
    __Vectors_End                            0x08000188   Data           0  startup_stm32f407xx.o(RESET)
    __main                                   0x08000189   Thumb Code     8  __main.o(!!!main)
    __scatterload                            0x08000191   Thumb Code     0  __scatter.o(!!!scatter)
    __scatterload_rt2                        0x08000191   Thumb Code    44  __scatter.o(!!!scatter)
    __scatterload_rt2_thumb_only             0x08000191   Thumb Code     0  __scatter.o(!!!scatter)
    __scatterload_null                       0x0800019f   Thumb Code     0  __scatter.o(!!!scatter)
    __scatterload_copy                       0x080001c5   Thumb Code    26  __scatter_copy.o(!!handler_copy)
    __scatterload_zeroinit                   0x080001e1   Thumb Code    28  __scatter_zi.o(!!handler_zi)
    _printf_d                                0x080001fd   Thumb Code     0  _printf_d.o(.ARM.Collect$$_printf_percent$$00000009)
    _printf_percent                          0x080001fd   Thumb Code     0  _printf_percent.o(.ARM.Collect$$_printf_percent$$00000000)
    _printf_percent_end                      0x08000203   Thumb Code     0  _printf_percent_end.o(.ARM.Collect$$_printf_percent$$00000017)
    __rt_lib_init                            0x08000207   Thumb Code     0  libinit.o(.ARM.Collect$$libinit$$00000000)
    __rt_lib_init_fp_1                       0x08000209   Thumb Code     0  libinit2.o(.ARM.Collect$$libinit$$00000001)
    __rt_lib_init_heap_2                     0x0800020d   Thumb Code     0  libinit2.o(.ARM.Collect$$libinit$$00000005)
    __rt_lib_init_preinit_1                  0x0800020d   Thumb Code     0  libinit2.o(.ARM.Collect$$libinit$$00000004)
    __rt_lib_init_atexit_1                   0x08000215   Thumb Code     0  libinit2.o(.ARM.Collect$$libinit$$0000001B)
    __rt_lib_init_clock_1                    0x08000215   Thumb Code     0  libinit2.o(.ARM.Collect$$libinit$$00000021)
    __rt_lib_init_fp_trap_1                  0x08000215   Thumb Code     0  libinit2.o(.ARM.Collect$$libinit$$0000001F)
    __rt_lib_init_getenv_1                   0x08000215   Thumb Code     0  libinit2.o(.ARM.Collect$$libinit$$00000023)
    __rt_lib_init_heap_1                     0x08000215   Thumb Code     0  libinit2.o(.ARM.Collect$$libinit$$0000000A)
    __rt_lib_init_lc_collate_1               0x08000215   Thumb Code     0  libinit2.o(.ARM.Collect$$libinit$$00000011)
    __rt_lib_init_lc_ctype_1                 0x08000215   Thumb Code     0  libinit2.o(.ARM.Collect$$libinit$$00000013)
    __rt_lib_init_lc_monetary_1              0x08000215   Thumb Code     0  libinit2.o(.ARM.Collect$$libinit$$00000015)
    __rt_lib_init_lc_numeric_1               0x08000215   Thumb Code     0  libinit2.o(.ARM.Collect$$libinit$$00000017)
    __rt_lib_init_lc_time_1                  0x08000215   Thumb Code     0  libinit2.o(.ARM.Collect$$libinit$$00000019)
    __rt_lib_init_rand_1                     0x08000215   Thumb Code     0  libinit2.o(.ARM.Collect$$libinit$$0000000E)
    __rt_lib_init_signal_1                   0x08000215   Thumb Code     0  libinit2.o(.ARM.Collect$$libinit$$0000001D)
    __rt_lib_init_stdio_2                    0x08000215   Thumb Code     0  libinit2.o(.ARM.Collect$$libinit$$00000024)
    __rt_lib_init_user_alloc_1               0x08000215   Thumb Code     0  libinit2.o(.ARM.Collect$$libinit$$0000000C)
    __rt_lib_init_alloca_1                   0x08000219   Thumb Code     0  libinit2.o(.ARM.Collect$$libinit$$0000002E)
    __rt_lib_init_argv_1                     0x08000219   Thumb Code     0  libinit2.o(.ARM.Collect$$libinit$$0000002C)
    __rt_lib_init_cpp_1                      0x08000219   Thumb Code     0  libinit2.o(.ARM.Collect$$libinit$$00000032)
    __rt_lib_init_exceptions_1               0x08000219   Thumb Code     0  libinit2.o(.ARM.Collect$$libinit$$00000030)
    __rt_lib_init_return                     0x08000219   Thumb Code     0  libinit2.o(.ARM.Collect$$libinit$$00000033)
    __rt_lib_init_stdio_1                    0x08000219   Thumb Code     0  libinit2.o(.ARM.Collect$$libinit$$00000025)
    __rt_lib_shutdown                        0x0800021b   Thumb Code     0  libshutdown.o(.ARM.Collect$$libshutdown$$00000000)
    __rt_lib_shutdown_cpp_1                  0x0800021d   Thumb Code     0  libshutdown2.o(.ARM.Collect$$libshutdown$$00000004)
    __rt_lib_shutdown_fini_1                 0x0800021d   Thumb Code     0  libshutdown2.o(.ARM.Collect$$libshutdown$$00000002)
    __rt_lib_shutdown_stdio_2                0x0800021d   Thumb Code     0  libshutdown2.o(.ARM.Collect$$libshutdown$$00000005)
    __rt_lib_shutdown_fp_trap_1              0x08000221   Thumb Code     0  libshutdown2.o(.ARM.Collect$$libshutdown$$00000009)
    __rt_lib_shutdown_heap_1                 0x08000221   Thumb Code     0  libshutdown2.o(.ARM.Collect$$libshutdown$$00000011)
    __rt_lib_shutdown_return                 0x08000221   Thumb Code     0  libshutdown2.o(.ARM.Collect$$libshutdown$$00000012)
    __rt_lib_shutdown_signal_1               0x08000221   Thumb Code     0  libshutdown2.o(.ARM.Collect$$libshutdown$$0000000C)
    __rt_lib_shutdown_stdio_1                0x08000221   Thumb Code     0  libshutdown2.o(.ARM.Collect$$libshutdown$$00000006)
    __rt_lib_shutdown_user_alloc_1           0x08000221   Thumb Code     0  libshutdown2.o(.ARM.Collect$$libshutdown$$0000000E)
    __rt_entry                               0x08000223   Thumb Code     0  __rtentry.o(.ARM.Collect$$rtentry$$00000000)
    __rt_entry_presh_1                       0x08000223   Thumb Code     0  __rtentry2.o(.ARM.Collect$$rtentry$$00000002)
    __rt_entry_sh                            0x08000223   Thumb Code     0  __rtentry4.o(.ARM.Collect$$rtentry$$00000004)
    __rt_entry_li                            0x08000229   Thumb Code     0  __rtentry2.o(.ARM.Collect$$rtentry$$0000000A)
    __rt_entry_postsh_1                      0x08000229   Thumb Code     0  __rtentry2.o(.ARM.Collect$$rtentry$$00000009)
    __rt_entry_main                          0x0800022d   Thumb Code     0  __rtentry2.o(.ARM.Collect$$rtentry$$0000000D)
    __rt_entry_postli_1                      0x0800022d   Thumb Code     0  __rtentry2.o(.ARM.Collect$$rtentry$$0000000C)
    __rt_exit                                0x08000235   Thumb Code     0  rtexit.o(.ARM.Collect$$rtexit$$00000000)
    __rt_exit_ls                             0x08000237   Thumb Code     0  rtexit2.o(.ARM.Collect$$rtexit$$00000003)
    __rt_exit_prels_1                        0x08000237   Thumb Code     0  rtexit2.o(.ARM.Collect$$rtexit$$00000002)
    __rt_exit_exit                           0x0800023b   Thumb Code     0  rtexit2.o(.ARM.Collect$$rtexit$$00000004)
    Reset_Handler                            0x08000241   Thumb Code     8  startup_stm32f407xx.o(.text)
    _maybe_terminate_alloc                   0x08000241   Thumb Code     0  maybetermalloc1.o(.emb_text)
    ADC_IRQHandler                           0x0800025b   Thumb Code     0  startup_stm32f407xx.o(.text)
    CAN1_RX0_IRQHandler                      0x0800025b   Thumb Code     0  startup_stm32f407xx.o(.text)
    CAN1_RX1_IRQHandler                      0x0800025b   Thumb Code     0  startup_stm32f407xx.o(.text)
    CAN1_SCE_IRQHandler                      0x0800025b   Thumb Code     0  startup_stm32f407xx.o(.text)
    CAN1_TX_IRQHandler                       0x0800025b   Thumb Code     0  startup_stm32f407xx.o(.text)
    CAN2_RX0_IRQHandler                      0x0800025b   Thumb Code     0  startup_stm32f407xx.o(.text)
    CAN2_RX1_IRQHandler                      0x0800025b   Thumb Code     0  startup_stm32f407xx.o(.text)
    CAN2_SCE_IRQHandler                      0x0800025b   Thumb Code     0  startup_stm32f407xx.o(.text)
    CAN2_TX_IRQHandler                       0x0800025b   Thumb Code     0  startup_stm32f407xx.o(.text)
    DCMI_IRQHandler                          0x0800025b   Thumb Code     0  startup_stm32f407xx.o(.text)
    DMA1_Stream0_IRQHandler                  0x0800025b   Thumb Code     0  startup_stm32f407xx.o(.text)
    DMA1_Stream1_IRQHandler                  0x0800025b   Thumb Code     0  startup_stm32f407xx.o(.text)
    DMA1_Stream2_IRQHandler                  0x0800025b   Thumb Code     0  startup_stm32f407xx.o(.text)
    DMA1_Stream3_IRQHandler                  0x0800025b   Thumb Code     0  startup_stm32f407xx.o(.text)
    DMA1_Stream4_IRQHandler                  0x0800025b   Thumb Code     0  startup_stm32f407xx.o(.text)
    DMA1_Stream5_IRQHandler                  0x0800025b   Thumb Code     0  startup_stm32f407xx.o(.text)
    DMA1_Stream6_IRQHandler                  0x0800025b   Thumb Code     0  startup_stm32f407xx.o(.text)
    DMA1_Stream7_IRQHandler                  0x0800025b   Thumb Code     0  startup_stm32f407xx.o(.text)
    DMA2_Stream0_IRQHandler                  0x0800025b   Thumb Code     0  startup_stm32f407xx.o(.text)
    DMA2_Stream1_IRQHandler                  0x0800025b   Thumb Code     0  startup_stm32f407xx.o(.text)
    DMA2_Stream2_IRQHandler                  0x0800025b   Thumb Code     0  startup_stm32f407xx.o(.text)
    DMA2_Stream3_IRQHandler                  0x0800025b   Thumb Code     0  startup_stm32f407xx.o(.text)
    DMA2_Stream4_IRQHandler                  0x0800025b   Thumb Code     0  startup_stm32f407xx.o(.text)
    DMA2_Stream5_IRQHandler                  0x0800025b   Thumb Code     0  startup_stm32f407xx.o(.text)
    DMA2_Stream6_IRQHandler                  0x0800025b   Thumb Code     0  startup_stm32f407xx.o(.text)
    DMA2_Stream7_IRQHandler                  0x0800025b   Thumb Code     0  startup_stm32f407xx.o(.text)
    ETH_IRQHandler                           0x0800025b   Thumb Code     0  startup_stm32f407xx.o(.text)
    ETH_WKUP_IRQHandler                      0x0800025b   Thumb Code     0  startup_stm32f407xx.o(.text)
    EXTI0_IRQHandler                         0x0800025b   Thumb Code     0  startup_stm32f407xx.o(.text)
    EXTI15_10_IRQHandler                     0x0800025b   Thumb Code     0  startup_stm32f407xx.o(.text)
    EXTI1_IRQHandler                         0x0800025b   Thumb Code     0  startup_stm32f407xx.o(.text)
    EXTI2_IRQHandler                         0x0800025b   Thumb Code     0  startup_stm32f407xx.o(.text)
    EXTI3_IRQHandler                         0x0800025b   Thumb Code     0  startup_stm32f407xx.o(.text)
    EXTI4_IRQHandler                         0x0800025b   Thumb Code     0  startup_stm32f407xx.o(.text)
    EXTI9_5_IRQHandler                       0x0800025b   Thumb Code     0  startup_stm32f407xx.o(.text)
    FLASH_IRQHandler                         0x0800025b   Thumb Code     0  startup_stm32f407xx.o(.text)
    FMC_IRQHandler                           0x0800025b   Thumb Code     0  startup_stm32f407xx.o(.text)
    FPU_IRQHandler                           0x0800025b   Thumb Code     0  startup_stm32f407xx.o(.text)
    HASH_RNG_IRQHandler                      0x0800025b   Thumb Code     0  startup_stm32f407xx.o(.text)
    I2C1_ER_IRQHandler                       0x0800025b   Thumb Code     0  startup_stm32f407xx.o(.text)
    I2C1_EV_IRQHandler                       0x0800025b   Thumb Code     0  startup_stm32f407xx.o(.text)
    I2C2_ER_IRQHandler                       0x0800025b   Thumb Code     0  startup_stm32f407xx.o(.text)
    I2C2_EV_IRQHandler                       0x0800025b   Thumb Code     0  startup_stm32f407xx.o(.text)
    I2C3_ER_IRQHandler                       0x0800025b   Thumb Code     0  startup_stm32f407xx.o(.text)
    I2C3_EV_IRQHandler                       0x0800025b   Thumb Code     0  startup_stm32f407xx.o(.text)
    OTG_FS_IRQHandler                        0x0800025b   Thumb Code     0  startup_stm32f407xx.o(.text)
    OTG_FS_WKUP_IRQHandler                   0x0800025b   Thumb Code     0  startup_stm32f407xx.o(.text)
    OTG_HS_EP1_IN_IRQHandler                 0x0800025b   Thumb Code     0  startup_stm32f407xx.o(.text)
    OTG_HS_EP1_OUT_IRQHandler                0x0800025b   Thumb Code     0  startup_stm32f407xx.o(.text)
    OTG_HS_IRQHandler                        0x0800025b   Thumb Code     0  startup_stm32f407xx.o(.text)
    OTG_HS_WKUP_IRQHandler                   0x0800025b   Thumb Code     0  startup_stm32f407xx.o(.text)
    PVD_IRQHandler                           0x0800025b   Thumb Code     0  startup_stm32f407xx.o(.text)
    RCC_IRQHandler                           0x0800025b   Thumb Code     0  startup_stm32f407xx.o(.text)
    RTC_Alarm_IRQHandler                     0x0800025b   Thumb Code     0  startup_stm32f407xx.o(.text)
    RTC_WKUP_IRQHandler                      0x0800025b   Thumb Code     0  startup_stm32f407xx.o(.text)
    SDIO_IRQHandler                          0x0800025b   Thumb Code     0  startup_stm32f407xx.o(.text)
    SPI1_IRQHandler                          0x0800025b   Thumb Code     0  startup_stm32f407xx.o(.text)
    SPI2_IRQHandler                          0x0800025b   Thumb Code     0  startup_stm32f407xx.o(.text)
    SPI3_IRQHandler                          0x0800025b   Thumb Code     0  startup_stm32f407xx.o(.text)
    TAMP_STAMP_IRQHandler                    0x0800025b   Thumb Code     0  startup_stm32f407xx.o(.text)
    TIM1_BRK_TIM9_IRQHandler                 0x0800025b   Thumb Code     0  startup_stm32f407xx.o(.text)
    TIM1_CC_IRQHandler                       0x0800025b   Thumb Code     0  startup_stm32f407xx.o(.text)
    TIM1_TRG_COM_TIM11_IRQHandler            0x0800025b   Thumb Code     0  startup_stm32f407xx.o(.text)
    TIM1_UP_TIM10_IRQHandler                 0x0800025b   Thumb Code     0  startup_stm32f407xx.o(.text)
    TIM2_IRQHandler                          0x0800025b   Thumb Code     0  startup_stm32f407xx.o(.text)
    TIM3_IRQHandler                          0x0800025b   Thumb Code     0  startup_stm32f407xx.o(.text)
    TIM4_IRQHandler                          0x0800025b   Thumb Code     0  startup_stm32f407xx.o(.text)
    TIM5_IRQHandler                          0x0800025b   Thumb Code     0  startup_stm32f407xx.o(.text)
    TIM6_DAC_IRQHandler                      0x0800025b   Thumb Code     0  startup_stm32f407xx.o(.text)
    TIM7_IRQHandler                          0x0800025b   Thumb Code     0  startup_stm32f407xx.o(.text)
    TIM8_BRK_TIM12_IRQHandler                0x0800025b   Thumb Code     0  startup_stm32f407xx.o(.text)
    TIM8_CC_IRQHandler                       0x0800025b   Thumb Code     0  startup_stm32f407xx.o(.text)
    TIM8_TRG_COM_TIM14_IRQHandler            0x0800025b   Thumb Code     0  startup_stm32f407xx.o(.text)
    TIM8_UP_TIM13_IRQHandler                 0x0800025b   Thumb Code     0  startup_stm32f407xx.o(.text)
    UART4_IRQHandler                         0x0800025b   Thumb Code     0  startup_stm32f407xx.o(.text)
    UART5_IRQHandler                         0x0800025b   Thumb Code     0  startup_stm32f407xx.o(.text)
    USART1_IRQHandler                        0x0800025b   Thumb Code     0  startup_stm32f407xx.o(.text)
    USART2_IRQHandler                        0x0800025b   Thumb Code     0  startup_stm32f407xx.o(.text)
    USART3_IRQHandler                        0x0800025b   Thumb Code     0  startup_stm32f407xx.o(.text)
    USART6_IRQHandler                        0x0800025b   Thumb Code     0  startup_stm32f407xx.o(.text)
    WWDG_IRQHandler                          0x0800025b   Thumb Code     0  startup_stm32f407xx.o(.text)
    __user_initial_stackheap                 0x0800025d   Thumb Code     0  startup_stm32f407xx.o(.text)
    __aeabi_uldivmod                         0x08000281   Thumb Code     0  lludivv7m.o(.text)
    _ll_udiv                                 0x08000281   Thumb Code   238  lludivv7m.o(.text)
    __2printf                                0x08000371   Thumb Code    20  noretval__2printf.o(.text)
    __printf                                 0x08000389   Thumb Code   104  __printf.o(.text)
    _printf_int_dec                          0x080003f1   Thumb Code   104  _printf_dec.o(.text)
    __aeabi_memclr4                          0x08000469   Thumb Code     0  rt_memclr_w.o(.text)
    __aeabi_memclr8                          0x08000469   Thumb Code     0  rt_memclr_w.o(.text)
    __rt_memclr_w                            0x08000469   Thumb Code    78  rt_memclr_w.o(.text)
    _memset_w                                0x0800046d   Thumb Code     0  rt_memclr_w.o(.text)
    strcmp                                   0x080004b9   Thumb Code   128  strcmpv7m.o(.text)
    __use_two_region_memory                  0x08000539   Thumb Code     2  heapauxi.o(.text)
    __rt_heap_escrow                         0x0800053b   Thumb Code     2  heapauxi.o(.text)
    __rt_heap_expand                         0x0800053d   Thumb Code     2  heapauxi.o(.text)
    _printf_int_common                       0x0800053f   Thumb Code   178  _printf_intcommon.o(.text)
    _printf_char_file                        0x080005f1   Thumb Code    32  _printf_char_file.o(.text)
    _printf_char_common                      0x0800061f   Thumb Code    32  _printf_char_common.o(.text)
    ferror                                   0x08000645   Thumb Code     8  ferror.o(.text)
    _initio                                  0x0800064d   Thumb Code   210  initio.o(.text)
    _terminateio                             0x0800071f   Thumb Code    56  initio.o(.text)
    __user_setup_stackheap                   0x08000785   Thumb Code    74  sys_stackheap_outer.o(.text)
    free                                     0x080007cf   Thumb Code    78  h1_free.o(.text)
    __flsbuf                                 0x0800081d   Thumb Code   470  flsbuf.o(.text)
    __flsbuf_byte                            0x0800081d   Thumb Code     0  flsbuf.o(.text)
    __flsbuf_wide                            0x0800081d   Thumb Code     0  flsbuf.o(.text)
    setvbuf                                  0x080009f3   Thumb Code    70  setvbuf.o(.text)
    freopen                                  0x08000a39   Thumb Code   158  fopen.o(.text)
    fopen                                    0x08000ad7   Thumb Code    74  fopen.o(.text)
    _fclose_internal                         0x08000b25   Thumb Code    76  fclose.o(.text)
    fclose                                   0x08000b25   Thumb Code     0  fclose.o(.text)
    exit                                     0x08000b71   Thumb Code    18  exit.o(.text)
    __rt_SIGRTRED                            0x08000b83   Thumb Code    14  defsig_rtred_outer.o(.text)
    __user_libspace                          0x08000b91   Thumb Code     8  libspace.o(.text)
    __user_perproc_libspace                  0x08000b91   Thumb Code     0  libspace.o(.text)
    __user_perthread_libspace                0x08000b91   Thumb Code     0  libspace.o(.text)
    __rt_heap_descriptor                     0x08000b99   Thumb Code     8  rt_heap_descriptor_intlibspace.o(.text)
    __use_no_heap                            0x08000ba1   Thumb Code     2  hguard.o(.text)
    __heap$guard                             0x08000ba3   Thumb Code     2  hguard.o(.text)
    _terminate_user_alloc                    0x08000ba5   Thumb Code     2  init_alloc.o(.text)
    _init_user_alloc                         0x08000ba7   Thumb Code     2  init_alloc.o(.text)
    __Heap_Full                              0x08000ba9   Thumb Code    34  init_alloc.o(.text)
    __Heap_Broken                            0x08000bcb   Thumb Code     6  init_alloc.o(.text)
    _init_alloc                              0x08000bd1   Thumb Code    94  init_alloc.o(.text)
    malloc                                   0x08000c2f   Thumb Code    94  h1_alloc.o(.text)
    _fseek                                   0x08000c8d   Thumb Code   242  fseek.o(.text)
    fseek                                    0x08000c8d   Thumb Code     0  fseek.o(.text)
    _seterr                                  0x08000d85   Thumb Code    20  stdio.o(.text)
    _writebuf                                0x08000d99   Thumb Code    84  stdio.o(.text)
    _fflush                                  0x08000ded   Thumb Code    70  stdio.o(.text)
    _deferredlazyseek                        0x08000e33   Thumb Code    60  stdio.o(.text)
    __sig_exit                               0x08000e75   Thumb Code    10  defsig_exit.o(.text)
    __rt_SIGRTRED_inner                      0x08000e81   Thumb Code    14  defsig_rtred_inner.o(.text)
    _sys_exit                                0x08000eb5   Thumb Code     8  sys_exit.o(.text)
    __Heap_Initialize                        0x08000ec1   Thumb Code    10  h1_init.o(.text)
    __Heap_DescSize                          0x08000ecb   Thumb Code     4  h1_init.o(.text)
    __Heap_ProvideMemory                     0x08000ecf   Thumb Code    52  h1_extend.o(.text)
    _ftell_internal                          0x08000f03   Thumb Code    66  ftell.o(.text)
    ftell                                    0x08000f03   Thumb Code     0  ftell.o(.text)
    __default_signal_display                 0x08000f45   Thumb Code    50  defsig_general.o(.text)
    __rt_SIGRTMEM                            0x08000f77   Thumb Code    14  defsig_rtmem_outer.o(.text)
    _ttywrch                                 0x08000f85   Thumb Code    14  sys_wrch.o(.text)
    __I$use$semihosting                      0x08000f93   Thumb Code     0  use_no_semi.o(.text)
    __use_no_semihosting_swi                 0x08000f93   Thumb Code     2  use_no_semi.o(.text)
    __aeabi_errno_addr                       0x08000f95   Thumb Code     8  rt_errno_addr_intlibspace.o(.text)
    __errno$intlibspace                      0x08000f95   Thumb Code     0  rt_errno_addr_intlibspace.o(.text)
    __rt_errno_addr$intlibspace              0x08000f95   Thumb Code     0  rt_errno_addr_intlibspace.o(.text)
    __semihosting_library_function           0x08000f95   Thumb Code     0  indicate_semi.o(.text)
    __rt_SIGRTMEM_inner                      0x08000f9d   Thumb Code    22  defsig_rtmem_inner.o(.text)
    BusFault_Handler                         0x08001115   Thumb Code     2  stm32f4xx_it.o(i.BusFault_Handler)
    DebugMon_Handler                         0x08001117   Thumb Code     2  stm32f4xx_it.o(i.DebugMon_Handler)
    Error_Handler                            0x08001119   Thumb Code     4  main.o(i.Error_Handler)
    HAL_ADC_ConfigChannel                    0x0800111d   Thumb Code   316  stm32f4xx_hal_adc.o(i.HAL_ADC_ConfigChannel)
    HAL_ADC_Init                             0x08001269   Thumb Code    84  stm32f4xx_hal_adc.o(i.HAL_ADC_Init)
    HAL_ADC_MspInit                          0x080012bd   Thumb Code    30  adc.o(i.HAL_ADC_MspInit)
    HAL_Delay                                0x080012e5   Thumb Code    32  stm32f4xx_hal.o(i.HAL_Delay)
    HAL_GPIO_Init                            0x08001309   Thumb Code   450  stm32f4xx_hal_gpio.o(i.HAL_GPIO_Init)
    HAL_GPIO_ReadPin                         0x080014f9   Thumb Code    10  stm32f4xx_hal_gpio.o(i.HAL_GPIO_ReadPin)
    HAL_GPIO_TogglePin                       0x08001503   Thumb Code    16  stm32f4xx_hal_gpio.o(i.HAL_GPIO_TogglePin)
    HAL_GPIO_WritePin                        0x08001513   Thumb Code    10  stm32f4xx_hal_gpio.o(i.HAL_GPIO_WritePin)
    HAL_GetTick                              0x0800151d   Thumb Code     6  stm32f4xx_hal.o(i.HAL_GetTick)
    HAL_IncTick                              0x08001529   Thumb Code    12  stm32f4xx_hal.o(i.HAL_IncTick)
    HAL_Init                                 0x08001539   Thumb Code    48  stm32f4xx_hal.o(i.HAL_Init)
    HAL_InitTick                             0x0800156d   Thumb Code    54  stm32f4xx_hal.o(i.HAL_InitTick)
    HAL_MspInit                              0x080015ad   Thumb Code    42  stm32f4xx_hal_msp.o(i.HAL_MspInit)
    HAL_NVIC_SetPriority                     0x080015dd   Thumb Code    60  stm32f4xx_hal_cortex.o(i.HAL_NVIC_SetPriority)
    HAL_NVIC_SetPriorityGrouping             0x0800161d   Thumb Code    26  stm32f4xx_hal_cortex.o(i.HAL_NVIC_SetPriorityGrouping)
    HAL_RCCEx_PeriphCLKConfig                0x08001641   Thumb Code   296  stm32f4xx_hal_rcc_ex.o(i.HAL_RCCEx_PeriphCLKConfig)
    HAL_RCC_ClockConfig                      0x0800177d   Thumb Code   288  stm32f4xx_hal_rcc.o(i.HAL_RCC_ClockConfig)
    HAL_RCC_GetSysClockFreq                  0x080018b1   Thumb Code    88  stm32f4xx_hal_rcc.o(i.HAL_RCC_GetSysClockFreq)
    HAL_RCC_OscConfig                        0x08001911   Thumb Code   856  stm32f4xx_hal_rcc.o(i.HAL_RCC_OscConfig)
    HAL_RTCEx_SetTamper                      0x08001c7d   Thumb Code    88  stm32f4xx_hal_rtc_ex.o(i.HAL_RTCEx_SetTamper)
    HAL_RTC_Init                             0x08001cd9   Thumb Code   136  stm32f4xx_hal_rtc.o(i.HAL_RTC_Init)
    HAL_RTC_MspInit                          0x08001d65   Thumb Code    48  rtc.o(i.HAL_RTC_MspInit)
    HAL_RTC_SetDate                          0x08001d9d   Thumb Code   146  stm32f4xx_hal_rtc.o(i.HAL_RTC_SetDate)
    HAL_RTC_SetTime                          0x08001e35   Thumb Code   186  stm32f4xx_hal_rtc.o(i.HAL_RTC_SetTime)
    HAL_RTC_WaitForSynchro                   0x08001ef5   Thumb Code    54  stm32f4xx_hal_rtc.o(i.HAL_RTC_WaitForSynchro)
    HAL_SYSTICK_Config                       0x08001f2b   Thumb Code    40  stm32f4xx_hal_cortex.o(i.HAL_SYSTICK_Config)
    HardFault_Handler                        0x08001f53   Thumb Code     2  stm32f4xx_it.o(i.HardFault_Handler)
    ITM_SendChar                             0x08001f55   Thumb Code    32  retarget_io.o(i.ITM_SendChar)
    MX_ADC1_Init                             0x08001f79   Thumb Code    88  adc.o(i.MX_ADC1_Init)
    MX_GPIO_Init                             0x08001fdd   Thumb Code   164  gpio.o(i.MX_GPIO_Init)
    MX_RTC_Init                              0x0800208d   Thumb Code   160  rtc.o(i.MX_RTC_Init)
    MemManage_Handler                        0x08002135   Thumb Code     2  stm32f4xx_it.o(i.MemManage_Handler)
    NMI_Handler                              0x08002137   Thumb Code     2  stm32f4xx_it.o(i.NMI_Handler)
    PendSV_Handler                           0x08002139   Thumb Code     2  stm32f4xx_it.o(i.PendSV_Handler)
    RTC_ByteToBcd2                           0x0800213b   Thumb Code    24  stm32f4xx_hal_rtc.o(i.RTC_ByteToBcd2)
    RTC_EnterInitMode                        0x08002155   Thumb Code    72  stm32f4xx_hal_rtc.o(i.RTC_EnterInitMode)
    RTC_ExitInitMode                         0x0800219d   Thumb Code    42  stm32f4xx_hal_rtc.o(i.RTC_ExitInitMode)
    SVC_Handler                              0x080021c7   Thumb Code     2  stm32f4xx_it.o(i.SVC_Handler)
    SysTick_Handler                          0x080021c9   Thumb Code     4  stm32f4xx_it.o(i.SysTick_Handler)
    SystemClock_Config                       0x080021cd   Thumb Code   144  main.o(i.SystemClock_Config)
    SystemInit                               0x08002265   Thumb Code    12  system_stm32f4xx.o(i.SystemInit)
    UsageFault_Handler                       0x08002275   Thumb Code     2  stm32f4xx_it.o(i.UsageFault_Handler)
    _sys_close                               0x08002297   Thumb Code    24  retarget_io.o(i._sys_close)
    _sys_flen                                0x080022af   Thumb Code    12  retarget_io.o(i._sys_flen)
    _sys_istty                               0x080022bb   Thumb Code    24  retarget_io.o(i._sys_istty)
    _sys_open                                0x080022d5   Thumb Code    68  retarget_io.o(i._sys_open)
    _sys_seek                                0x08002331   Thumb Code     6  retarget_io.o(i._sys_seek)
    _sys_write                               0x08002337   Thumb Code    60  retarget_io.o(i._sys_write)
    fputc                                    0x08002373   Thumb Code    26  fputc.o(i.fputc)
    main                                     0x0800238d   Thumb Code   206  main.o(i.main)
    _fp_init                                 0x0800249d   Thumb Code    10  fpinit.o(x$fpl$fpinit)
    __fplib_config_fpu_vfp                   0x080024a5   Thumb Code     0  fpinit.o(x$fpl$fpinit)
    __fplib_config_pureend_doubles           0x080024a5   Thumb Code     0  fpinit.o(x$fpl$fpinit)
    AHBPrescTable                            0x080024a6   Data          16  system_stm32f4xx.o(.constdata)
    __stdin_name                             0x080024b6   Data           7  retarget_io.o(.constdata)
    __stdout_name                            0x080024bd   Data           8  retarget_io.o(.constdata)
    __stderr_name                            0x080024c5   Data           8  retarget_io.o(.constdata)
    Region$$Table$$Base                      0x080024d0   Number         0  anon$$obj.o(Region$$Table)
    Region$$Table$$Limit                     0x080024f0   Number         0  anon$$obj.o(Region$$Table)
    uwTickFreq                               0x20000000   Data           1  stm32f4xx_hal.o(.data)
    uwTickPrio                               0x20000004   Data           4  stm32f4xx_hal.o(.data)
    uwTick                                   0x20000008   Data           4  stm32f4xx_hal.o(.data)
    SystemCoreClock                          0x2000000c   Data           4  system_stm32f4xx.o(.data)
    __aeabi_stdin                            0x20000010   Data           4  stdio_streams.o(.data)
    __aeabi_stdout                           0x20000014   Data           4  stdio_streams.o(.data)
    __aeabi_stderr                           0x20000018   Data           4  stdio_streams.o(.data)
    hadc1                                    0x2000001c   Data          72  adc.o(.bss)
    hrtc                                     0x20000064   Data          32  rtc.o(.bss)
    __stdin                                  0x20000084   Data          84  stdio_streams.o(.bss)
    __stdout                                 0x200000d8   Data          84  stdio_streams.o(.bss)
    __stderr                                 0x2000012c   Data          84  stdio_streams.o(.bss)
    __libspace_start                         0x20000180   Data          96  libspace.o(.bss)
    __temporary_stack_top$libspace           0x200001e0   Data           0  libspace.o(.bss)



==============================================================================

Memory Map of the image

  Image Entry point : 0x08000189

  Load Region LR_IROM1 (Base: 0x08000000, Size: 0x0000250c, Max: 0x00080000, ABSOLUTE)

    Execution Region ER_IROM1 (Exec base: 0x08000000, Load base: 0x08000000, Size: 0x000024f0, Max: 0x00080000, ABSOLUTE)

    Exec Addr    Load Addr    Size         Type   Attr      Idx    E Section Name        Object

    0x08000000   0x08000000   0x00000188   Data   RO            3    RESET               startup_stm32f407xx.o
    0x08000188   0x08000188   0x00000008   Code   RO         2380  * !!!main             c_w.l(__main.o)
    0x08000190   0x08000190   0x00000034   Code   RO         2734    !!!scatter          c_w.l(__scatter.o)
    0x080001c4   0x080001c4   0x0000001a   Code   RO         2736    !!handler_copy      c_w.l(__scatter_copy.o)
    0x080001de   0x080001de   0x00000002   PAD
    0x080001e0   0x080001e0   0x0000001c   Code   RO         2738    !!handler_zi        c_w.l(__scatter_zi.o)
    0x080001fc   0x080001fc   0x00000000   Code   RO         2373    .ARM.Collect$$_printf_percent$$00000000  c_w.l(_printf_percent.o)
    0x080001fc   0x080001fc   0x00000006   Code   RO         2372    .ARM.Collect$$_printf_percent$$00000009  c_w.l(_printf_d.o)
    0x08000202   0x08000202   0x00000004   Code   RO         2391    .ARM.Collect$$_printf_percent$$00000017  c_w.l(_printf_percent_end.o)
    0x08000206   0x08000206   0x00000002   Code   RO         2521    .ARM.Collect$$libinit$$00000000  c_w.l(libinit.o)
    0x08000208   0x08000208   0x00000004   Code   RO         2522    .ARM.Collect$$libinit$$00000001  c_w.l(libinit2.o)
    0x0800020c   0x0800020c   0x00000000   Code   RO         2525    .ARM.Collect$$libinit$$00000004  c_w.l(libinit2.o)
    0x0800020c   0x0800020c   0x00000008   Code   RO         2526    .ARM.Collect$$libinit$$00000005  c_w.l(libinit2.o)
    0x08000214   0x08000214   0x00000000   Code   RO         2528    .ARM.Collect$$libinit$$0000000A  c_w.l(libinit2.o)
    0x08000214   0x08000214   0x00000000   Code   RO         2530    .ARM.Collect$$libinit$$0000000C  c_w.l(libinit2.o)
    0x08000214   0x08000214   0x00000000   Code   RO         2532    .ARM.Collect$$libinit$$0000000E  c_w.l(libinit2.o)
    0x08000214   0x08000214   0x00000000   Code   RO         2535    .ARM.Collect$$libinit$$00000011  c_w.l(libinit2.o)
    0x08000214   0x08000214   0x00000000   Code   RO         2537    .ARM.Collect$$libinit$$00000013  c_w.l(libinit2.o)
    0x08000214   0x08000214   0x00000000   Code   RO         2539    .ARM.Collect$$libinit$$00000015  c_w.l(libinit2.o)
    0x08000214   0x08000214   0x00000000   Code   RO         2541    .ARM.Collect$$libinit$$00000017  c_w.l(libinit2.o)
    0x08000214   0x08000214   0x00000000   Code   RO         2543    .ARM.Collect$$libinit$$00000019  c_w.l(libinit2.o)
    0x08000214   0x08000214   0x00000000   Code   RO         2545    .ARM.Collect$$libinit$$0000001B  c_w.l(libinit2.o)
    0x08000214   0x08000214   0x00000000   Code   RO         2547    .ARM.Collect$$libinit$$0000001D  c_w.l(libinit2.o)
    0x08000214   0x08000214   0x00000000   Code   RO         2549    .ARM.Collect$$libinit$$0000001F  c_w.l(libinit2.o)
    0x08000214   0x08000214   0x00000000   Code   RO         2551    .ARM.Collect$$libinit$$00000021  c_w.l(libinit2.o)
    0x08000214   0x08000214   0x00000000   Code   RO         2553    .ARM.Collect$$libinit$$00000023  c_w.l(libinit2.o)
    0x08000214   0x08000214   0x00000004   Code   RO         2554    .ARM.Collect$$libinit$$00000024  c_w.l(libinit2.o)
    0x08000218   0x08000218   0x00000000   Code   RO         2555    .ARM.Collect$$libinit$$00000025  c_w.l(libinit2.o)
    0x08000218   0x08000218   0x00000000   Code   RO         2559    .ARM.Collect$$libinit$$0000002C  c_w.l(libinit2.o)
    0x08000218   0x08000218   0x00000000   Code   RO         2561    .ARM.Collect$$libinit$$0000002E  c_w.l(libinit2.o)
    0x08000218   0x08000218   0x00000000   Code   RO         2563    .ARM.Collect$$libinit$$00000030  c_w.l(libinit2.o)
    0x08000218   0x08000218   0x00000000   Code   RO         2565    .ARM.Collect$$libinit$$00000032  c_w.l(libinit2.o)
    0x08000218   0x08000218   0x00000002   Code   RO         2566    .ARM.Collect$$libinit$$00000033  c_w.l(libinit2.o)
    0x0800021a   0x0800021a   0x00000002   Code   RO         2715    .ARM.Collect$$libshutdown$$00000000  c_w.l(libshutdown.o)
    0x0800021c   0x0800021c   0x00000000   Code   RO         2568    .ARM.Collect$$libshutdown$$00000002  c_w.l(libshutdown2.o)
    0x0800021c   0x0800021c   0x00000000   Code   RO         2570    .ARM.Collect$$libshutdown$$00000004  c_w.l(libshutdown2.o)
    0x0800021c   0x0800021c   0x00000004   Code   RO         2571    .ARM.Collect$$libshutdown$$00000005  c_w.l(libshutdown2.o)
    0x08000220   0x08000220   0x00000000   Code   RO         2572    .ARM.Collect$$libshutdown$$00000006  c_w.l(libshutdown2.o)
    0x08000220   0x08000220   0x00000000   Code   RO         2575    .ARM.Collect$$libshutdown$$00000009  c_w.l(libshutdown2.o)
    0x08000220   0x08000220   0x00000000   Code   RO         2578    .ARM.Collect$$libshutdown$$0000000C  c_w.l(libshutdown2.o)
    0x08000220   0x08000220   0x00000000   Code   RO         2580    .ARM.Collect$$libshutdown$$0000000E  c_w.l(libshutdown2.o)
    0x08000220   0x08000220   0x00000000   Code   RO         2583    .ARM.Collect$$libshutdown$$00000011  c_w.l(libshutdown2.o)
    0x08000220   0x08000220   0x00000002   Code   RO         2584    .ARM.Collect$$libshutdown$$00000012  c_w.l(libshutdown2.o)
    0x08000222   0x08000222   0x00000000   Code   RO         2382    .ARM.Collect$$rtentry$$00000000  c_w.l(__rtentry.o)
    0x08000222   0x08000222   0x00000000   Code   RO         2399    .ARM.Collect$$rtentry$$00000002  c_w.l(__rtentry2.o)
    0x08000222   0x08000222   0x00000006   Code   RO         2411    .ARM.Collect$$rtentry$$00000004  c_w.l(__rtentry4.o)
    0x08000228   0x08000228   0x00000000   Code   RO         2401    .ARM.Collect$$rtentry$$00000009  c_w.l(__rtentry2.o)
    0x08000228   0x08000228   0x00000004   Code   RO         2402    .ARM.Collect$$rtentry$$0000000A  c_w.l(__rtentry2.o)
    0x0800022c   0x0800022c   0x00000000   Code   RO         2404    .ARM.Collect$$rtentry$$0000000C  c_w.l(__rtentry2.o)
    0x0800022c   0x0800022c   0x00000008   Code   RO         2405    .ARM.Collect$$rtentry$$0000000D  c_w.l(__rtentry2.o)
    0x08000234   0x08000234   0x00000002   Code   RO         2590    .ARM.Collect$$rtexit$$00000000  c_w.l(rtexit.o)
    0x08000236   0x08000236   0x00000000   Code   RO         2648    .ARM.Collect$$rtexit$$00000002  c_w.l(rtexit2.o)
    0x08000236   0x08000236   0x00000004   Code   RO         2649    .ARM.Collect$$rtexit$$00000003  c_w.l(rtexit2.o)
    0x0800023a   0x0800023a   0x00000006   Code   RO         2650    .ARM.Collect$$rtexit$$00000004  c_w.l(rtexit2.o)
    0x08000240   0x08000240   0x00000000   Code   RO         2654    .emb_text           c_w.l(maybetermalloc1.o)
    0x08000240   0x08000240   0x00000040   Code   RO            4    .text               startup_stm32f407xx.o
    0x08000280   0x08000280   0x000000ee   Code   RO         2342    .text               c_w.l(lludivv7m.o)
    0x0800036e   0x0800036e   0x00000002   PAD
    0x08000370   0x08000370   0x00000018   Code   RO         2346    .text               c_w.l(noretval__2printf.o)
    0x08000388   0x08000388   0x00000068   Code   RO         2348    .text               c_w.l(__printf.o)
    0x080003f0   0x080003f0   0x00000078   Code   RO         2350    .text               c_w.l(_printf_dec.o)
    0x08000468   0x08000468   0x0000004e   Code   RO         2374    .text               c_w.l(rt_memclr_w.o)
    0x080004b6   0x080004b6   0x00000002   PAD
    0x080004b8   0x080004b8   0x00000080   Code   RO         2376    .text               c_w.l(strcmpv7m.o)
    0x08000538   0x08000538   0x00000006   Code   RO         2378    .text               c_w.l(heapauxi.o)
    0x0800053e   0x0800053e   0x000000b2   Code   RO         2387    .text               c_w.l(_printf_intcommon.o)
    0x080005f0   0x080005f0   0x00000024   Code   RO         2389    .text               c_w.l(_printf_char_file.o)
    0x08000614   0x08000614   0x00000030   Code   RO         2415    .text               c_w.l(_printf_char_common.o)
    0x08000644   0x08000644   0x00000008   Code   RO         2417    .text               c_w.l(ferror.o)
    0x0800064c   0x0800064c   0x00000138   Code   RO         2423    .text               c_w.l(initio.o)
    0x08000784   0x08000784   0x0000004a   Code   RO         2433    .text               c_w.l(sys_stackheap_outer.o)
    0x080007ce   0x080007ce   0x0000004e   Code   RO         2437    .text               c_w.l(h1_free.o)
    0x0800081c   0x0800081c   0x000001d6   Code   RO         2493    .text               c_w.l(flsbuf.o)
    0x080009f2   0x080009f2   0x00000046   Code   RO         2495    .text               c_w.l(setvbuf.o)
    0x08000a38   0x08000a38   0x000000ec   Code   RO         2498    .text               c_w.l(fopen.o)
    0x08000b24   0x08000b24   0x0000004c   Code   RO         2500    .text               c_w.l(fclose.o)
    0x08000b70   0x08000b70   0x00000012   Code   RO         2506    .text               c_w.l(exit.o)
    0x08000b82   0x08000b82   0x0000000e   Code   RO         2512    .text               c_w.l(defsig_rtred_outer.o)
    0x08000b90   0x08000b90   0x00000008   Code   RO         2587    .text               c_w.l(libspace.o)
    0x08000b98   0x08000b98   0x00000008   Code   RO         2597    .text               c_w.l(rt_heap_descriptor_intlibspace.o)
    0x08000ba0   0x08000ba0   0x00000004   Code   RO         2599    .text               c_w.l(hguard.o)
    0x08000ba4   0x08000ba4   0x0000008a   Code   RO         2601    .text               c_w.l(init_alloc.o)
    0x08000c2e   0x08000c2e   0x0000005e   Code   RO         2607    .text               c_w.l(h1_alloc.o)
    0x08000c8c   0x08000c8c   0x000000f8   Code   RO         2623    .text               c_w.l(fseek.o)
    0x08000d84   0x08000d84   0x000000f0   Code   RO         2625    .text               c_w.l(stdio.o)
    0x08000e74   0x08000e74   0x0000000a   Code   RO         2631    .text               c_w.l(defsig_exit.o)
    0x08000e7e   0x08000e7e   0x00000002   PAD
    0x08000e80   0x08000e80   0x00000034   Code   RO         2635    .text               c_w.l(defsig_rtred_inner.o)
    0x08000eb4   0x08000eb4   0x0000000c   Code   RO         2645    .text               c_w.l(sys_exit.o)
    0x08000ec0   0x08000ec0   0x0000000e   Code   RO         2656    .text               c_w.l(h1_init.o)
    0x08000ece   0x08000ece   0x00000034   Code   RO         2658    .text               c_w.l(h1_extend.o)
    0x08000f02   0x08000f02   0x00000042   Code   RO         2668    .text               c_w.l(ftell.o)
    0x08000f44   0x08000f44   0x00000032   Code   RO         2676    .text               c_w.l(defsig_general.o)
    0x08000f76   0x08000f76   0x0000000e   Code   RO         2678    .text               c_w.l(defsig_rtmem_outer.o)
    0x08000f84   0x08000f84   0x0000000e   Code   RO         2693    .text               c_w.l(sys_wrch.o)
    0x08000f92   0x08000f92   0x00000002   Code   RO         2697    .text               c_w.l(use_no_semi.o)
    0x08000f94   0x08000f94   0x00000000   Code   RO         2699    .text               c_w.l(indicate_semi.o)
    0x08000f94   0x08000f94   0x00000008   Code   RO         2703    .text               c_w.l(rt_errno_addr_intlibspace.o)
    0x08000f9c   0x08000f9c   0x00000050   Code   RO         2709    .text               c_w.l(defsig_rtmem_inner.o)
    0x08000fec   0x08000fec   0x00000128   Code   RO          377    i.ADC_Init          stm32f4xx_hal_adc.o
    0x08001114   0x08001114   0x00000002   Code   RO          275    i.BusFault_Handler  stm32f4xx_it.o
    0x08001116   0x08001116   0x00000002   Code   RO          276    i.DebugMon_Handler  stm32f4xx_it.o
    0x08001118   0x08001118   0x00000004   Code   RO           13    i.Error_Handler     main.o
    0x0800111c   0x0800111c   0x0000014c   Code   RO          379    i.HAL_ADC_ConfigChannel  stm32f4xx_hal_adc.o
    0x08001268   0x08001268   0x00000054   Code   RO          388    i.HAL_ADC_Init      stm32f4xx_hal_adc.o
    0x080012bc   0x080012bc   0x00000028   Code   RO          192    i.HAL_ADC_MspInit   adc.o
    0x080012e4   0x080012e4   0x00000024   Code   RO         1533    i.HAL_Delay         stm32f4xx_hal.o
    0x08001308   0x08001308   0x000001f0   Code   RO         1007    i.HAL_GPIO_Init     stm32f4xx_hal_gpio.o
    0x080014f8   0x080014f8   0x0000000a   Code   RO         1009    i.HAL_GPIO_ReadPin  stm32f4xx_hal_gpio.o
    0x08001502   0x08001502   0x00000010   Code   RO         1010    i.HAL_GPIO_TogglePin  stm32f4xx_hal_gpio.o
    0x08001512   0x08001512   0x0000000a   Code   RO         1011    i.HAL_GPIO_WritePin  stm32f4xx_hal_gpio.o
    0x0800151c   0x0800151c   0x0000000c   Code   RO         1539    i.HAL_GetTick       stm32f4xx_hal.o
    0x08001528   0x08001528   0x00000010   Code   RO         1545    i.HAL_IncTick       stm32f4xx_hal.o
    0x08001538   0x08001538   0x00000034   Code   RO         1546    i.HAL_Init          stm32f4xx_hal.o
    0x0800156c   0x0800156c   0x00000040   Code   RO         1547    i.HAL_InitTick      stm32f4xx_hal.o
    0x080015ac   0x080015ac   0x00000030   Code   RO          350    i.HAL_MspInit       stm32f4xx_hal_msp.o
    0x080015dc   0x080015dc   0x00000040   Code   RO         1402    i.HAL_NVIC_SetPriority  stm32f4xx_hal_cortex.o
    0x0800161c   0x0800161c   0x00000024   Code   RO         1403    i.HAL_NVIC_SetPriorityGrouping  stm32f4xx_hal_cortex.o
    0x08001640   0x08001640   0x0000013c   Code   RO          758    i.HAL_RCCEx_PeriphCLKConfig  stm32f4xx_hal_rcc_ex.o
    0x0800177c   0x0800177c   0x00000134   Code   RO          653    i.HAL_RCC_ClockConfig  stm32f4xx_hal_rcc.o
    0x080018b0   0x080018b0   0x00000060   Code   RO          662    i.HAL_RCC_GetSysClockFreq  stm32f4xx_hal_rcc.o
    0x08001910   0x08001910   0x0000036c   Code   RO          665    i.HAL_RCC_OscConfig  stm32f4xx_hal_rcc.o
    0x08001c7c   0x08001c7c   0x0000005c   Code   RO         1980    i.HAL_RTCEx_SetTamper  stm32f4xx_hal_rtc_ex.o
    0x08001cd8   0x08001cd8   0x0000008c   Code   RO         1797    i.HAL_RTC_Init      stm32f4xx_hal_rtc.o
    0x08001d64   0x08001d64   0x00000038   Code   RO          234    i.HAL_RTC_MspInit   rtc.o
    0x08001d9c   0x08001d9c   0x00000098   Code   RO         1803    i.HAL_RTC_SetDate   stm32f4xx_hal_rtc.o
    0x08001e34   0x08001e34   0x000000c0   Code   RO         1804    i.HAL_RTC_SetTime   stm32f4xx_hal_rtc.o
    0x08001ef4   0x08001ef4   0x00000036   Code   RO         1805    i.HAL_RTC_WaitForSynchro  stm32f4xx_hal_rtc.o
    0x08001f2a   0x08001f2a   0x00000028   Code   RO         1407    i.HAL_SYSTICK_Config  stm32f4xx_hal_cortex.o
    0x08001f52   0x08001f52   0x00000002   Code   RO          277    i.HardFault_Handler  stm32f4xx_it.o
    0x08001f54   0x08001f54   0x00000024   Code   RO         2257    i.ITM_SendChar      retarget_io.o
    0x08001f78   0x08001f78   0x00000064   Code   RO          193    i.MX_ADC1_Init      adc.o
    0x08001fdc   0x08001fdc   0x000000b0   Code   RO          167    i.MX_GPIO_Init      gpio.o
    0x0800208c   0x0800208c   0x000000a8   Code   RO          235    i.MX_RTC_Init       rtc.o
    0x08002134   0x08002134   0x00000002   Code   RO          278    i.MemManage_Handler  stm32f4xx_it.o
    0x08002136   0x08002136   0x00000002   Code   RO          279    i.NMI_Handler       stm32f4xx_it.o
    0x08002138   0x08002138   0x00000002   Code   RO          280    i.PendSV_Handler    stm32f4xx_it.o
    0x0800213a   0x0800213a   0x00000018   Code   RO         1807    i.RTC_ByteToBcd2    stm32f4xx_hal_rtc.o
    0x08002152   0x08002152   0x00000002   PAD
    0x08002154   0x08002154   0x00000048   Code   RO         1808    i.RTC_EnterInitMode  stm32f4xx_hal_rtc.o
    0x0800219c   0x0800219c   0x0000002a   Code   RO         1809    i.RTC_ExitInitMode  stm32f4xx_hal_rtc.o
    0x080021c6   0x080021c6   0x00000002   Code   RO          281    i.SVC_Handler       stm32f4xx_it.o
    0x080021c8   0x080021c8   0x00000004   Code   RO          282    i.SysTick_Handler   stm32f4xx_it.o
    0x080021cc   0x080021cc   0x00000098   Code   RO           14    i.SystemClock_Config  main.o
    0x08002264   0x08002264   0x00000010   Code   RO         2222    i.SystemInit        system_stm32f4xx.o
    0x08002274   0x08002274   0x00000002   Code   RO          283    i.UsageFault_Handler  stm32f4xx_it.o
    0x08002276   0x08002276   0x00000020   Code   RO         1409    i.__NVIC_SetPriority  stm32f4xx_hal_cortex.o
    0x08002296   0x08002296   0x00000018   Code   RO         2258    i._sys_close        retarget_io.o
    0x080022ae   0x080022ae   0x0000000c   Code   RO         2259    i._sys_flen         retarget_io.o
    0x080022ba   0x080022ba   0x00000018   Code   RO         2260    i._sys_istty        retarget_io.o
    0x080022d2   0x080022d2   0x00000002   PAD
    0x080022d4   0x080022d4   0x0000005c   Code   RO         2261    i._sys_open         retarget_io.o
    0x08002330   0x08002330   0x00000006   Code   RO         2263    i._sys_seek         retarget_io.o
    0x08002336   0x08002336   0x0000003c   Code   RO         2264    i._sys_write        retarget_io.o
    0x08002372   0x08002372   0x0000001a   Code   RO         2420    i.fputc             c_w.l(fputc.o)
    0x0800238c   0x0800238c   0x00000110   Code   RO           15    i.main              main.o
    0x0800249c   0x0800249c   0x0000000a   Code   RO         2643    x$fpl$fpinit        fz_wm.l(fpinit.o)
    0x080024a6   0x080024a6   0x00000010   Data   RO         2223    .constdata          system_stm32f4xx.o
    0x080024b6   0x080024b6   0x00000007   Data   RO         2265    .constdata          retarget_io.o
    0x080024bd   0x080024bd   0x00000008   Data   RO         2266    .constdata          retarget_io.o
    0x080024c5   0x080024c5   0x00000008   Data   RO         2267    .constdata          retarget_io.o
    0x080024cd   0x080024cd   0x00000003   PAD
    0x080024d0   0x080024d0   0x00000020   Data   RO         2732    Region$$Table       anon$$obj.o


    Execution Region RW_IRAM1 (Exec base: 0x20000000, Load base: 0x080024f0, Size: 0x000007e0, Max: 0x0001c000, ABSOLUTE)

    Exec Addr    Load Addr    Size         Type   Attr      Idx    E Section Name        Object

    0x20000000   0x080024f0   0x0000000c   Data   RW         1553    .data               stm32f4xx_hal.o
    0x2000000c   0x080024fc   0x00000004   Data   RW         2225    .data               system_stm32f4xx.o
    0x20000010   0x08002500   0x00000004   Data   RW         2395    .data               c_w.l(stdio_streams.o)
    0x20000014   0x08002504   0x00000004   Data   RW         2396    .data               c_w.l(stdio_streams.o)
    0x20000018   0x08002508   0x00000004   Data   RW         2397    .data               c_w.l(stdio_streams.o)
    0x2000001c        -       0x00000048   Zero   RW          194    .bss                adc.o
    0x20000064        -       0x00000020   Zero   RW          236    .bss                rtc.o
    0x20000084        -       0x00000054   Zero   RW         2392    .bss                c_w.l(stdio_streams.o)
    0x200000d8        -       0x00000054   Zero   RW         2393    .bss                c_w.l(stdio_streams.o)
    0x2000012c        -       0x00000054   Zero   RW         2394    .bss                c_w.l(stdio_streams.o)
    0x20000180        -       0x00000060   Zero   RW         2588    .bss                c_w.l(libspace.o)
    0x200001e0        -       0x00000200   Zero   RW            2    HEAP                startup_stm32f407xx.o
    0x200003e0        -       0x00000400   Zero   RW            1    STACK               startup_stm32f407xx.o


    Execution Region RW_IRAM2 (Exec base: 0x2001c000, Load base: 0x0800250c, Size: 0x00000000, Max: 0x00004000, ABSOLUTE)

    **** No section assigned to this execution region ****


==============================================================================

Image component sizes


      Code (inc. data)   RO Data    RW Data    ZI Data      Debug   Object Name

       140         22          0          0         72       1801   adc.o
       176         12          0          0          0       1127   gpio.o
       428         74          0          0          0     691432   main.o
       254         28         23          0          0       6846   retarget_io.o
       224         16          0          0         32       1927   rtc.o
        64         26        392          0       1536        900   startup_stm32f407xx.o
       180         28          0         12          0       9869   stm32f4xx_hal.o
       712         28          0          0          0       3111   stm32f4xx_hal_adc.o
       172         14          0          0          0      33550   stm32f4xx_hal_cortex.o
       532         46          0          0          0       3788   stm32f4xx_hal_gpio.o
        48          6          0          0          0        970   stm32f4xx_hal_msp.o
      1280         48          0          0          0       4278   stm32f4xx_hal_rcc.o
       316         20          0          0          0       1504   stm32f4xx_hal_rcc_ex.o
       676         16          0          0          0       6551   stm32f4xx_hal_rtc.o
        92          4          0          0          0       1326   stm32f4xx_hal_rtc_ex.o
        20          0          0          0          0       4694   stm32f4xx_it.o
        16          4         16          4          0       1303   system_stm32f4xx.o

    ----------------------------------------------------------------------
      5334        392        466         16       1640     774977   Object Totals
         0          0         32          0          0          0   (incl. Generated)
         4          0          3          0          0          0   (incl. Padding)

    ----------------------------------------------------------------------

      Code (inc. data)   RO Data    RW Data    ZI Data      Debug   Library Member Name

         8          0          0          0          0         68   __main.o
       104          0          0          0          0         84   __printf.o
         0          0          0          0          0          0   __rtentry.o
        12          0          0          0          0          0   __rtentry2.o
         6          0          0          0          0          0   __rtentry4.o
        52          8          0          0          0          0   __scatter.o
        26          0          0          0          0          0   __scatter_copy.o
        28          0          0          0          0          0   __scatter_zi.o
        48          6          0          0          0         96   _printf_char_common.o
        36          4          0          0          0         80   _printf_char_file.o
         6          0          0          0          0          0   _printf_d.o
       120         16          0          0          0         92   _printf_dec.o
       178          0          0          0          0         88   _printf_intcommon.o
         0          0          0          0          0          0   _printf_percent.o
         4          0          0          0          0          0   _printf_percent_end.o
        10          0          0          0          0         68   defsig_exit.o
        50          0          0          0          0         88   defsig_general.o
        80         58          0          0          0         76   defsig_rtmem_inner.o
        14          0          0          0          0         80   defsig_rtmem_outer.o
        52         38          0          0          0         76   defsig_rtred_inner.o
        14          0          0          0          0         80   defsig_rtred_outer.o
        18          0          0          0          0         80   exit.o
        76          0          0          0          0         88   fclose.o
         8          0          0          0          0         68   ferror.o
       470          0          0          0          0         88   flsbuf.o
       236          4          0          0          0        128   fopen.o
        26          0          0          0          0         68   fputc.o
       248          6          0          0          0         84   fseek.o
        66          0          0          0          0         76   ftell.o
        94          0          0          0          0         80   h1_alloc.o
        52          0          0          0          0         68   h1_extend.o
        78          0          0          0          0         80   h1_free.o
        14          0          0          0          0         84   h1_init.o
         6          0          0          0          0        152   heapauxi.o
         4          0          0          0          0        136   hguard.o
         0          0          0          0          0          0   indicate_semi.o
       138          0          0          0          0        168   init_alloc.o
       312         46          0          0          0        112   initio.o
         2          0          0          0          0          0   libinit.o
        18          0          0          0          0          0   libinit2.o
         2          0          0          0          0          0   libshutdown.o
         6          0          0          0          0          0   libshutdown2.o
         8          4          0          0         96         68   libspace.o
       238          0          0          0          0        100   lludivv7m.o
         0          0          0          0          0          0   maybetermalloc1.o
        24          4          0          0          0         84   noretval__2printf.o
         8          4          0          0          0         68   rt_errno_addr_intlibspace.o
         8          4          0          0          0         68   rt_heap_descriptor_intlibspace.o
        78          0          0          0          0         80   rt_memclr_w.o
         2          0          0          0          0          0   rtexit.o
        10          0          0          0          0          0   rtexit2.o
        70          0          0          0          0         80   setvbuf.o
       240          6          0          0          0        156   stdio.o
         0          0          0         12        252          0   stdio_streams.o
       128          0          0          0          0         68   strcmpv7m.o
        12          4          0          0          0         68   sys_exit.o
        74          0          0          0          0         80   sys_stackheap_outer.o
        14          0          0          0          0         76   sys_wrch.o
         2          0          0          0          0         68   use_no_semi.o
        10          0          0          0          0        116   fpinit.o

    ----------------------------------------------------------------------
      3656        212          0         12        348       3716   Library Totals
         8          0          0          0          0          0   (incl. Padding)

    ----------------------------------------------------------------------

      Code (inc. data)   RO Data    RW Data    ZI Data      Debug   Library Name

      3638        212          0         12        348       3600   c_w.l
        10          0          0          0          0        116   fz_wm.l

    ----------------------------------------------------------------------
      3656        212          0         12        348       3716   Library Totals

    ----------------------------------------------------------------------

==============================================================================


      Code (inc. data)   RO Data    RW Data    ZI Data      Debug   

      8990        604        466         28       1988     772017   Grand Totals
      8990        604        466         28       1988     772017   ELF Image Totals
      8990        604        466         28          0          0   ROM Totals

==============================================================================

    Total RO  Size (Code + RO Data)                 9456 (   9.23kB)
    Total RW  Size (RW Data + ZI Data)              2016 (   1.97kB)
    Total ROM Size (Code + RO Data + RW Data)       9484 (   9.26kB)

==============================================================================

