Component: ARM Compiler 5.06 update 7 (build 960) Tool: armlink [4d3601]

==============================================================================

Section Cross References

    startup_stm32f407xx.o(STACK) refers (Special) to heapauxi.o(.text) for __use_two_region_memory
    startup_stm32f407xx.o(HEAP) refers (Special) to heapauxi.o(.text) for __use_two_region_memory
    startup_stm32f407xx.o(RESET) refers (Special) to heapauxi.o(.text) for __use_two_region_memory
    startup_stm32f407xx.o(RESET) refers to startup_stm32f407xx.o(STACK) for __initial_sp
    startup_stm32f407xx.o(RESET) refers to startup_stm32f407xx.o(.text) for Reset_Handler
    startup_stm32f407xx.o(RESET) refers to stm32f4xx_it.o(i.NMI_Handler) for NMI_Handler
    startup_stm32f407xx.o(RESET) refers to stm32f4xx_it.o(i.HardFault_Handler) for HardFault_Handler
    startup_stm32f407xx.o(RESET) refers to stm32f4xx_it.o(i.MemManage_Handler) for MemManage_Handler
    startup_stm32f407xx.o(RESET) refers to stm32f4xx_it.o(i.BusFault_Handler) for BusFault_Handler
    startup_stm32f407xx.o(RESET) refers to stm32f4xx_it.o(i.UsageFault_Handler) for UsageFault_Handler
    startup_stm32f407xx.o(RESET) refers to stm32f4xx_it.o(i.SVC_Handler) for SVC_Handler
    startup_stm32f407xx.o(RESET) refers to stm32f4xx_it.o(i.DebugMon_Handler) for DebugMon_Handler
    startup_stm32f407xx.o(RESET) refers to stm32f4xx_it.o(i.PendSV_Handler) for PendSV_Handler
    startup_stm32f407xx.o(RESET) refers to stm32f4xx_it.o(i.SysTick_Handler) for SysTick_Handler
    startup_stm32f407xx.o(.text) refers (Special) to heapauxi.o(.text) for __use_two_region_memory
    startup_stm32f407xx.o(.text) refers to system_stm32f4xx.o(i.SystemInit) for SystemInit
    startup_stm32f407xx.o(.text) refers to __main.o(!!!main) for __main
    startup_stm32f407xx.o(.text) refers to startup_stm32f407xx.o(HEAP) for Heap_Mem
    startup_stm32f407xx.o(.text) refers to startup_stm32f407xx.o(STACK) for Stack_Mem
    main.o(i.SystemClock_Config) refers to rt_memclr_w.o(.text) for __aeabi_memclr4
    main.o(i.SystemClock_Config) refers to stm32f4xx_hal_rcc.o(i.HAL_RCC_OscConfig) for HAL_RCC_OscConfig
    main.o(i.SystemClock_Config) refers to stm32f4xx_hal_rcc.o(i.HAL_RCC_ClockConfig) for HAL_RCC_ClockConfig
    main.o(i.fputc) refers to stm32f4xx_hal_uart.o(i.HAL_UART_Transmit) for HAL_UART_Transmit
    main.o(i.fputc) refers to usart.o(.bss) for huart2
    main.o(i.main) refers to _printf_percent.o(.ARM.Collect$$_printf_percent$$00000000) for _printf_percent
    main.o(i.main) refers to _printf_x.o(.ARM.Collect$$_printf_percent$$0000000C) for _printf_x
    main.o(i.main) refers to _printf_hex_int.o(.text) for _printf_longlong_hex
    main.o(i.main) refers to stm32f4xx_hal.o(i.HAL_Init) for HAL_Init
    main.o(i.main) refers to main.o(i.SystemClock_Config) for SystemClock_Config
    main.o(i.main) refers to gpio.o(i.MX_GPIO_Init) for MX_GPIO_Init
    main.o(i.main) refers to i2c.o(i.MX_I2C2_Init) for MX_I2C2_Init
    main.o(i.main) refers to usart.o(i.MX_USART2_UART_Init) for MX_USART2_UART_Init
    main.o(i.main) refers to stm32f4xx_hal_i2c.o(i.HAL_I2C_IsDeviceReady) for HAL_I2C_IsDeviceReady
    main.o(i.main) refers to noretval__2printf.o(.text) for __2printf
    main.o(i.main) refers to main.o(i.write_eeprom) for write_eeprom
    main.o(i.main) refers to main.o(i.read_eeprom) for read_eeprom
    main.o(i.main) refers to stm32f4xx_hal.o(i.HAL_Delay) for HAL_Delay
    main.o(i.main) refers to i2c.o(.bss) for hi2c2
    main.o(i.read_eeprom) refers to _printf_percent.o(.ARM.Collect$$_printf_percent$$00000000) for _printf_percent
    main.o(i.read_eeprom) refers to _printf_x.o(.ARM.Collect$$_printf_percent$$0000000C) for _printf_x
    main.o(i.read_eeprom) refers to _printf_hex_int.o(.text) for _printf_longlong_hex
    main.o(i.read_eeprom) refers to stm32f4xx_hal_i2c.o(i.HAL_I2C_Mem_Read) for HAL_I2C_Mem_Read
    main.o(i.read_eeprom) refers to noretval__2printf.o(.text) for __2printf
    main.o(i.read_eeprom) refers to i2c.o(.bss) for hi2c2
    main.o(i.write_eeprom) refers to _printf_percent.o(.ARM.Collect$$_printf_percent$$00000000) for _printf_percent
    main.o(i.write_eeprom) refers to _printf_x.o(.ARM.Collect$$_printf_percent$$0000000C) for _printf_x
    main.o(i.write_eeprom) refers to _printf_hex_int.o(.text) for _printf_longlong_hex
    main.o(i.write_eeprom) refers to stm32f4xx_hal_i2c.o(i.HAL_I2C_Master_Transmit) for HAL_I2C_Master_Transmit
    main.o(i.write_eeprom) refers to stm32f4xx_hal.o(i.HAL_Delay) for HAL_Delay
    main.o(i.write_eeprom) refers to noretval__2printf.o(.text) for __2printf
    main.o(i.write_eeprom) refers to i2c.o(.bss) for hi2c2
    i2c.o(i.HAL_I2C_MspDeInit) refers to stm32f4xx_hal_gpio.o(i.HAL_GPIO_DeInit) for HAL_GPIO_DeInit
    i2c.o(i.HAL_I2C_MspInit) refers to rt_memclr_w.o(.text) for __aeabi_memclr4
    i2c.o(i.HAL_I2C_MspInit) refers to stm32f4xx_hal_gpio.o(i.HAL_GPIO_Init) for HAL_GPIO_Init
[...]
    ../clib/heap1.c                          0x00000000   Number         0  h1_extend.o ABSOLUTE
    ../clib/heap1.c                          0x00000000   Number         0  h1_init.o ABSOLUTE
    ../clib/heap1.c                          0x00000000   Number         0  h1_free.o ABSOLUTE
    ../clib/heap2.c                          0x00000000   Number         0  heap2mt.o ABSOLUTE
    ../clib/heap2.c                          0x00000000   Number         0  heap2.o ABSOLUTE
    ../clib/heap2.c                          0x00000000   Number         0  fdtree.o ABSOLUTE
    ../clib/heapalloc.c                      0x00000000   Number         0  term_alloc.o ABSOLUTE
    ../clib/heapalloc.c                      0x00000000   Number         0  malloc.o ABSOLUTE
    ../clib/heapalloc.c                      0x00000000   Number         0  heapstubs.o ABSOLUTE
    ../clib/heapalloc.c                      0x00000000   Number         0  hrguard.o ABSOLUTE
    ../clib/heapalloc.c                      0x00000000   Number         0  maybetermalloc2.o ABSOLUTE
    ../clib/heapalloc.c                      0x00000000   Number         0  maybetermalloc2.o ABSOLUTE
    ../clib/heapalloc.c                      0x00000000   Number         0  maybetermalloc1.o ABSOLUTE
    ../clib/heapalloc.c                      0x00000000   Number         0  maybetermalloc1.o ABSOLUTE
    ../clib/heapalloc.c                      0x00000000   Number         0  free.o ABSOLUTE
    ../clib/heapalloc.c                      0x00000000   Number         0  hguard.o ABSOLUTE
    ../clib/heapalloc.c                      0x00000000   Number         0  init_alloc.o ABSOLUTE
    ../clib/heapaux.c                        0x00000000   Number         0  heapauxa.o ABSOLUTE
    ../clib/heapaux.c                        0x00000000   Number         0  heapauxi.o ABSOLUTE
    ../clib/libinit.s                        0x00000000   Number         0  libshutdown2.o ABSOLUTE
    ../clib/libinit.s                        0x00000000   Number         0  libinit2.o ABSOLUTE
    ../clib/libinit.s                        0x00000000   Number         0  libinit.o ABSOLUTE
    ../clib/libinit.s                        0x00000000   Number         0  libshutdown.o ABSOLUTE
    ../clib/longlong.s                       0x00000000   Number         0  lludivv7m.o ABSOLUTE
    ../clib/memcpset.s                       0x00000000   Number         0  rt_memcpy_w.o ABSOLUTE
    ../clib/memcpset.s                       0x00000000   Number         0  rt_memclr_w.o ABSOLUTE
    ../clib/memcpset.s                       0x00000000   Number         0  strcmpv7m.o ABSOLUTE
    ../clib/printf.c                         0x00000000   Number         0  __printf.o ABSOLUTE
    ../clib/printf.c                         0x00000000   Number         0  _printf_hex_ll.o ABSOLUTE
    ../clib/printf.c                         0x00000000   Number         0  _printf_hex_int.o ABSOLUTE
    ../clib/printf.c                         0x00000000   Number         0  _printf_intcommon.o ABSOLUTE
    ../clib/printf.c                         0x00000000   Number         0  _printf_hex_int_ll.o ABSOLUTE
    ../clib/printf.c                         0x00000000   Number         0  _printf_hex_ptr.o ABSOLUTE
    ../clib/printf.c                         0x00000000   Number         0  _printf_hex_ll_ptr.o ABSOLUTE
    ../clib/printf.c                         0x00000000   Number         0  _printf_hex_int_ll_ptr.o ABSOLUTE
    ../clib/printf.c                         0x00000000   Number         0  __printf_flags.o ABSOLUTE
    ../clib/printf.c                         0x00000000   Number         0  __printf_ss.o ABSOLUTE
    ../clib/printf.c                         0x00000000   Number         0  __printf_flags_ss.o ABSOLUTE
    ../clib/printf.c                         0x00000000   Number         0  __printf_wp.o ABSOLUTE
    ../clib/printf.c                         0x00000000   Number         0  __printf_flags_wp.o ABSOLUTE
    ../clib/printf.c                         0x00000000   Number         0  __printf_ss_wp.o ABSOLUTE
    ../clib/printf.c                         0x00000000   Number         0  __printf_flags_ss_wp.o ABSOLUTE
    ../clib/printf.c                         0x00000000   Number         0  _printf_char_file.o ABSOLUTE
    ../clib/printf.c                         0x00000000   Number         0  _printf_hex_int_ptr.o ABSOLUTE
    ../clib/printf.c                         0x00000000   Number         0  __printf_nopercent.o ABSOLUTE
    ../clib/printf.c                         0x00000000   Number         0  _printf_char_common.o ABSOLUTE
    ../clib/printf.c                         0x00000000   Number         0  __2printf.o ABSOLUTE
    ../clib/printf.c                         0x00000000   Number         0  noretval__2printf.o ABSOLUTE
    ../clib/printf_percent.s                 0x00000000   Number         0  _printf_percent_end.o ABSOLUTE
    ../clib/printf_percent.s                 0x00000000   Number         0  _printf_percent.o ABSOLUTE
    ../clib/printf_percent.s                 0x00000000   Number         0  _printf_x.o ABSOLUTE
    ../clib/signal.c                         0x00000000   Number         0  defsig_rtmem_outer.o ABSOLUTE
    ../clib/signal.c                         0x00000000   Number         0  defsig_fpe_inner.o ABSOLUTE
    ../clib/signal.c                         0x00000000   Number         0  defsig_rtmem_formal.o ABSOLUTE
    ../clib/signal.c                         0x00000000   Number         0  defsig_exit.o ABSOLUTE
    ../clib/signal.c                         0x00000000   Number         0  defsig_other.o ABSOLUTE
    ../clib/signal.c                         0x00000000   Number         0  defsig_stak_inner.o ABSOLUTE
    ../clib/signal.c                         0x00000000   Number         0  defsig_rtmem_inner.o ABSOLUTE
    ../clib/signal.c                         0x00000000   Number         0  defsig_rtred_outer.o ABSOLUTE
    ../clib/signal.c                         0x00000000   Number         0  defsig_general.o ABSOLUTE
    ../clib/signal.c                         0x00000000   Number         0  defsig_abrt_inner.o ABSOLUTE
    ../clib/signal.c                         0x00000000   Number         0  __raise.o ABSOLUTE
    ../clib/signal.c                         0x00000000   Number         0  defsig_pvfn_inner.o ABSOLUTE
    ../clib/signal.c                         0x00000000   Number         0  defsig_rtred_formal.o ABSOLUTE
    ../clib/signal.c                         0x00000000   Number         0  defsig_fpe_formal.o ABSOLUTE
    ../clib/signal.c                         0x00000000   Number         0  defsig_fpe_outer.o ABSOLUTE
    ../clib/signal.c                         0x00000000   Number         0  defsig_cppl_inner.o ABSOLUTE
    ../clib/signal.c                         0x00000000   Number         0  defsig_rtred_inner.o ABSOLUTE
    ../clib/signal.c                         0x00000000   Number         0  defsig_segv_inner.o ABSOLUTE
    ../clib/signal.s                         0x00000000   Number         0  defsig.o ABSOLUTE
    ../clib/stdio.c                          0x00000000   Number         0  ferror_locked.o ABSOLUTE
    ../clib/stdio.c                          0x00000000   Number         0  ftell.o ABSOLUTE
    ../clib/stdio.c                          0x00000000   Number         0  initio.o ABSOLUTE
    ../clib/stdio.c                          0x00000000   Number         0  ferror.o ABSOLUTE
    ../clib/stdio.c                          0x00000000   Number         0  setvbuf_locked.o ABSOLUTE
    ../clib/stdio.c                          0x00000000   Number         0  fopen_locked.o ABSOLUTE
    ../clib/stdio.c                          0x00000000   Number         0  fclose.o ABSOLUTE
    ../clib/stdio.c                          0x00000000   Number         0  fopen.o ABSOLUTE
    ../clib/stdio.c                          0x00000000   Number         0  streamlock.o ABSOLUTE
    ../clib/stdio.c                          0x00000000   Number         0  setvbuf.o ABSOLUTE
    ../clib/stdio.c                          0x00000000   Number         0  fseek.o ABSOLUTE
    ../clib/stdio.c                          0x00000000   Number         0  stdio_streams.o ABSOLUTE
    ../clib/stdio.c                          0x00000000   Number         0  stdio.o ABSOLUTE
    ../clib/stdio.c                          0x00000000   Number         0  initio_locked.o ABSOLUTE
    ../clib/stdlib.c                         0x00000000   Number         0  exit.o ABSOLUTE
    ../fplib/fpinit.s                        0x00000000   Number         0  fpinit.o ABSOLUTE
    ..\Core\Src\gpio.c                       0x00000000   Number         0  gpio.o ABSOLUTE
    ..\Core\Src\i2c.c                        0x00000000   Number         0  i2c.o ABSOLUTE
    ..\Core\Src\main.c                       0x00000000   Number         0  main.o ABSOLUTE
    ..\Core\Src\stm32f4xx_hal_msp.c          0x00000000   Number         0  stm32f4xx_hal_msp.o ABSOLUTE
    ..\Core\Src\stm32f4xx_it.c               0x00000000   Number         0  stm32f4xx_it.o ABSOLUTE
    ..\Core\Src\system_stm32f4xx.c           0x00000000   Number         0  system_stm32f4xx.o ABSOLUTE
    ..\Core\Src\usart.c                      0x00000000   Number         0  usart.o ABSOLUTE
    ..\Drivers\STM32F4xx_HAL_Driver\Src\stm32f4xx_hal.c 0x00000000   Number         0  stm32f4xx_hal.o ABSOLUTE
    ..\Drivers\STM32F4xx_HAL_Driver\Src\stm32f4xx_hal_cortex.c 0x00000000   Number         0  stm32f4xx_hal_cortex.o ABSOLUTE
    ..\Drivers\STM32F4xx_HAL_Driver\Src\stm32f4xx_hal_dma.c 0x00000000   Number         0  stm32f4xx_hal_dma.o ABSOLUTE
    ..\Drivers\STM32F4xx_HAL_Driver\Src\stm32f4xx_hal_dma_ex.c 0x00000000   Number         0  stm32f4xx_hal_dma_ex.o ABSOLUTE
    ..\Drivers\STM32F4xx_HAL_Driver\Src\stm32f4xx_hal_exti.c 0x00000000   Number         0  stm32f4xx_hal_exti.o ABSOLUTE
    ..\Drivers\STM32F4xx_HAL_Driver\Src\stm32f4xx_hal_flash.c 0x00000000   Number         0  stm32f4xx_hal_flash.o ABSOLUTE
    ..\Drivers\STM32F4xx_HAL_Driver\Src\stm32f4xx_hal_flash_ex.c 0x00000000   Number         0  stm32f4xx_hal_flash_ex.o ABSOLUTE
    ..\Drivers\STM32F4xx_HAL_Driver\Src\stm32f4xx_hal_flash_ramfunc.c 0x00000000   Number         0  stm32f4xx_hal_flash_ramfunc.o ABSOLUTE
    ..\Drivers\STM32F4xx_HAL_Driver\Src\stm32f4xx_hal_gpio.c 0x00000000   Number         0  stm32f4xx_hal_gpio.o ABSOLUTE
    ..\Drivers\STM32F4xx_HAL_Driver\Src\stm32f4xx_hal_i2c.c 0x00000000   Number         0  stm32f4xx_hal_i2c.o ABSOLUTE
    ..\Drivers\STM32F4xx_HAL_Driver\Src\stm32f4xx_hal_i2c_ex.c 0x00000000   Number         0  stm32f4xx_hal_i2c_ex.o ABSOLUTE
    ..\Drivers\STM32F4xx_HAL_Driver\Src\stm32f4xx_hal_pwr.c 0x00000000   Number         0  stm32f4xx_hal_pwr.o ABSOLUTE
    ..\Drivers\STM32F4xx_HAL_Driver\Src\stm32f4xx_hal_pwr_ex.c 0x00000000   Number         0  stm32f4xx_hal_pwr_ex.o ABSOLUTE
    ..\Drivers\STM32F4xx_HAL_Driver\Src\stm32f4xx_hal_rcc.c 0x00000000   Number         0  stm32f4xx_hal_rcc.o ABSOLUTE
    ..\Drivers\STM32F4xx_HAL_Driver\Src\stm32f4xx_hal_rcc_ex.c 0x00000000   Number         0  stm32f4xx_hal_rcc_ex.o ABSOLUTE
    ..\Drivers\STM32F4xx_HAL_Driver\Src\stm32f4xx_hal_tim.c 0x00000000   Number         0  stm32f4xx_hal_tim.o ABSOLUTE
    ..\Drivers\STM32F4xx_HAL_Driver\Src\stm32f4xx_hal_tim_ex.c 0x00000000   Number         0  stm32f4xx_hal_tim_ex.o ABSOLUTE
    ..\Drivers\STM32F4xx_HAL_Driver\Src\stm32f4xx_hal_uart.c 0x00000000   Number         0  stm32f4xx_hal_uart.o ABSOLUTE
    C:/Users/bang.nguyen-duy/AppData/Local/Arm/Packs/Keil/ARM_Compiler/1.7.2/Source/retarget_io.c 0x00000000   Number         0  retarget_io.o ABSOLUTE
    dc.s                                     0x00000000   Number         0  dc.o ABSOLUTE
    startup_stm32f407xx.s                    0x00000000   Number         0  startup_stm32f407xx.o ABSOLUTE
    RESET                                    0x08000000   Section      392  startup_stm32f407xx.o(RESET)
    !!!main                                  0x08000188   Section        8  __main.o(!!!main)
    !!!scatter                               0x08000190   Section       52  __scatter.o(!!!scatter)
    !!handler_copy                           0x080001c4   Section       26  __scatter_copy.o(!!handler_copy)
    !!handler_zi                             0x080001e0   Section       28  __scatter_zi.o(!!handler_zi)
    .ARM.Collect$$_printf_percent$$00000000  0x080001fc   Section        0  _printf_percent.o(.ARM.Collect$$_printf_percent$$00000000)
    .ARM.Collect$$_printf_percent$$0000000C  0x080001fc   Section        6  _printf_x.o(.ARM.Collect$$_printf_percent$$0000000C)
    .ARM.Collect$$_printf_percent$$00000017  0x08000202   Section        4  _printf_percent_end.o(.ARM.Collect$$_printf_percent$$00000017)
    .ARM.Collect$$libinit$$00000000          0x08000206   Section        2  libinit.o(.ARM.Collect$$libinit$$00000000)
    .ARM.Collect$$libinit$$00000001          0x08000208   Section        4  libinit2.o(.ARM.Collect$$libinit$$00000001)
    .ARM.Collect$$libinit$$00000004          0x0800020c   Section        0  libinit2.o(.ARM.Collect$$libinit$$00000004)
    .ARM.Collect$$libinit$$00000005          0x0800020c   Section        8  libinit2.o(.ARM.Collect$$libinit$$00000005)
    .ARM.Collect$$libinit$$0000000A          0x08000214   Section        0  libinit2.o(.ARM.Collect$$libinit$$0000000A)
    .ARM.Collect$$libinit$$0000000C          0x08000214   Section        0  libinit2.o(.ARM.Collect$$libinit$$0000000C)
    .ARM.Collect$$libinit$$0000000E          0x08000214   Section        0  libinit2.o(.ARM.Collect$$libinit$$0000000E)
    .ARM.Collect$$libinit$$00000011          0x08000214   Section        0  libinit2.o(.ARM.Collect$$libinit$$00000011)
    .ARM.Collect$$libinit$$00000013          0x08000214   Section        0  libinit2.o(.ARM.Collect$$libinit$$00000013)
    .ARM.Collect$$libinit$$00000015          0x08000214   Section        0  libinit2.o(.ARM.Collect$$libinit$$00000015)
    .ARM.Collect$$libinit$$00000017          0x08000214   Section        0  libinit2.o(.ARM.Collect$$libinit$$00000017)
    .ARM.Collect$$libinit$$00000019          0x08000214   Section        0  libinit2.o(.ARM.Collect$$libinit$$00000019)
    .ARM.Collect$$libinit$$0000001B          0x08000214   Section        0  libinit2.o(.ARM.Collect$$libinit$$0000001B)
    .ARM.Collect$$libinit$$0000001D          0x08000214   Section        0  libinit2.o(.ARM.Collect$$libinit$$0000001D)
    .ARM.Collect$$libinit$$0000001F          0x08000214   Section        0  libinit2.o(.ARM.Collect$$libinit$$0000001F)
    .ARM.Collect$$libinit$$00000021          0x08000214   Section        0  libinit2.o(.ARM.Collect$$libinit$$00000021)
    .ARM.Collect$$libinit$$00000023          0x08000214   Section        0  libinit2.o(.ARM.Collect$$libinit$$00000023)
    .ARM.Collect$$libinit$$00000024          0x08000214   Section        4  libinit2.o(.ARM.Collect$$libinit$$00000024)
    .ARM.Collect$$libinit$$00000025          0x08000218   Section        0  libinit2.o(.ARM.Collect$$libinit$$00000025)
    .ARM.Collect$$libinit$$0000002C          0x08000218   Section        0  libinit2.o(.ARM.Collect$$libinit$$0000002C)
    .ARM.Collect$$libinit$$0000002E          0x08000218   Section        0  libinit2.o(.ARM.Collect$$libinit$$0000002E)
    .ARM.Collect$$libinit$$00000030          0x08000218   Section        0  libinit2.o(.ARM.Collect$$libinit$$00000030)
    .ARM.Collect$$libinit$$00000032          0x08000218   Section        0  libinit2.o(.ARM.Collect$$libinit$$00000032)
    .ARM.Collect$$libinit$$00000033          0x08000218   Section        2  libinit2.o(.ARM.Collect$$libinit$$00000033)
    .ARM.Collect$$libshutdown$$00000000      0x0800021a   Section        2  libshutdown.o(.ARM.Collect$$libshutdown$$00000000)
    .ARM.Collect$$libshutdown$$00000002      0x0800021c   Section        0  libshutdown2.o(.ARM.Collect$$libshutdown$$00000002)
    .ARM.Collect$$libshutdown$$00000004      0x0800021c   Section        0  libshutdown2.o(.ARM.Collect$$libshutdown$$00000004)
    .ARM.Collect$$libshutdown$$00000005      0x0800021c   Section        4  libshutdown2.o(.ARM.Collect$$libshutdown$$00000005)
    .ARM.Collect$$libshutdown$$00000006      0x08000220   Section        0  libshutdown2.o(.ARM.Collect$$libshutdown$$00000006)
    .ARM.Collect$$libshutdown$$00000009      0x08000220   Section        0  libshutdown2.o(.ARM.Collect$$libshutdown$$00000009)
    .ARM.Collect$$libshutdown$$0000000C      0x08000220   Section        0  libshutdown2.o(.ARM.Collect$$libshutdown$$0000000C)
    .ARM.Collect$$libshutdown$$0000000E      0x08000220   Section        0  libshutdown2.o(.ARM.Collect$$libshutdown$$0000000E)
    .ARM.Collect$$libshutdown$$00000011      0x08000220   Section        0  libshutdown2.o(.ARM.Collect$$libshutdown$$00000011)
    .ARM.Collect$$libshutdown$$00000012      0x08000220   Section        2  libshutdown2.o(.ARM.Collect$$libshutdown$$00000012)
    .ARM.Collect$$rtentry$$00000000          0x08000222   Section        0  __rtentry.o(.ARM.Collect$$rtentry$$00000000)
    .ARM.Collect$$rtentry$$00000002          0x08000222   Section        0  __rtentry2.o(.ARM.Collect$$rtentry$$00000002)
    .ARM.Collect$$rtentry$$00000004          0x08000222   Section        6  __rtentry4.o(.ARM.Collect$$rtentry$$00000004)
    .ARM.Collect$$rtentry$$00000009          0x08000228   Section        0  __rtentry2.o(.ARM.Collect$$rtentry$$00000009)
    .ARM.Collect$$rtentry$$0000000A          0x08000228   Section        4  __rtentry2.o(.ARM.Collect$$rtentry$$0000000A)
    .ARM.Collect$$rtentry$$0000000C          0x0800022c   Section        0  __rtentry2.o(.ARM.Collect$$rtentry$$0000000C)
    .ARM.Collect$$rtentry$$0000000D          0x0800022c   Section        8  __rtentry2.o(.ARM.Collect$$rtentry$$0000000D)
    .ARM.Collect$$rtexit$$00000000           0x08000234   Section        2  rtexit.o(.ARM.Collect$$rtexit$$00000000)
    .ARM.Collect$$rtexit$$00000002           0x08000236   Section        0  rtexit2.o(.ARM.Collect$$rtexit$$00000002)
    .ARM.Collect$$rtexit$$00000003           0x08000236   Section        4  rtexit2.o(.ARM.Collect$$rtexit$$00000003)
    .ARM.Collect$$rtexit$$00000004           0x0800023a   Section        6  rtexit2.o(.ARM.Collect$$rtexit$$00000004)
    .emb_text                                0x08000240   Section        0  maybetermalloc1.o(.emb_text)
    .text                                    0x08000240   Section       64  startup_stm32f407xx.o(.text)
    $v0                                      0x08000240   Number         0  startup_stm32f407xx.o(.text)
    .text                                    0x08000280   Section      238  lludivv7m.o(.text)
    .text                                    0x08000370   Section        0  noretval__2printf.o(.text)
    .text                                    0x08000388   Section        0  __printf.o(.text)
    .text                                    0x080003f0   Section        0  _printf_hex_int.o(.text)
    .text                                    0x08000448   Section       78  rt_memclr_w.o(.text)
    .text                                    0x08000498   Section      128  strcmpv7m.o(.text)
    .text                                    0x08000518   Section        0  heapauxi.o(.text)
    .text                                    0x0800051e   Section        0  _printf_intcommon.o(.text)
    .text                                    0x080005d0   Section        0  _printf_char_file.o(.text)
    .text                                    0x080005f4   Section        0  _printf_char_common.o(.text)
    _printf_input_char                       0x080005f5   Thumb Code    10  _printf_char_common.o(.text)
    .text                                    0x08000624   Section        0  ferror.o(.text)
    .text                                    0x0800062c   Section        0  initio.o(.text)
    .text                                    0x08000764   Section       74  sys_stackheap_outer.o(.text)
    .text                                    0x080007ae   Section        0  h1_free.o(.text)
    .text                                    0x080007fc   Section        0  setvbuf.o(.text)
    .text                                    0x08000844   Section        0  fopen.o(.text)
    _freopen_locked                          0x08000845   Thumb Code     0  fopen.o(.text)
    .text                                    0x08000930   Section        0  fclose.o(.text)
    .text                                    0x0800097c   Section        0  exit.o(.text)
    .text                                    0x0800098e   Section        0  defsig_rtred_outer.o(.text)
    .text                                    0x0800099c   Section        8  libspace.o(.text)
    .text                                    0x080009a4   Section        8  rt_heap_descriptor_intlibspace.o(.text)
    .text                                    0x080009ac   Section        0  hguard.o(.text)
    .text                                    0x080009b0   Section        0  init_alloc.o(.text)
    .text                                    0x08000a3a   Section        0  h1_alloc.o(.text)
    .text                                    0x08000a98   Section        0  fseek.o(.text)
    .text                                    0x08000b90   Section        0  stdio.o(.text)
    .text                                    0x08000c80   Section        0  defsig_exit.o(.text)
    .text                                    0x08000c8c   Section        0  defsig_rtred_inner.o(.text)
    .text                                    0x08000cc0   Section        0  sys_exit.o(.text)
    .text                                    0x08000ccc   Section        0  h1_init.o(.text)
    .text                                    0x08000cda   Section        0  h1_extend.o(.text)
    .text                                    0x08000d0e   Section        0  ftell.o(.text)
    .text                                    0x08000d50   Section        0  defsig_general.o(.text)
    .text                                    0x08000d82   Section        0  defsig_rtmem_outer.o(.text)
    .text                                    0x08000d90   Section        0  sys_wrch.o(.text)
    .text                                    0x08000d9e   Section        2  use_no_semi.o(.text)
    .text                                    0x08000da0   Section        8  rt_errno_addr_intlibspace.o(.text)
    .text                                    0x08000da0   Section        0  indicate_semi.o(.text)
    .text                                    0x08000da8   Section        0  defsig_rtmem_inner.o(.text)
    i.BusFault_Handler                       0x08000df8   Section        0  stm32f4xx_it.o(i.BusFault_Handler)
    i.DebugMon_Handler                       0x08000dfa   Section        0  stm32f4xx_it.o(i.DebugMon_Handler)
    i.Error_Handler                          0x08000dfc   Section        0  main.o(i.Error_Handler)
    i.HAL_Delay                              0x08000e00   Section        0  stm32f4xx_hal.o(i.HAL_Delay)
    i.HAL_GPIO_Init                          0x08000e24   Section        0  stm32f4xx_hal_gpio.o(i.HAL_GPIO_Init)
    i.HAL_GetTick                            0x08001014   Section        0  stm32f4xx_hal.o(i.HAL_GetTick)
    i.HAL_I2C_Init                           0x08001020   Section        0  stm32f4xx_hal_i2c.o(i.HAL_I2C_Init)
    i.HAL_I2C_IsDeviceReady                  0x080011a8   Section        0  stm32f4xx_hal_i2c.o(i.HAL_I2C_IsDeviceReady)
    i.HAL_I2C_Master_Transmit                0x08001314   Section        0  stm32f4xx_hal_i2c.o(i.HAL_I2C_Master_Transmit)
    i.HAL_I2C_Mem_Read                       0x08001440   Section        0  stm32f4xx_hal_i2c.o(i.HAL_I2C_Mem_Read)
    i.HAL_I2C_MspInit                        0x08001638   Section        0  i2c.o(i.HAL_I2C_MspInit)
    i.HAL_IncTick                            0x080016a4   Section        0  stm32f4xx_hal.o(i.HAL_IncTick)
    i.HAL_Init                               0x080016b4   Section        0  stm32f4xx_hal.o(i.HAL_Init)
    i.HAL_InitTick                           0x080016e8   Section        0  stm32f4xx_hal.o(i.HAL_InitTick)
    i.HAL_MspInit                            0x08001728   Section        0  stm32f4xx_hal_msp.o(i.HAL_MspInit)
    i.HAL_NVIC_SetPriority                   0x08001758   Section        0  stm32f4xx_hal_cortex.o(i.HAL_NVIC_SetPriority)
    i.HAL_NVIC_SetPriorityGrouping           0x08001798   Section        0  stm32f4xx_hal_cortex.o(i.HAL_NVIC_SetPriorityGrouping)
    i.HAL_RCC_ClockConfig                    0x080017bc   Section        0  stm32f4xx_hal_rcc.o(i.HAL_RCC_ClockConfig)
    i.HAL_RCC_GetPCLK1Freq                   0x080018f0   Section        0  stm32f4xx_hal_rcc.o(i.HAL_RCC_GetPCLK1Freq)
    i.HAL_RCC_GetPCLK2Freq                   0x08001910   Section        0  stm32f4xx_hal_rcc.o(i.HAL_RCC_GetPCLK2Freq)
    i.HAL_RCC_GetSysClockFreq                0x08001930   Section        0  stm32f4xx_hal_rcc.o(i.HAL_RCC_GetSysClockFreq)
    i.HAL_RCC_OscConfig                      0x08001990   Section        0  stm32f4xx_hal_rcc.o(i.HAL_RCC_OscConfig)
    i.HAL_SYSTICK_Config                     0x08001cfc   Section        0  stm32f4xx_hal_cortex.o(i.HAL_SYSTICK_Config)
    i.HAL_UART_Init                          0x08001d24   Section        0  stm32f4xx_hal_uart.o(i.HAL_UART_Init)
    i.HAL_UART_MspInit                       0x08001d88   Section        0  usart.o(i.HAL_UART_MspInit)
    i.HAL_UART_Transmit                      0x08001df0   Section        0  stm32f4xx_hal_uart.o(i.HAL_UART_Transmit)
    i.HardFault_Handler                      0x08001ea2   Section        0  stm32f4xx_it.o(i.HardFault_Handler)
    i.I2C_IsAcknowledgeFailed                0x08001ea4   Section        0  stm32f4xx_hal_i2c.o(i.I2C_IsAcknowledgeFailed)
    I2C_IsAcknowledgeFailed                  0x08001ea5   Thumb Code    46  stm32f4xx_hal_i2c.o(i.I2C_IsAcknowledgeFailed)
    i.I2C_MasterRequestWrite                 0x08001ed4   Section        0  stm32f4xx_hal_i2c.o(i.I2C_MasterRequestWrite)
    I2C_MasterRequestWrite                   0x08001ed5   Thumb Code   150  stm32f4xx_hal_i2c.o(i.I2C_MasterRequestWrite)
    i.I2C_RequestMemoryRead                  0x08001f70   Section        0  stm32f4xx_hal_i2c.o(i.I2C_RequestMemoryRead)
    I2C_RequestMemoryRead                    0x08001f71   Thumb Code   246  stm32f4xx_hal_i2c.o(i.I2C_RequestMemoryRead)
    i.I2C_WaitOnBTFFlagUntilTimeout          0x0800206c   Section        0  stm32f4xx_hal_i2c.o(i.I2C_WaitOnBTFFlagUntilTimeout)
    I2C_WaitOnBTFFlagUntilTimeout            0x0800206d   Thumb Code    76  stm32f4xx_hal_i2c.o(i.I2C_WaitOnBTFFlagUntilTimeout)
    i.I2C_WaitOnFlagUntilTimeout             0x080020b8   Section        0  stm32f4xx_hal_i2c.o(i.I2C_WaitOnFlagUntilTimeout)
    I2C_WaitOnFlagUntilTimeout               0x080020b9   Thumb Code   104  stm32f4xx_hal_i2c.o(i.I2C_WaitOnFlagUntilTimeout)
    i.I2C_WaitOnMasterAddressFlagUntilTimeout 0x08002120   Section        0  stm32f4xx_hal_i2c.o(i.I2C_WaitOnMasterAddressFlagUntilTimeout)
    I2C_WaitOnMasterAddressFlagUntilTimeout  0x08002121   Thumb Code   150  stm32f4xx_hal_i2c.o(i.I2C_WaitOnMasterAddressFlagUntilTimeout)
    i.I2C_WaitOnRXNEFlagUntilTimeout         0x080021b6   Section        0  stm32f4xx_hal_i2c.o(i.I2C_WaitOnRXNEFlagUntilTimeout)
    I2C_WaitOnRXNEFlagUntilTimeout           0x080021b7   Thumb Code   102  stm32f4xx_hal_i2c.o(i.I2C_WaitOnRXNEFlagUntilTimeout)
    i.I2C_WaitOnTXEFlagUntilTimeout          0x0800221c   Section        0  stm32f4xx_hal_i2c.o(i.I2C_WaitOnTXEFlagUntilTimeout)
    I2C_WaitOnTXEFlagUntilTimeout            0x0800221d   Thumb Code    76  stm32f4xx_hal_i2c.o(i.I2C_WaitOnTXEFlagUntilTimeout)
    i.ITM_SendChar                           0x08002268   Section        0  retarget_io.o(i.ITM_SendChar)
    i.MX_GPIO_Init                           0x0800228c   Section        0  gpio.o(i.MX_GPIO_Init)
    i.MX_I2C2_Init                           0x080022c8   Section        0  i2c.o(i.MX_I2C2_Init)
    i.MX_USART2_UART_Init                    0x08002308   Section        0  usart.o(i.MX_USART2_UART_Init)
    i.MemManage_Handler                      0x08002340   Section        0  stm32f4xx_it.o(i.MemManage_Handler)
    i.NMI_Handler                            0x08002342   Section        0  stm32f4xx_it.o(i.NMI_Handler)
    i.PendSV_Handler                         0x08002344   Section        0  stm32f4xx_it.o(i.PendSV_Handler)
    i.SVC_Handler                            0x08002346   Section        0  stm32f4xx_it.o(i.SVC_Handler)
    i.SysTick_Handler                        0x08002348   Section        0  stm32f4xx_it.o(i.SysTick_Handler)
    i.SystemClock_Config                     0x0800234c   Section        0  main.o(i.SystemClock_Config)
    i.SystemInit                             0x080023e0   Section        0  system_stm32f4xx.o(i.SystemInit)
    i.UART_SetConfig                         0x080023f0   Section        0  stm32f4xx_hal_uart.o(i.UART_SetConfig)
    UART_SetConfig                           0x080023f1   Thumb Code   258  stm32f4xx_hal_uart.o(i.UART_SetConfig)
    i.UART_WaitOnFlagUntilTimeout            0x080024fc   Section        0  stm32f4xx_hal_uart.o(i.UART_WaitOnFlagUntilTimeout)
    UART_WaitOnFlagUntilTimeout              0x080024fd   Thumb Code   120  stm32f4xx_hal_uart.o(i.UART_WaitOnFlagUntilTimeout)
    i.UsageFault_Handler                     0x08002574   Section        0  stm32f4xx_it.o(i.UsageFault_Handler)
    i.__NVIC_SetPriority                     0x08002576   Section        0  stm32f4xx_hal_cortex.o(i.__NVIC_SetPriority)
    __NVIC_SetPriority                       0x08002577   Thumb Code    32  stm32f4xx_hal_cortex.o(i.__NVIC_SetPriority)
    i._sys_close                             0x08002596   Section        0  retarget_io.o(i._sys_close)
    i._sys_flen                              0x080025ae   Section        0  retarget_io.o(i._sys_flen)
    i._sys_istty                             0x080025ba   Section        0  retarget_io.o(i._sys_istty)
    i._sys_open                              0x080025d4   Section        0  retarget_io.o(i._sys_open)
    i._sys_seek                              0x08002630   Section        0  retarget_io.o(i._sys_seek)
    i._sys_write                             0x08002636   Section        0  retarget_io.o(i._sys_write)
    i.fputc                                  0x08002674   Section        0  main.o(i.fputc)
    i.main                                   0x0800268c   Section        0  main.o(i.main)
    i.read_eeprom                            0x0800273c   Section        0  main.o(i.read_eeprom)
    i.write_eeprom                           0x08002794   Section        0  main.o(i.write_eeprom)
    x$fpl$fpinit                             0x080027e0   Section       10  fpinit.o(x$fpl$fpinit)
    $v0                                      0x080027e0   Number         0  fpinit.o(x$fpl$fpinit)
    .constdata                               0x080027ea   Section       16  system_stm32f4xx.o(.constdata)
    .constdata                               0x080027fa   Section        8  system_stm32f4xx.o(.constdata)
    .constdata                               0x08002802   Section        7  retarget_io.o(.constdata)
    .constdata                               0x08002809   Section        8  retarget_io.o(.constdata)
    .constdata                               0x08002811   Section        8  retarget_io.o(.constdata)
    .constdata                               0x08002819   Section       40  _printf_hex_int.o(.constdata)
    uc_hextab                                0x08002819   Data          20  _printf_hex_int.o(.constdata)
    lc_hextab                                0x0800282d   Data          20  _printf_hex_int.o(.constdata)
    .data                                    0x20000000   Section       12  stm32f4xx_hal.o(.data)
    .data                                    0x2000000c   Section        4  system_stm32f4xx.o(.data)
    .data                                    0x20000010   Section        4  stdio_streams.o(.data)
    .data                                    0x20000014   Section        4  stdio_streams.o(.data)
    .data                                    0x20000018   Section        4  stdio_streams.o(.data)
    .bss                                     0x2000001c   Section       84  i2c.o(.bss)
    .bss                                     0x20000070   Section       68  usart.o(.bss)
    .bss                                     0x200000b4   Section       84  stdio_streams.o(.bss)
    .bss                                     0x20000108   Section       84  stdio_streams.o(.bss)
    .bss                                     0x2000015c   Section       84  stdio_streams.o(.bss)
    .bss                                     0x200001b0   Section       96  libspace.o(.bss)
    HEAP                                     0x20000210   Section      512  startup_stm32f407xx.o(HEAP)
    Heap_Mem                                 0x20000210   Data         512  startup_stm32f407xx.o(HEAP)
    STACK                                    0x20000410   Section     1024  startup_stm32f407xx.o(STACK)
    Stack_Mem                                0x20000410   Data        1024  startup_stm32f407xx.o(STACK)
    __initial_sp                             0x20000810   Data           0  startup_stm32f407xx.o(STACK)

    Global Symbols

    Symbol Name                              Value     Ov Type        Size  Object(Section)

    BuildAttributes$$THM_ISAv4$E$P$D$K$B$S$7EM$VFPi3$EXTD16$VFPS$VFMA$PE$A:L22UL41UL21$X:L11$S22US41US21$IEEE1$IW$USESV6$~STKCKD$USESV7$~SHL$OTIME$ROPI$EBA8$UX$STANDARDLIB$REQ8$PRES8$EABIv2 0x00000000   Number         0  anon$$obj.o ABSOLUTE
    __ARM_use_no_argv                        0x00000000   Number         0  main.o ABSOLUTE
    __ARM_exceptions_init                     - Undefined Weak Reference
    __alloca_initialize                       - Undefined Weak Reference
    __arm_fini_                               - Undefined Weak Reference
    __arm_preinit_                            - Undefined Weak Reference
    __cpp_initialize__aeabi_                  - Undefined Weak Reference
    __cxa_finalize                            - Undefined Weak Reference
    __rt_locale                               - Undefined Weak Reference
    __sigvec_lookup                           - Undefined Weak Reference
    __user_heap_extent                        - Undefined Weak Reference
    _atexit_init                              - Undefined Weak Reference
    _call_atexit_fns                          - Undefined Weak Reference
    _clock_init                               - Undefined Weak Reference
    _fp_trap_init                             - Undefined Weak Reference
    _fp_trap_shutdown                         - Undefined Weak Reference
    _get_lc_collate                           - Undefined Weak Reference
    _get_lc_ctype                             - Undefined Weak Reference
    _get_lc_monetary                          - Undefined Weak Reference
    _get_lc_numeric                           - Undefined Weak Reference
    _get_lc_time                              - Undefined Weak Reference
    _getenv_init                              - Undefined Weak Reference
    _handle_redirection                       - Undefined Weak Reference
    _mutex_acquire                            - Undefined Weak Reference
    _mutex_free                               - Undefined Weak Reference
    _mutex_release                            - Undefined Weak Reference
    _printf_post_padding                      - Undefined Weak Reference
    _printf_pre_padding                       - Undefined Weak Reference
    _printf_truncate_unsigned                 - Undefined Weak Reference
    _rand_init                                - Undefined Weak Reference
    _signal_finish                            - Undefined Weak Reference
    _signal_init                              - Undefined Weak Reference
    __Vectors_Size                           0x00000188   Number         0  startup_stm32f407xx.o ABSOLUTE
    __Vectors                                0x08000000   Data           4  startup_stm32f407xx.o(RESET)
    __Vectors_End                            0x08000188   Data           0  startup_stm32f407xx.o(RESET)
    __main                                   0x08000189   Thumb Code     8  __main.o(!!!main)
    __scatterload                            0x08000191   Thumb Code     0  __scatter.o(!!!scatter)
    __scatterload_rt2                        0x08000191   Thumb Code    44  __scatter.o(!!!scatter)
    __scatterload_rt2_thumb_only             0x08000191   Thumb Code     0  __scatter.o(!!!scatter)
    __scatterload_null                       0x0800019f   Thumb Code     0  __scatter.o(!!!scatter)
    __scatterload_copy                       0x080001c5   Thumb Code    26  __scatter_copy.o(!!handler_copy)
    __scatterload_zeroinit                   0x080001e1   Thumb Code    28  __scatter_zi.o(!!handler_zi)
    _printf_percent                          0x080001fd   Thumb Code     0  _printf_percent.o(.ARM.Collect$$_printf_percent$$00000000)
    _printf_x                                0x080001fd   Thumb Code     0  _printf_x.o(.ARM.Collect$$_printf_percent$$0000000C)
    _printf_percent_end                      0x08000203   Thumb Code     0  _printf_percent_end.o(.ARM.Collect$$_printf_percent$$00000017)
    __rt_lib_init                            0x08000207   Thumb Code     0  libinit.o(.ARM.Collect$$libinit$$00000000)
    __rt_lib_init_fp_1                       0x08000209   Thumb Code     0  libinit2.o(.ARM.Collect$$libinit$$00000001)
    __rt_lib_init_heap_2                     0x0800020d   Thumb Code     0  libinit2.o(.ARM.Collect$$libinit$$00000005)
    __rt_lib_init_preinit_1                  0x0800020d   Thumb Code     0  libinit2.o(.ARM.Collect$$libinit$$00000004)
    __rt_lib_init_atexit_1                   0x08000215   Thumb Code     0  libinit2.o(.ARM.Collect$$libinit$$0000001B)
    __rt_lib_init_clock_1                    0x08000215   Thumb Code     0  libinit2.o(.ARM.Collect$$libinit$$00000021)
    __rt_lib_init_fp_trap_1                  0x08000215   Thumb Code     0  libinit2.o(.ARM.Collect$$libinit$$0000001F)
    __rt_lib_init_getenv_1                   0x08000215   Thumb Code     0  libinit2.o(.ARM.Collect$$libinit$$00000023)
    __rt_lib_init_heap_1                     0x08000215   Thumb Code     0  libinit2.o(.ARM.Collect$$libinit$$0000000A)
    __rt_lib_init_lc_collate_1               0x08000215   Thumb Code     0  libinit2.o(.ARM.Collect$$libinit$$00000011)
    __rt_lib_init_lc_ctype_1                 0x08000215   Thumb Code     0  libinit2.o(.ARM.Collect$$libinit$$00000013)
    __rt_lib_init_lc_monetary_1              0x08000215   Thumb Code     0  libinit2.o(.ARM.Collect$$libinit$$00000015)
    __rt_lib_init_lc_numeric_1               0x08000215   Thumb Code     0  libinit2.o(.ARM.Collect$$libinit$$00000017)
    __rt_lib_init_lc_time_1                  0x08000215   Thumb Code     0  libinit2.o(.ARM.Collect$$libinit$$00000019)
    __rt_lib_init_rand_1                     0x08000215   Thumb Code     0  libinit2.o(.ARM.Collect$$libinit$$0000000E)
    __rt_lib_init_signal_1                   0x08000215   Thumb Code     0  libinit2.o(.ARM.Collect$$libinit$$0000001D)
    __rt_lib_init_stdio_2                    0x08000215   Thumb Code     0  libinit2.o(.ARM.Collect$$libinit$$00000024)
    __rt_lib_init_user_alloc_1               0x08000215   Thumb Code     0  libinit2.o(.ARM.Collect$$libinit$$0000000C)
    __rt_lib_init_alloca_1                   0x08000219   Thumb Code     0  libinit2.o(.ARM.Collect$$libinit$$0000002E)
    __rt_lib_init_argv_1                     0x08000219   Thumb Code     0  libinit2.o(.ARM.Collect$$libinit$$0000002C)
    __rt_lib_init_cpp_1                      0x08000219   Thumb Code     0  libinit2.o(.ARM.Collect$$libinit$$00000032)
    __rt_lib_init_exceptions_1               0x08000219   Thumb Code     0  libinit2.o(.ARM.Collect$$libinit$$00000030)
    __rt_lib_init_return                     0x08000219   Thumb Code     0  libinit2.o(.ARM.Collect$$libinit$$00000033)
    __rt_lib_init_stdio_1                    0x08000219   Thumb Code     0  libinit2.o(.ARM.Collect$$libinit$$00000025)
    __rt_lib_shutdown                        0x0800021b   Thumb Code     0  libshutdown.o(.ARM.Collect$$libshutdown$$00000000)
    __rt_lib_shutdown_cpp_1                  0x0800021d   Thumb Code     0  libshutdown2.o(.ARM.Collect$$libshutdown$$00000004)
    __rt_lib_shutdown_fini_1                 0x0800021d   Thumb Code     0  libshutdown2.o(.ARM.Collect$$libshutdown$$00000002)
    __rt_lib_shutdown_stdio_2                0x0800021d   Thumb Code     0  libshutdown2.o(.ARM.Collect$$libshutdown$$00000005)
    __rt_lib_shutdown_fp_trap_1              0x08000221   Thumb Code     0  libshutdown2.o(.ARM.Collect$$libshutdown$$00000009)
    __rt_lib_shutdown_heap_1                 0x08000221   Thumb Code     0  libshutdown2.o(.ARM.Collect$$libshutdown$$00000011)
    __rt_lib_shutdown_return                 0x08000221   Thumb Code     0  libshutdown2.o(.ARM.Collect$$libshutdown$$00000012)
    __rt_lib_shutdown_signal_1               0x08000221   Thumb Code     0  libshutdown2.o(.ARM.Collect$$libshutdown$$0000000C)
    __rt_lib_shutdown_stdio_1                0x08000221   Thumb Code     0  libshutdown2.o(.ARM.Collect$$libshutdown$$00000006)
    __rt_lib_shutdown_user_alloc_1           0x08000221   Thumb Code     0  libshutdown2.o(.ARM.Collect$$libshutdown$$0000000E)
    __rt_entry                               0x08000223   Thumb Code     0  __rtentry.o(.ARM.Collect$$rtentry$$00000000)
    __rt_entry_presh_1                       0x08000223   Thumb Code     0  __rtentry2.o(.ARM.Collect$$rtentry$$00000002)
    __rt_entry_sh                            0x08000223   Thumb Code     0  __rtentry4.o(.ARM.Collect$$rtentry$$00000004)
    __rt_entry_li                            0x08000229   Thumb Code     0  __rtentry2.o(.ARM.Collect$$rtentry$$0000000A)
    __rt_entry_postsh_1                      0x08000229   Thumb Code     0  __rtentry2.o(.ARM.Collect$$rtentry$$00000009)
    __rt_entry_main                          0x0800022d   Thumb Code     0  __rtentry2.o(.ARM.Collect$$rtentry$$0000000D)
    __rt_entry_postli_1                      0x0800022d   Thumb Code     0  __rtentry2.o(.ARM.Collect$$rtentry$$0000000C)
    __rt_exit                                0x08000235   Thumb Code     0  rtexit.o(.ARM.Collect$$rtexit$$00000000)
    __rt_exit_ls                             0x08000237   Thumb Code     0  rtexit2.o(.ARM.Collect$$rtexit$$00000003)
    __rt_exit_prels_1                        0x08000237   Thumb Code     0  rtexit2.o(.ARM.Collect$$rtexit$$00000002)
    __rt_exit_exit                           0x0800023b   Thumb Code     0  rtexit2.o(.ARM.Collect$$rtexit$$00000004)
    Reset_Handler                            0x08000241   Thumb Code     8  startup_stm32f407xx.o(.text)
    _maybe_terminate_alloc                   0x08000241   Thumb Code     0  maybetermalloc1.o(.emb_text)
    ADC_IRQHandler                           0x0800025b   Thumb Code     0  startup_stm32f407xx.o(.text)
    CAN1_RX0_IRQHandler                      0x0800025b   Thumb Code     0  startup_stm32f407xx.o(.text)
    CAN1_RX1_IRQHandler                      0x0800025b   Thumb Code     0  startup_stm32f407xx.o(.text)
    CAN1_SCE_IRQHandler                      0x0800025b   Thumb Code     0  startup_stm32f407xx.o(.text)
    CAN1_TX_IRQHandler                       0x0800025b   Thumb Code     0  startup_stm32f407xx.o(.text)
    CAN2_RX0_IRQHandler                      0x0800025b   Thumb Code     0  startup_stm32f407xx.o(.text)
    CAN2_RX1_IRQHandler                      0x0800025b   Thumb Code     0  startup_stm32f407xx.o(.text)
    CAN2_SCE_IRQHandler                      0x0800025b   Thumb Code     0  startup_stm32f407xx.o(.text)
    CAN2_TX_IRQHandler                       0x0800025b   Thumb Code     0  startup_stm32f407xx.o(.text)
    DCMI_IRQHandler                          0x0800025b   Thumb Code     0  startup_stm32f407xx.o(.text)
    DMA1_Stream0_IRQHandler                  0x0800025b   Thumb Code     0  startup_stm32f407xx.o(.text)
    DMA1_Stream1_IRQHandler                  0x0800025b   Thumb Code     0  startup_stm32f407xx.o(.text)
    DMA1_Stream2_IRQHandler                  0x0800025b   Thumb Code     0  startup_stm32f407xx.o(.text)
    DMA1_Stream3_IRQHandler                  0x0800025b   Thumb Code     0  startup_stm32f407xx.o(.text)
    DMA1_Stream4_IRQHandler                  0x0800025b   Thumb Code     0  startup_stm32f407xx.o(.text)
    DMA1_Stream5_IRQHandler                  0x0800025b   Thumb Code     0  startup_stm32f407xx.o(.text)
    DMA1_Stream6_IRQHandler                  0x0800025b   Thumb Code     0  startup_stm32f407xx.o(.text)
    DMA1_Stream7_IRQHandler                  0x0800025b   Thumb Code     0  startup_stm32f407xx.o(.text)
    DMA2_Stream0_IRQHandler                  0x0800025b   Thumb Code     0  startup_stm32f407xx.o(.text)
    DMA2_Stream1_IRQHandler                  0x0800025b   Thumb Code     0  startup_stm32f407xx.o(.text)
    DMA2_Stream2_IRQHandler                  0x0800025b   Thumb Code     0  startup_stm32f407xx.o(.text)
    DMA2_Stream3_IRQHandler                  0x0800025b   Thumb Code     0  startup_stm32f407xx.o(.text)
    DMA2_Stream4_IRQHandler                  0x0800025b   Thumb Code     0  startup_stm32f407xx.o(.text)
    DMA2_Stream5_IRQHandler                  0x0800025b   Thumb Code     0  startup_stm32f407xx.o(.text)
    DMA2_Stream6_IRQHandler                  0x0800025b   Thumb Code     0  startup_stm32f407xx.o(.text)
    DMA2_Stream7_IRQHandler                  0x0800025b   Thumb Code     0  startup_stm32f407xx.o(.text)
    ETH_IRQHandler                           0x0800025b   Thumb Code     0  startup_stm32f407xx.o(.text)
    ETH_WKUP_IRQHandler                      0x0800025b   Thumb Code     0  startup_stm32f407xx.o(.text)
    EXTI0_IRQHandler                         0x0800025b   Thumb Code     0  startup_stm32f407xx.o(.text)
    EXTI15_10_IRQHandler                     0x0800025b   Thumb Code     0  startup_stm32f407xx.o(.text)
    EXTI1_IRQHandler                         0x0800025b   Thumb Code     0  startup_stm32f407xx.o(.text)
    EXTI2_IRQHandler                         0x0800025b   Thumb Code     0  startup_stm32f407xx.o(.text)
    EXTI3_IRQHandler                         0x0800025b   Thumb Code     0  startup_stm32f407xx.o(.text)
    EXTI4_IRQHandler                         0x0800025b   Thumb Code     0  startup_stm32f407xx.o(.text)
    EXTI9_5_IRQHandler                       0x0800025b   Thumb Code     0  startup_stm32f407xx.o(.text)
    FLASH_IRQHandler                         0x0800025b   Thumb Code     0  startup_stm32f407xx.o(.text)
    FMC_IRQHandler                           0x0800025b   Thumb Code     0  startup_stm32f407xx.o(.text)
    FPU_IRQHandler                           0x0800025b   Thumb Code     0  startup_stm32f407xx.o(.text)
    HASH_RNG_IRQHandler                      0x0800025b   Thumb Code     0  startup_stm32f407xx.o(.text)
    I2C1_ER_IRQHandler                       0x0800025b   Thumb Code     0  startup_stm32f407xx.o(.text)
    I2C1_EV_IRQHandler                       0x0800025b   Thumb Code     0  startup_stm32f407xx.o(.text)
    I2C2_ER_IRQHandler                       0x0800025b   Thumb Code     0  startup_stm32f407xx.o(.text)
    I2C2_EV_IRQHandler                       0x0800025b   Thumb Code     0  startup_stm32f407xx.o(.text)
    I2C3_ER_IRQHandler                       0x0800025b   Thumb Code     0  startup_stm32f407xx.o(.text)
    I2C3_EV_IRQHandler                       0x0800025b   Thumb Code     0  startup_stm32f407xx.o(.text)
    OTG_FS_IRQHandler                        0x0800025b   Thumb Code     0  startup_stm32f407xx.o(.text)
    OTG_FS_WKUP_IRQHandler                   0x0800025b   Thumb Code     0  startup_stm32f407xx.o(.text)
    OTG_HS_EP1_IN_IRQHandler                 0x0800025b   Thumb Code     0  startup_stm32f407xx.o(.text)
    OTG_HS_EP1_OUT_IRQHandler                0x0800025b   Thumb Code     0  startup_stm32f407xx.o(.text)
    OTG_HS_IRQHandler                        0x0800025b   Thumb Code     0  startup_stm32f407xx.o(.text)
    OTG_HS_WKUP_IRQHandler                   0x0800025b   Thumb Code     0  startup_stm32f407xx.o(.text)
    PVD_IRQHandler                           0x0800025b   Thumb Code     0  startup_stm32f407xx.o(.text)
    RCC_IRQHandler                           0x0800025b   Thumb Code     0  startup_stm32f407xx.o(.text)
    RTC_Alarm_IRQHandler                     0x0800025b   Thumb Code     0  startup_stm32f407xx.o(.text)
    RTC_WKUP_IRQHandler                      0x0800025b   Thumb Code     0  startup_stm32f407xx.o(.text)
    SDIO_IRQHandler                          0x0800025b   Thumb Code     0  startup_stm32f407xx.o(.text)
    SPI1_IRQHandler                          0x0800025b   Thumb Code     0  startup_stm32f407xx.o(.text)
    SPI2_IRQHandler                          0x0800025b   Thumb Code     0  startup_stm32f407xx.o(.text)
    SPI3_IRQHandler                          0x0800025b   Thumb Code     0  startup_stm32f407xx.o(.text)
    TAMP_STAMP_IRQHandler                    0x0800025b   Thumb Code     0  startup_stm32f407xx.o(.text)
    TIM1_BRK_TIM9_IRQHandler                 0x0800025b   Thumb Code     0  startup_stm32f407xx.o(.text)
    TIM1_CC_IRQHandler                       0x0800025b   Thumb Code     0  startup_stm32f407xx.o(.text)
    TIM1_TRG_COM_TIM11_IRQHandler            0x0800025b   Thumb Code     0  startup_stm32f407xx.o(.text)
    TIM1_UP_TIM10_IRQHandler                 0x0800025b   Thumb Code     0  startup_stm32f407xx.o(.text)
    TIM2_IRQHandler                          0x0800025b   Thumb Code     0  startup_stm32f407xx.o(.text)
    TIM3_IRQHandler                          0x0800025b   Thumb Code     0  startup_stm32f407xx.o(.text)
    TIM4_IRQHandler                          0x0800025b   Thumb Code     0  startup_stm32f407xx.o(.text)
    TIM5_IRQHandler                          0x0800025b   Thumb Code     0  startup_stm32f407xx.o(.text)
    TIM6_DAC_IRQHandler                      0x0800025b   Thumb Code     0  startup_stm32f407xx.o(.text)
    TIM7_IRQHandler                          0x0800025b   Thumb Code     0  startup_stm32f407xx.o(.text)
    TIM8_BRK_TIM12_IRQHandler                0x0800025b   Thumb Code     0  startup_stm32f407xx.o(.text)
    TIM8_CC_IRQHandler                       0x0800025b   Thumb Code     0  startup_stm32f407xx.o(.text)
    TIM8_TRG_COM_TIM14_IRQHandler            0x0800025b   Thumb Code     0  startup_stm32f407xx.o(.text)
    TIM8_UP_TIM13_IRQHandler                 0x0800025b   Thumb Code     0  startup_stm32f407xx.o(.text)
    UART4_IRQHandler                         0x0800025b   Thumb Code     0  startup_stm32f407xx.o(.text)
    UART5_IRQHandler                         0x0800025b   Thumb Code     0  startup_stm32f407xx.o(.text)
    USART1_IRQHandler                        0x0800025b   Thumb Code     0  startup_stm32f407xx.o(.text)
    USART2_IRQHandler                        0x0800025b   Thumb Code     0  startup_stm32f407xx.o(.text)
    USART3_IRQHandler                        0x0800025b   Thumb Code     0  startup_stm32f407xx.o(.text)
    USART6_IRQHandler                        0x0800025b   Thumb Code     0  startup_stm32f407xx.o(.text)
    WWDG_IRQHandler                          0x0800025b   Thumb Code     0  startup_stm32f407xx.o(.text)
    __user_initial_stackheap                 0x0800025d   Thumb Code     0  startup_stm32f407xx.o(.text)
    __aeabi_uldivmod                         0x08000281   Thumb Code     0  lludivv7m.o(.text)
    _ll_udiv                                 0x08000281   Thumb Code   238  lludivv7m.o(.text)
    __2printf                                0x08000371   Thumb Code    20  noretval__2printf.o(.text)
    __printf                                 0x08000389   Thumb Code   104  __printf.o(.text)
    _printf_int_hex                          0x080003f1   Thumb Code    84  _printf_hex_int.o(.text)
    _printf_longlong_hex                     0x080003f1   Thumb Code     0  _printf_hex_int.o(.text)
    __aeabi_memclr4                          0x08000449   Thumb Code     0  rt_memclr_w.o(.text)
    __aeabi_memclr8                          0x08000449   Thumb Code     0  rt_memclr_w.o(.text)
    __rt_memclr_w                            0x08000449   Thumb Code    78  rt_memclr_w.o(.text)
    _memset_w                                0x0800044d   Thumb Code     0  rt_memclr_w.o(.text)
    strcmp                                   0x08000499   Thumb Code   128  strcmpv7m.o(.text)
    __use_two_region_memory                  0x08000519   Thumb Code     2  heapauxi.o(.text)
    __rt_heap_escrow                         0x0800051b   Thumb Code     2  heapauxi.o(.text)
    __rt_heap_expand                         0x0800051d   Thumb Code     2  heapauxi.o(.text)
    _printf_int_common                       0x0800051f   Thumb Code   178  _printf_intcommon.o(.text)
    _printf_char_file                        0x080005d1   Thumb Code    32  _printf_char_file.o(.text)
    _printf_char_common                      0x080005ff   Thumb Code    32  _printf_char_common.o(.text)
    ferror                                   0x08000625   Thumb Code     8  ferror.o(.text)
    _initio                                  0x0800062d   Thumb Code   210  initio.o(.text)
    _terminateio                             0x080006ff   Thumb Code    56  initio.o(.text)
    __user_setup_stackheap                   0x08000765   Thumb Code    74  sys_stackheap_outer.o(.text)
    free                                     0x080007af   Thumb Code    78  h1_free.o(.text)
    setvbuf                                  0x080007fd   Thumb Code    70  setvbuf.o(.text)
    freopen                                  0x08000845   Thumb Code   158  fopen.o(.text)
    fopen                                    0x080008e3   Thumb Code    74  fopen.o(.text)
    _fclose_internal                         0x08000931   Thumb Code    76  fclose.o(.text)
    fclose                                   0x08000931   Thumb Code     0  fclose.o(.text)
    exit                                     0x0800097d   Thumb Code    18  exit.o(.text)
    __rt_SIGRTRED                            0x0800098f   Thumb Code    14  defsig_rtred_outer.o(.text)
    __user_libspace                          0x0800099d   Thumb Code     8  libspace.o(.text)
    __user_perproc_libspace                  0x0800099d   Thumb Code     0  libspace.o(.text)
    __user_perthread_libspace                0x0800099d   Thumb Code     0  libspace.o(.text)
    __rt_heap_descriptor                     0x080009a5   Thumb Code     8  rt_heap_descriptor_intlibspace.o(.text)
    __use_no_heap                            0x080009ad   Thumb Code     2  hguard.o(.text)
    __heap$guard                             0x080009af   Thumb Code     2  hguard.o(.text)
    _terminate_user_alloc                    0x080009b1   Thumb Code     2  init_alloc.o(.text)
    _init_user_alloc                         0x080009b3   Thumb Code     2  init_alloc.o(.text)
    __Heap_Full                              0x080009b5   Thumb Code    34  init_alloc.o(.text)
    __Heap_Broken                            0x080009d7   Thumb Code     6  init_alloc.o(.text)
    _init_alloc                              0x080009dd   Thumb Code    94  init_alloc.o(.text)
    malloc                                   0x08000a3b   Thumb Code    94  h1_alloc.o(.text)
    _fseek                                   0x08000a99   Thumb Code   242  fseek.o(.text)
    fseek                                    0x08000a99   Thumb Code     0  fseek.o(.text)
    _seterr                                  0x08000b91   Thumb Code    20  stdio.o(.text)
    _writebuf                                0x08000ba5   Thumb Code    84  stdio.o(.text)
    _fflush                                  0x08000bf9   Thumb Code    70  stdio.o(.text)
    _deferredlazyseek                        0x08000c3f   Thumb Code    60  stdio.o(.text)
    __sig_exit                               0x08000c81   Thumb Code    10  defsig_exit.o(.text)
    __rt_SIGRTRED_inner                      0x08000c8d   Thumb Code    14  defsig_rtred_inner.o(.text)
    _sys_exit                                0x08000cc1   Thumb Code     8  sys_exit.o(.text)
    __Heap_Initialize                        0x08000ccd   Thumb Code    10  h1_init.o(.text)
    __Heap_DescSize                          0x08000cd7   Thumb Code     4  h1_init.o(.text)
    __Heap_ProvideMemory                     0x08000cdb   Thumb Code    52  h1_extend.o(.text)
    _ftell_internal                          0x08000d0f   Thumb Code    66  ftell.o(.text)
    ftell                                    0x08000d0f   Thumb Code     0  ftell.o(.text)
    __default_signal_display                 0x08000d51   Thumb Code    50  defsig_general.o(.text)
    __rt_SIGRTMEM                            0x08000d83   Thumb Code    14  defsig_rtmem_outer.o(.text)
    _ttywrch                                 0x08000d91   Thumb Code    14  sys_wrch.o(.text)
    __I$use$semihosting                      0x08000d9f   Thumb Code     0  use_no_semi.o(.text)
    __use_no_semihosting_swi                 0x08000d9f   Thumb Code     2  use_no_semi.o(.text)
    __aeabi_errno_addr                       0x08000da1   Thumb Code     8  rt_errno_addr_intlibspace.o(.text)
    __errno$intlibspace                      0x08000da1   Thumb Code     0  rt_errno_addr_intlibspace.o(.text)
    __rt_errno_addr$intlibspace              0x08000da1   Thumb Code     0  rt_errno_addr_intlibspace.o(.text)
    __semihosting_library_function           0x08000da1   Thumb Code     0  indicate_semi.o(.text)
    __rt_SIGRTMEM_inner                      0x08000da9   Thumb Code    22  defsig_rtmem_inner.o(.text)
    BusFault_Handler                         0x08000df9   Thumb Code     2  stm32f4xx_it.o(i.BusFault_Handler)
    DebugMon_Handler                         0x08000dfb   Thumb Code     2  stm32f4xx_it.o(i.DebugMon_Handler)
    Error_Handler                            0x08000dfd   Thumb Code     4  main.o(i.Error_Handler)
    HAL_Delay                                0x08000e01   Thumb Code    32  stm32f4xx_hal.o(i.HAL_Delay)
    HAL_GPIO_Init                            0x08000e25   Thumb Code   450  stm32f4xx_hal_gpio.o(i.HAL_GPIO_Init)
    HAL_GetTick                              0x08001015   Thumb Code     6  stm32f4xx_hal.o(i.HAL_GetTick)
    HAL_I2C_Init                             0x08001021   Thumb Code   376  stm32f4xx_hal_i2c.o(i.HAL_I2C_Init)
    HAL_I2C_IsDeviceReady                    0x080011a9   Thumb Code   354  stm32f4xx_hal_i2c.o(i.HAL_I2C_IsDeviceReady)
    HAL_I2C_Master_Transmit                  0x08001315   Thumb Code   290  stm32f4xx_hal_i2c.o(i.HAL_I2C_Master_Transmit)
    HAL_I2C_Mem_Read                         0x08001441   Thumb Code   490  stm32f4xx_hal_i2c.o(i.HAL_I2C_Mem_Read)
    HAL_I2C_MspInit                          0x08001639   Thumb Code    94  i2c.o(i.HAL_I2C_MspInit)
    HAL_IncTick                              0x080016a5   Thumb Code    12  stm32f4xx_hal.o(i.HAL_IncTick)
    HAL_Init                                 0x080016b5   Thumb Code    48  stm32f4xx_hal.o(i.HAL_Init)
    HAL_InitTick                             0x080016e9   Thumb Code    54  stm32f4xx_hal.o(i.HAL_InitTick)
    HAL_MspInit                              0x08001729   Thumb Code    42  stm32f4xx_hal_msp.o(i.HAL_MspInit)
    HAL_NVIC_SetPriority                     0x08001759   Thumb Code    60  stm32f4xx_hal_cortex.o(i.HAL_NVIC_SetPriority)
    HAL_NVIC_SetPriorityGrouping             0x08001799   Thumb Code    26  stm32f4xx_hal_cortex.o(i.HAL_NVIC_SetPriorityGrouping)
    HAL_RCC_ClockConfig                      0x080017bd   Thumb Code   288  stm32f4xx_hal_rcc.o(i.HAL_RCC_ClockConfig)
    HAL_RCC_GetPCLK1Freq                     0x080018f1   Thumb Code    20  stm32f4xx_hal_rcc.o(i.HAL_RCC_GetPCLK1Freq)
    HAL_RCC_GetPCLK2Freq                     0x08001911   Thumb Code    20  stm32f4xx_hal_rcc.o(i.HAL_RCC_GetPCLK2Freq)
    HAL_RCC_GetSysClockFreq                  0x08001931   Thumb Code    88  stm32f4xx_hal_rcc.o(i.HAL_RCC_GetSysClockFreq)
    HAL_RCC_OscConfig                        0x08001991   Thumb Code   856  stm32f4xx_hal_rcc.o(i.HAL_RCC_OscConfig)
    HAL_SYSTICK_Config                       0x08001cfd   Thumb Code    40  stm32f4xx_hal_cortex.o(i.HAL_SYSTICK_Config)
    HAL_UART_Init                            0x08001d25   Thumb Code    98  stm32f4xx_hal_uart.o(i.HAL_UART_Init)
    HAL_UART_MspInit                         0x08001d89   Thumb Code    92  usart.o(i.HAL_UART_MspInit)
    HAL_UART_Transmit                        0x08001df1   Thumb Code   178  stm32f4xx_hal_uart.o(i.HAL_UART_Transmit)
    HardFault_Handler                        0x08001ea3   Thumb Code     2  stm32f4xx_it.o(i.HardFault_Handler)
    ITM_SendChar                             0x08002269   Thumb Code    32  retarget_io.o(i.ITM_SendChar)
    MX_GPIO_Init                             0x0800228d   Thumb Code    54  gpio.o(i.MX_GPIO_Init)
    MX_I2C2_Init                             0x080022c9   Thumb Code    50  i2c.o(i.MX_I2C2_Init)
    MX_USART2_UART_Init                      0x08002309   Thumb Code    48  usart.o(i.MX_USART2_UART_Init)
    MemManage_Handler                        0x08002341   Thumb Code     2  stm32f4xx_it.o(i.MemManage_Handler)
    NMI_Handler                              0x08002343   Thumb Code     2  stm32f4xx_it.o(i.NMI_Handler)
    PendSV_Handler                           0x08002345   Thumb Code     2  stm32f4xx_it.o(i.PendSV_Handler)
    SVC_Handler                              0x08002347   Thumb Code     2  stm32f4xx_it.o(i.SVC_Handler)
    SysTick_Handler                          0x08002349   Thumb Code     4  stm32f4xx_it.o(i.SysTick_Handler)
    SystemClock_Config                       0x0800234d   Thumb Code   138  main.o(i.SystemClock_Config)
    SystemInit                               0x080023e1   Thumb Code    12  system_stm32f4xx.o(i.SystemInit)
    UsageFault_Handler                       0x08002575   Thumb Code     2  stm32f4xx_it.o(i.UsageFault_Handler)
    _sys_close                               0x08002597   Thumb Code    24  retarget_io.o(i._sys_close)
    _sys_flen                                0x080025af   Thumb Code    12  retarget_io.o(i._sys_flen)
    _sys_istty                               0x080025bb   Thumb Code    24  retarget_io.o(i._sys_istty)
    _sys_open                                0x080025d5   Thumb Code    68  retarget_io.o(i._sys_open)
    _sys_seek                                0x08002631   Thumb Code     6  retarget_io.o(i._sys_seek)
    _sys_write                               0x08002637   Thumb Code    60  retarget_io.o(i._sys_write)
    fputc                                    0x08002675   Thumb Code    20  main.o(i.fputc)
    main                                     0x0800268d   Thumb Code   106  main.o(i.main)
    read_eeprom                              0x0800273d   Thumb Code    52  main.o(i.read_eeprom)
    write_eeprom                             0x08002795   Thumb Code    46  main.o(i.write_eeprom)
    _fp_init                                 0x080027e1   Thumb Code    10  fpinit.o(x$fpl$fpinit)
    __fplib_config_fpu_vfp                   0x080027e9   Thumb Code     0  fpinit.o(x$fpl$fpinit)
    __fplib_config_pureend_doubles           0x080027e9   Thumb Code     0  fpinit.o(x$fpl$fpinit)
    AHBPrescTable                            0x080027ea   Data          16  system_stm32f4xx.o(.constdata)
    APBPrescTable                            0x080027fa   Data           8  system_stm32f4xx.o(.constdata)
    __stdin_name                             0x08002802   Data           7  retarget_io.o(.constdata)
    __stdout_name                            0x08002809   Data           8  retarget_io.o(.constdata)
    __stderr_name                            0x08002811   Data           8  retarget_io.o(.constdata)
    Region$$Table$$Base                      0x08002844   Number         0  anon$$obj.o(Region$$Table)
    Region$$Table$$Limit                     0x08002864   Number         0  anon$$obj.o(Region$$Table)
    uwTickFreq                               0x20000000   Data           1  stm32f4xx_hal.o(.data)
    uwTickPrio                               0x20000004   Data           4  stm32f4xx_hal.o(.data)
    uwTick                                   0x20000008   Data           4  stm32f4xx_hal.o(.data)
    SystemCoreClock                          0x2000000c   Data           4  system_stm32f4xx.o(.data)
    __aeabi_stdin                            0x20000010   Data           4  stdio_streams.o(.data)
    __aeabi_stdout                           0x20000014   Data           4  stdio_streams.o(.data)
    __aeabi_stderr                           0x20000018   Data           4  stdio_streams.o(.data)
    hi2c2                                    0x2000001c   Data          84  i2c.o(.bss)
    huart2                                   0x20000070   Data          68  usart.o(.bss)
    __stdin                                  0x200000b4   Data          84  stdio_streams.o(.bss)
    __stdout                                 0x20000108   Data          84  stdio_streams.o(.bss)
    __stderr                                 0x2000015c   Data          84  stdio_streams.o(.bss)
    __libspace_start                         0x200001b0   Data          96  libspace.o(.bss)
    __temporary_stack_top$libspace           0x20000210   Data           0  libspace.o(.bss)



==============================================================================

Memory Map of the image

  Image Entry point : 0x08000189

  Load Region LR_IROM1 (Base: 0x08000000, Size: 0x00002880, Max: 0x00080000, ABSOLUTE)

    Execution Region ER_IROM1 (Exec base: 0x08000000, Load base: 0x08000000, Size: 0x00002864, Max: 0x00080000, ABSOLUTE)

    Exec Addr    Load Addr    Size         Type   Attr      Idx    E Section Name        Object

    0x08000000   0x08000000   0x00000188   Data   RO            3    RESET               startup_stm32f407xx.o
    0x08000188   0x08000188   0x00000008   Code   RO         2539  * !!!main             c_w.l(__main.o)
    0x08000190   0x08000190   0x00000034   Code   RO         2865    !!!scatter          c_w.l(__scatter.o)
    0x080001c4   0x080001c4   0x0000001a   Code   RO         2867    !!handler_copy      c_w.l(__scatter_copy.o)
    0x080001de   0x080001de   0x00000002   PAD
    0x080001e0   0x080001e0   0x0000001c   Code   RO         2869    !!handler_zi        c_w.l(__scatter_zi.o)
    0x080001fc   0x080001fc   0x00000000   Code   RO         2532    .ARM.Collect$$_printf_percent$$00000000  c_w.l(_printf_percent.o)
    0x080001fc   0x080001fc   0x00000006   Code   RO         2531    .ARM.Collect$$_printf_percent$$0000000C  c_w.l(_printf_x.o)
    0x08000202   0x08000202   0x00000004   Code   RO         2550    .ARM.Collect$$_printf_percent$$00000017  c_w.l(_printf_percent_end.o)
    0x08000206   0x08000206   0x00000002   Code   RO         2672    .ARM.Collect$$libinit$$00000000  c_w.l(libinit.o)
    0x08000208   0x08000208   0x00000004   Code   RO         2673    .ARM.Collect$$libinit$$00000001  c_w.l(libinit2.o)
    0x0800020c   0x0800020c   0x00000000   Code   RO         2676    .ARM.Collect$$libinit$$00000004  c_w.l(libinit2.o)
    0x0800020c   0x0800020c   0x00000008   Code   RO         2677    .ARM.Collect$$libinit$$00000005  c_w.l(libinit2.o)
    0x08000214   0x08000214   0x00000000   Code   RO         2679    .ARM.Collect$$libinit$$0000000A  c_w.l(libinit2.o)
    0x08000214   0x08000214   0x00000000   Code   RO         2681    .ARM.Collect$$libinit$$0000000C  c_w.l(libinit2.o)
    0x08000214   0x08000214   0x00000000   Code   RO         2683    .ARM.Collect$$libinit$$0000000E  c_w.l(libinit2.o)
    0x08000214   0x08000214   0x00000000   Code   RO         2686    .ARM.Collect$$libinit$$00000011  c_w.l(libinit2.o)
    0x08000214   0x08000214   0x00000000   Code   RO         2688    .ARM.Collect$$libinit$$00000013  c_w.l(libinit2.o)
    0x08000214   0x08000214   0x00000000   Code   RO         2690    .ARM.Collect$$libinit$$00000015  c_w.l(libinit2.o)
    0x08000214   0x08000214   0x00000000   Code   RO         2692    .ARM.Collect$$libinit$$00000017  c_w.l(libinit2.o)
    0x08000214   0x08000214   0x00000000   Code   RO         2694    .ARM.Collect$$libinit$$00000019  c_w.l(libinit2.o)
    0x08000214   0x08000214   0x00000000   Code   RO         2696    .ARM.Collect$$libinit$$0000001B  c_w.l(libinit2.o)
    0x08000214   0x08000214   0x00000000   Code   RO         2698    .ARM.Collect$$libinit$$0000001D  c_w.l(libinit2.o)
    0x08000214   0x08000214   0x00000000   Code   RO         2700    .ARM.Collect$$libinit$$0000001F  c_w.l(libinit2.o)
    0x08000214   0x08000214   0x00000000   Code   RO         2702    .ARM.Collect$$libinit$$00000021  c_w.l(libinit2.o)
    0x08000214   0x08000214   0x00000000   Code   RO         2704    .ARM.Collect$$libinit$$00000023  c_w.l(libinit2.o)
    0x08000214   0x08000214   0x00000004   Code   RO         2705    .ARM.Collect$$libinit$$00000024  c_w.l(libinit2.o)
    0x08000218   0x08000218   0x00000000   Code   RO         2706    .ARM.Collect$$libinit$$00000025  c_w.l(libinit2.o)
    0x08000218   0x08000218   0x00000000   Code   RO         2710    .ARM.Collect$$libinit$$0000002C  c_w.l(libinit2.o)
    0x08000218   0x08000218   0x00000000   Code   RO         2712    .ARM.Collect$$libinit$$0000002E  c_w.l(libinit2.o)
    0x08000218   0x08000218   0x00000000   Code   RO         2714    .ARM.Collect$$libinit$$00000030  c_w.l(libinit2.o)
    0x08000218   0x08000218   0x00000000   Code   RO         2716    .ARM.Collect$$libinit$$00000032  c_w.l(libinit2.o)
    0x08000218   0x08000218   0x00000002   Code   RO         2717    .ARM.Collect$$libinit$$00000033  c_w.l(libinit2.o)
    0x0800021a   0x0800021a   0x00000002   Code   RO         2846    .ARM.Collect$$libshutdown$$00000000  c_w.l(libshutdown.o)
    0x0800021c   0x0800021c   0x00000000   Code   RO         2719    .ARM.Collect$$libshutdown$$00000002  c_w.l(libshutdown2.o)
    0x0800021c   0x0800021c   0x00000000   Code   RO         2721    .ARM.Collect$$libshutdown$$00000004  c_w.l(libshutdown2.o)
    0x0800021c   0x0800021c   0x00000004   Code   RO         2722    .ARM.Collect$$libshutdown$$00000005  c_w.l(libshutdown2.o)
    0x08000220   0x08000220   0x00000000   Code   RO         2723    .ARM.Collect$$libshutdown$$00000006  c_w.l(libshutdown2.o)
    0x08000220   0x08000220   0x00000000   Code   RO         2726    .ARM.Collect$$libshutdown$$00000009  c_w.l(libshutdown2.o)
    0x08000220   0x08000220   0x00000000   Code   RO         2729    .ARM.Collect$$libshutdown$$0000000C  c_w.l(libshutdown2.o)
    0x08000220   0x08000220   0x00000000   Code   RO         2731    .ARM.Collect$$libshutdown$$0000000E  c_w.l(libshutdown2.o)
    0x08000220   0x08000220   0x00000000   Code   RO         2734    .ARM.Collect$$libshutdown$$00000011  c_w.l(libshutdown2.o)
    0x08000220   0x08000220   0x00000002   Code   RO         2735    .ARM.Collect$$libshutdown$$00000012  c_w.l(libshutdown2.o)
    0x08000222   0x08000222   0x00000000   Code   RO         2541    .ARM.Collect$$rtentry$$00000000  c_w.l(__rtentry.o)
    0x08000222   0x08000222   0x00000000   Code   RO         2558    .ARM.Collect$$rtentry$$00000002  c_w.l(__rtentry2.o)
    0x08000222   0x08000222   0x00000006   Code   RO         2570    .ARM.Collect$$rtentry$$00000004  c_w.l(__rtentry4.o)
    0x08000228   0x08000228   0x00000000   Code   RO         2560    .ARM.Collect$$rtentry$$00000009  c_w.l(__rtentry2.o)
    0x08000228   0x08000228   0x00000004   Code   RO         2561    .ARM.Collect$$rtentry$$0000000A  c_w.l(__rtentry2.o)
    0x0800022c   0x0800022c   0x00000000   Code   RO         2563    .ARM.Collect$$rtentry$$0000000C  c_w.l(__rtentry2.o)
    0x0800022c   0x0800022c   0x00000008   Code   RO         2564    .ARM.Collect$$rtentry$$0000000D  c_w.l(__rtentry2.o)
    0x08000234   0x08000234   0x00000002   Code   RO         2739    .ARM.Collect$$rtexit$$00000000  c_w.l(rtexit.o)
    0x08000236   0x08000236   0x00000000   Code   RO         2789    .ARM.Collect$$rtexit$$00000002  c_w.l(rtexit2.o)
    0x08000236   0x08000236   0x00000004   Code   RO         2790    .ARM.Collect$$rtexit$$00000003  c_w.l(rtexit2.o)
    0x0800023a   0x0800023a   0x00000006   Code   RO         2791    .ARM.Collect$$rtexit$$00000004  c_w.l(rtexit2.o)
    0x08000240   0x08000240   0x00000000   Code   RO         2795    .emb_text           c_w.l(maybetermalloc1.o)
    0x08000240   0x08000240   0x00000040   Code   RO            4    .text               startup_stm32f407xx.o
    0x08000280   0x08000280   0x000000ee   Code   RO         2482    .text               c_w.l(lludivv7m.o)
    0x0800036e   0x0800036e   0x00000002   PAD
    0x08000370   0x08000370   0x00000018   Code   RO         2486    .text               c_w.l(noretval__2printf.o)
    0x08000388   0x08000388   0x00000068   Code   RO         2488    .text               c_w.l(__printf.o)
    0x080003f0   0x080003f0   0x00000058   Code   RO         2493    .text               c_w.l(_printf_hex_int.o)
    0x08000448   0x08000448   0x0000004e   Code   RO         2533    .text               c_w.l(rt_memclr_w.o)
    0x08000496   0x08000496   0x00000002   PAD
    0x08000498   0x08000498   0x00000080   Code   RO         2535    .text               c_w.l(strcmpv7m.o)
    0x08000518   0x08000518   0x00000006   Code   RO         2537    .text               c_w.l(heapauxi.o)
    0x0800051e   0x0800051e   0x000000b2   Code   RO         2546    .text               c_w.l(_printf_intcommon.o)
    0x080005d0   0x080005d0   0x00000024   Code   RO         2548    .text               c_w.l(_printf_char_file.o)
    0x080005f4   0x080005f4   0x00000030   Code   RO         2574    .text               c_w.l(_printf_char_common.o)
    0x08000624   0x08000624   0x00000008   Code   RO         2576    .text               c_w.l(ferror.o)
    0x0800062c   0x0800062c   0x00000138   Code   RO         2578    .text               c_w.l(initio.o)
    0x08000764   0x08000764   0x0000004a   Code   RO         2586    .text               c_w.l(sys_stackheap_outer.o)
    0x080007ae   0x080007ae   0x0000004e   Code   RO         2590    .text               c_w.l(h1_free.o)
    0x080007fc   0x080007fc   0x00000046   Code   RO         2646    .text               c_w.l(setvbuf.o)
    0x08000842   0x08000842   0x00000002   PAD
    0x08000844   0x08000844   0x000000ec   Code   RO         2649    .text               c_w.l(fopen.o)
    0x08000930   0x08000930   0x0000004c   Code   RO         2651    .text               c_w.l(fclose.o)
    0x0800097c   0x0800097c   0x00000012   Code   RO         2657    .text               c_w.l(exit.o)
    0x0800098e   0x0800098e   0x0000000e   Code   RO         2663    .text               c_w.l(defsig_rtred_outer.o)
    0x0800099c   0x0800099c   0x00000008   Code   RO         2736    .text               c_w.l(libspace.o)
    0x080009a4   0x080009a4   0x00000008   Code   RO         2746    .text               c_w.l(rt_heap_descriptor_intlibspace.o)
    0x080009ac   0x080009ac   0x00000004   Code   RO         2748    .text               c_w.l(hguard.o)
    0x080009b0   0x080009b0   0x0000008a   Code   RO         2750    .text               c_w.l(init_alloc.o)
    0x08000a3a   0x08000a3a   0x0000005e   Code   RO         2756    .text               c_w.l(h1_alloc.o)
    0x08000a98   0x08000a98   0x000000f8   Code   RO         2770    .text               c_w.l(fseek.o)
    0x08000b90   0x08000b90   0x000000f0   Code   RO         2772    .text               c_w.l(stdio.o)
    0x08000c80   0x08000c80   0x0000000a   Code   RO         2774    .text               c_w.l(defsig_exit.o)
    0x08000c8a   0x08000c8a   0x00000002   PAD
    0x08000c8c   0x08000c8c   0x00000034   Code   RO         2778    .text               c_w.l(defsig_rtred_inner.o)
    0x08000cc0   0x08000cc0   0x0000000c   Code   RO         2786    .text               c_w.l(sys_exit.o)
    0x08000ccc   0x08000ccc   0x0000000e   Code   RO         2797    .text               c_w.l(h1_init.o)
    0x08000cda   0x08000cda   0x00000034   Code   RO         2799    .text               c_w.l(h1_extend.o)
    0x08000d0e   0x08000d0e   0x00000042   Code   RO         2805    .text               c_w.l(ftell.o)
    0x08000d50   0x08000d50   0x00000032   Code   RO         2809    .text               c_w.l(defsig_general.o)
    0x08000d82   0x08000d82   0x0000000e   Code   RO         2811    .text               c_w.l(defsig_rtmem_outer.o)
    0x08000d90   0x08000d90   0x0000000e   Code   RO         2824    .text               c_w.l(sys_wrch.o)
    0x08000d9e   0x08000d9e   0x00000002   Code   RO         2828    .text               c_w.l(use_no_semi.o)
    0x08000da0   0x08000da0   0x00000000   Code   RO         2830    .text               c_w.l(indicate_semi.o)
    0x08000da0   0x08000da0   0x00000008   Code   RO         2834    .text               c_w.l(rt_errno_addr_intlibspace.o)
    0x08000da8   0x08000da8   0x00000050   Code   RO         2840    .text               c_w.l(defsig_rtmem_inner.o)
    0x08000df8   0x08000df8   0x00000002   Code   RO          287    i.BusFault_Handler  stm32f4xx_it.o
    0x08000dfa   0x08000dfa   0x00000002   Code   RO          288    i.DebugMon_Handler  stm32f4xx_it.o
    0x08000dfc   0x08000dfc   0x00000004   Code   RO           13    i.Error_Handler     main.o
    0x08000e00   0x08000e00   0x00000024   Code   RO         1717    i.HAL_Delay         stm32f4xx_hal.o
    0x08000e24   0x08000e24   0x000001f0   Code   RO         1191    i.HAL_GPIO_Init     stm32f4xx_hal_gpio.o
    0x08001014   0x08001014   0x0000000c   Code   RO         1723    i.HAL_GetTick       stm32f4xx_hal.o
    0x08001020   0x08001020   0x00000188   Code   RO          397    i.HAL_I2C_Init      stm32f4xx_hal_i2c.o
    0x080011a8   0x080011a8   0x0000016c   Code   RO          398    i.HAL_I2C_IsDeviceReady  stm32f4xx_hal_i2c.o
    0x08001314   0x08001314   0x0000012c   Code   RO          410    i.HAL_I2C_Master_Transmit  stm32f4xx_hal_i2c.o
    0x08001440   0x08001440   0x000001f8   Code   RO          415    i.HAL_I2C_Mem_Read  stm32f4xx_hal_i2c.o
    0x08001638   0x08001638   0x0000006c   Code   RO          204    i.HAL_I2C_MspInit   i2c.o
    0x080016a4   0x080016a4   0x00000010   Code   RO         1729    i.HAL_IncTick       stm32f4xx_hal.o
    0x080016b4   0x080016b4   0x00000034   Code   RO         1730    i.HAL_Init          stm32f4xx_hal.o
    0x080016e8   0x080016e8   0x00000040   Code   RO         1731    i.HAL_InitTick      stm32f4xx_hal.o
    0x08001728   0x08001728   0x00000030   Code   RO          362    i.HAL_MspInit       stm32f4xx_hal_msp.o
    0x08001758   0x08001758   0x00000040   Code   RO         1586    i.HAL_NVIC_SetPriority  stm32f4xx_hal_cortex.o
    0x08001798   0x08001798   0x00000024   Code   RO         1587    i.HAL_NVIC_SetPriorityGrouping  stm32f4xx_hal_cortex.o
    0x080017bc   0x080017bc   0x00000134   Code   RO          837    i.HAL_RCC_ClockConfig  stm32f4xx_hal_rcc.o
    0x080018f0   0x080018f0   0x00000020   Code   RO          844    i.HAL_RCC_GetPCLK1Freq  stm32f4xx_hal_rcc.o
    0x08001910   0x08001910   0x00000020   Code   RO          845    i.HAL_RCC_GetPCLK2Freq  stm32f4xx_hal_rcc.o
    0x08001930   0x08001930   0x00000060   Code   RO          846    i.HAL_RCC_GetSysClockFreq  stm32f4xx_hal_rcc.o
    0x08001990   0x08001990   0x0000036c   Code   RO          849    i.HAL_RCC_OscConfig  stm32f4xx_hal_rcc.o
    0x08001cfc   0x08001cfc   0x00000028   Code   RO         1591    i.HAL_SYSTICK_Config  stm32f4xx_hal_cortex.o
    0x08001d24   0x08001d24   0x00000062   Code   RO         2033    i.HAL_UART_Init     stm32f4xx_hal_uart.o
    0x08001d86   0x08001d86   0x00000002   PAD
    0x08001d88   0x08001d88   0x00000068   Code   RO          246    i.HAL_UART_MspInit  usart.o
    0x08001df0   0x08001df0   0x000000b2   Code   RO         2041    i.HAL_UART_Transmit  stm32f4xx_hal_uart.o
    0x08001ea2   0x08001ea2   0x00000002   Code   RO          289    i.HardFault_Handler  stm32f4xx_it.o
    0x08001ea4   0x08001ea4   0x0000002e   Code   RO          439    i.I2C_IsAcknowledgeFailed  stm32f4xx_hal_i2c.o
    0x08001ed2   0x08001ed2   0x00000002   PAD
    0x08001ed4   0x08001ed4   0x0000009c   Code   RO          443    i.I2C_MasterRequestWrite  stm32f4xx_hal_i2c.o
    0x08001f70   0x08001f70   0x000000fc   Code   RO          449    i.I2C_RequestMemoryRead  stm32f4xx_hal_i2c.o
    0x0800206c   0x0800206c   0x0000004c   Code   RO          454    i.I2C_WaitOnBTFFlagUntilTimeout  stm32f4xx_hal_i2c.o
    0x080020b8   0x080020b8   0x00000068   Code   RO          455    i.I2C_WaitOnFlagUntilTimeout  stm32f4xx_hal_i2c.o
    0x08002120   0x08002120   0x00000096   Code   RO          456    i.I2C_WaitOnMasterAddressFlagUntilTimeout  stm32f4xx_hal_i2c.o
    0x080021b6   0x080021b6   0x00000066   Code   RO          457    i.I2C_WaitOnRXNEFlagUntilTimeout  stm32f4xx_hal_i2c.o
    0x0800221c   0x0800221c   0x0000004c   Code   RO          458    i.I2C_WaitOnTXEFlagUntilTimeout  stm32f4xx_hal_i2c.o
    0x08002268   0x08002268   0x00000024   Code   RO         2397    i.ITM_SendChar      retarget_io.o
    0x0800228c   0x0800228c   0x0000003c   Code   RO          179    i.MX_GPIO_Init      gpio.o
    0x080022c8   0x080022c8   0x00000040   Code   RO          205    i.MX_I2C2_Init      i2c.o
    0x08002308   0x08002308   0x00000038   Code   RO          247    i.MX_USART2_UART_Init  usart.o
    0x08002340   0x08002340   0x00000002   Code   RO          290    i.MemManage_Handler  stm32f4xx_it.o
    0x08002342   0x08002342   0x00000002   Code   RO          291    i.NMI_Handler       stm32f4xx_it.o
    0x08002344   0x08002344   0x00000002   Code   RO          292    i.PendSV_Handler    stm32f4xx_it.o
    0x08002346   0x08002346   0x00000002   Code   RO          293    i.SVC_Handler       stm32f4xx_it.o
    0x08002348   0x08002348   0x00000004   Code   RO          294    i.SysTick_Handler   stm32f4xx_it.o
    0x0800234c   0x0800234c   0x00000094   Code   RO           14    i.SystemClock_Config  main.o
    0x080023e0   0x080023e0   0x00000010   Code   RO         2362    i.SystemInit        system_stm32f4xx.o
    0x080023f0   0x080023f0   0x0000010c   Code   RO         2059    i.UART_SetConfig    stm32f4xx_hal_uart.o
    0x080024fc   0x080024fc   0x00000078   Code   RO         2062    i.UART_WaitOnFlagUntilTimeout  stm32f4xx_hal_uart.o
    0x08002574   0x08002574   0x00000002   Code   RO          295    i.UsageFault_Handler  stm32f4xx_it.o
    0x08002576   0x08002576   0x00000020   Code   RO         1593    i.__NVIC_SetPriority  stm32f4xx_hal_cortex.o
    0x08002596   0x08002596   0x00000018   Code   RO         2398    i._sys_close        retarget_io.o
    0x080025ae   0x080025ae   0x0000000c   Code   RO         2399    i._sys_flen         retarget_io.o
    0x080025ba   0x080025ba   0x00000018   Code   RO         2400    i._sys_istty        retarget_io.o
    0x080025d2   0x080025d2   0x00000002   PAD
    0x080025d4   0x080025d4   0x0000005c   Code   RO         2401    i._sys_open         retarget_io.o
    0x08002630   0x08002630   0x00000006   Code   RO         2403    i._sys_seek         retarget_io.o
    0x08002636   0x08002636   0x0000003c   Code   RO         2404    i._sys_write        retarget_io.o
    0x08002672   0x08002672   0x00000002   PAD
    0x08002674   0x08002674   0x00000018   Code   RO           15    i.fputc             main.o
    0x0800268c   0x0800268c   0x000000b0   Code   RO           16    i.main              main.o
    0x0800273c   0x0800273c   0x00000058   Code   RO           17    i.read_eeprom       main.o
    0x08002794   0x08002794   0x0000004c   Code   RO           18    i.write_eeprom      main.o
    0x080027e0   0x080027e0   0x0000000a   Code   RO         2784    x$fpl$fpinit        fz_wm.l(fpinit.o)
    0x080027ea   0x080027ea   0x00000010   Data   RO         2363    .constdata          system_stm32f4xx.o
    0x080027fa   0x080027fa   0x00000008   Data   RO         2364    .constdata          system_stm32f4xx.o
    0x08002802   0x08002802   0x00000007   Data   RO         2405    .constdata          retarget_io.o
    0x08002809   0x08002809   0x00000008   Data   RO         2406    .constdata          retarget_io.o
    0x08002811   0x08002811   0x00000008   Data   RO         2407    .constdata          retarget_io.o
    0x08002819   0x08002819   0x00000028   Data   RO         2494    .constdata          c_w.l(_printf_hex_int.o)
    0x08002841   0x08002841   0x00000003   PAD
    0x08002844   0x08002844   0x00000020   Data   RO         2863    Region$$Table       anon$$obj.o


    Execution Region RW_IRAM1 (Exec base: 0x20000000, Load base: 0x08002864, Size: 0x00000810, Max: 0x0001c000, ABSOLUTE)

    Exec Addr    Load Addr    Size         Type   Attr      Idx    E Section Name        Object

    0x20000000   0x08002864   0x0000000c   Data   RW         1737    .data               stm32f4xx_hal.o
    0x2000000c   0x08002870   0x00000004   Data   RW         2365    .data               system_stm32f4xx.o
    0x20000010   0x08002874   0x00000004   Data   RW         2554    .data               c_w.l(stdio_streams.o)
    0x20000014   0x08002878   0x00000004   Data   RW         2555    .data               c_w.l(stdio_streams.o)
    0x20000018   0x0800287c   0x00000004   Data   RW         2556    .data               c_w.l(stdio_streams.o)
    0x2000001c        -       0x00000054   Zero   RW          206    .bss                i2c.o
    0x20000070        -       0x00000044   Zero   RW          248    .bss                usart.o
    0x200000b4        -       0x00000054   Zero   RW         2551    .bss                c_w.l(stdio_streams.o)
    0x20000108        -       0x00000054   Zero   RW         2552    .bss                c_w.l(stdio_streams.o)
    0x2000015c        -       0x00000054   Zero   RW         2553    .bss                c_w.l(stdio_streams.o)
    0x200001b0        -       0x00000060   Zero   RW         2737    .bss                c_w.l(libspace.o)
    0x20000210        -       0x00000200   Zero   RW            2    HEAP                startup_stm32f407xx.o
    0x20000410        -       0x00000400   Zero   RW            1    STACK               startup_stm32f407xx.o


    Execution Region RW_IRAM2 (Exec base: 0x2001c000, Load base: 0x08002880, Size: 0x00000000, Max: 0x00004000, ABSOLUTE)

    **** No section assigned to this execution region ****


==============================================================================

Image component sizes


      Code (inc. data)   RO Data    RW Data    ZI Data      Debug   Object Name

        60          6          0          0          0        943   gpio.o
       172         28          0          0         84       1893   i2c.o
       516        150          0          0          0     671185   main.o
       254         28         23          0          0       6830   retarget_io.o
        64         26        392          0       1536        896   startup_stm32f407xx.o
       180         28          0         12          0       9837   stm32f4xx_hal.o
       172         14          0          0          0      33530   stm32f4xx_hal_cortex.o
       496         46          0          0          0       1644   stm32f4xx_hal_gpio.o
      2522         62          0          0          0      14824   stm32f4xx_hal_i2c.o
        48          6          0          0          0        962   stm32f4xx_hal_msp.o
      1344         72          0          0          0       5564   stm32f4xx_hal_rcc.o
       664         10          0          0          0       4472   stm32f4xx_hal_uart.o
        20          0          0          0          0       4658   stm32f4xx_it.o
        16          4         24          4          0       1291   system_stm32f4xx.o
       160         20          0          0         68       1934   usart.o

    ----------------------------------------------------------------------
      6696        500        471         16       1688     760463   Object Totals
         0          0         32          0          0          0   (incl. Generated)
         8          0          0          0          0          0   (incl. Padding)

    ----------------------------------------------------------------------

      Code (inc. data)   RO Data    RW Data    ZI Data      Debug   Library Member Name

         8          0          0          0          0         68   __main.o
       104          0          0          0          0         84   __printf.o
         0          0          0          0          0          0   __rtentry.o
        12          0          0          0          0          0   __rtentry2.o
         6          0          0          0          0          0   __rtentry4.o
        52          8          0          0          0          0   __scatter.o
        26          0          0          0          0          0   __scatter_copy.o
        28          0          0          0          0          0   __scatter_zi.o
        48          6          0          0          0         96   _printf_char_common.o
        36          4          0          0          0         80   _printf_char_file.o
        88          4         40          0          0         88   _printf_hex_int.o
       178          0          0          0          0         88   _printf_intcommon.o
         0          0          0          0          0          0   _printf_percent.o
         4          0          0          0          0          0   _printf_percent_end.o
         6          0          0          0          0          0   _printf_x.o
        10          0          0          0          0         68   defsig_exit.o
        50          0          0          0          0         88   defsig_general.o
        80         58          0          0          0         76   defsig_rtmem_inner.o
        14          0          0          0          0         80   defsig_rtmem_outer.o
        52         38          0          0          0         76   defsig_rtred_inner.o
        14          0          0          0          0         80   defsig_rtred_outer.o
        18          0          0          0          0         80   exit.o
        76          0          0          0          0         88   fclose.o
         8          0          0          0          0         68   ferror.o
       236          4          0          0          0        128   fopen.o
       248          6          0          0          0         84   fseek.o
        66          0          0          0          0         76   ftell.o
        94          0          0          0          0         80   h1_alloc.o
        52          0          0          0          0         68   h1_extend.o
        78          0          0          0          0         80   h1_free.o
        14          0          0          0          0         84   h1_init.o
         6          0          0          0          0        152   heapauxi.o
         4          0          0          0          0        136   hguard.o
         0          0          0          0          0          0   indicate_semi.o
       138          0          0          0          0        168   init_alloc.o
       312         46          0          0          0        112   initio.o
         2          0          0          0          0          0   libinit.o
        18          0          0          0          0          0   libinit2.o
         2          0          0          0          0          0   libshutdown.o
         6          0          0          0          0          0   libshutdown2.o
         8          4          0          0         96         68   libspace.o
       238          0          0          0          0        100   lludivv7m.o
         0          0          0          0          0          0   maybetermalloc1.o
        24          4          0          0          0         84   noretval__2printf.o
         8          4          0          0          0         68   rt_errno_addr_intlibspace.o
         8          4          0          0          0         68   rt_heap_descriptor_intlibspace.o
        78          0          0          0          0         80   rt_memclr_w.o
         2          0          0          0          0          0   rtexit.o
        10          0          0          0          0          0   rtexit2.o
        70          0          0          0          0         80   setvbuf.o
       240          6          0          0          0        156   stdio.o
         0          0          0         12        252          0   stdio_streams.o
       128          0          0          0          0         68   strcmpv7m.o
        12          4          0          0          0         68   sys_exit.o
        74          0          0          0          0         80   sys_stackheap_outer.o
        14          0          0          0          0         76   sys_wrch.o
         2          0          0          0          0         68   use_no_semi.o
        10          0          0          0          0        116   fpinit.o

    ----------------------------------------------------------------------
      3130        200         43         12        348       3556   Library Totals
        10          0          3          0          0          0   (incl. Padding)

    ----------------------------------------------------------------------

      Code (inc. data)   RO Data    RW Data    ZI Data      Debug   Library Name

      3110        200         40         12        348       3440   c_w.l
        10          0          0          0          0        116   fz_wm.l

    ----------------------------------------------------------------------
      3130        200         43         12        348       3556   Library Totals

    ----------------------------------------------------------------------

==============================================================================


      Code (inc. data)   RO Data    RW Data    ZI Data      Debug   

      9826        700        514         28       2036     756847   Grand Totals
      9826        700        514         28       2036     756847   ELF Image Totals
      9826        700        514         28          0          0   ROM Totals

==============================================================================

    Total RO  Size (Code + RO Data)                10340 (  10.10kB)
    Total RW  Size (RW Data + ZI Data)              2064 (   2.02kB)
    Total ROM Size (Code + RO Data + RW Data)      10368 (  10.13kB)

==============================================================================

